[1/3] 모델 로드
/home/sun4208/miniconda3/envs/video_policy/lib/python3.10/site-packages/lightning_fabric/__init__.py:36: UserWarning: pkg_resources is deprecated as an API. See https://setuptools.pypa.io/en/latest/pkg_resources.html. The pkg_resources package is slated for removal as early as 2025-11-30. Refrain from using this package or pin to Setuptools<81.
  __import__("pkg_resources").declare_namespace(__name__)
/home/sun4208/miniconda3/envs/video_policy/lib/python3.10/site-packages/transformers/utils/generic.py:339: FutureWarning: `torch.utils._pytree._register_pytree_node` is deprecated. Please use `torch.utils._pytree.register_pytree_node` instead.
  _torch_pytree._register_pytree_node(
/home/sun4208/miniconda3/envs/video_policy/lib/python3.10/site-packages/transformers/utils/generic.py:339: FutureWarning: `torch.utils._pytree._register_pytree_node` is deprecated. Please use `torch.utils._pytree.register_pytree_node` instead.
  _torch_pytree._register_pytree_node(
/home/sun4208/miniconda3/envs/video_policy/lib/python3.10/site-packages/transformers/utils/generic.py:339: FutureWarning: `torch.utils._pytree._register_pytree_node` is deprecated. Please use `torch.utils._pytree.register_pytree_node` instead.
  _torch_pytree._register_pytree_node(
no module 'xformers'. Processing without...
no module 'xformers'. Processing without...
/home/sun4208/miniconda3/envs/video_policy/lib/python3.10/site-packages/torchdata/datapipes/__init__.py:18: UserWarning: 
################################################################################
WARNING!
The 'datapipes', 'dataloader2' modules are deprecated and will be removed in a
future torchdata release! Please see https://github.com/pytorch/data/issues/1196
to learn more and leave feedback.
################################################################################

  deprecation_warning()
Global seed set to 42
wandb: Tracking run with wandb version 0.28.2
wandb: W&B syncing is set to `offline` in this directory. Run `wandb online` or set WANDB_MODE=online to enable cloud syncing.
wandb: Run data is saved locally in /home/sun4208/Geo4D/bench_out/wandb/offline-run-20260823_021601-ho357en5
wandb: View this run in the terminal with `wandb leet`
wandb: WARNING Symlinked 1 file into the W&B run directory; call wandb.save again to sync new files.
Attention mode 'softmax-xformers' is not available. Falling back to native attention. This is not a problem in Pytorch >= 2.0. FYI, you are running with PyTorch version 2.11.0+cu128.
Attention mode 'softmax-xformers' is not available. Falling back to native attention. This is not a problem in Pytorch >= 2.0. FYI, you are running with PyTorch version 2.11.0+cu128.
Attention mode 'softmax-xformers' is not available. Falling back to native attention. This is not a problem in Pytorch >= 2.0. FYI, you are running with PyTorch version 2.11.0+cu128.
Attention mode 'softmax-xformers' is not available. Falling back to native attention. This is not a problem in Pytorch >= 2.0. FYI, you are running with PyTorch version 2.11.0+cu128.
Attention mode 'softmax-xformers' is not available. Falling back to native attention. This is not a problem in Pytorch >= 2.0. FYI, you are running with PyTorch version 2.11.0+cu128.
Attention mode 'softmax-xformers' is not available. Falling back to native attention. This is not a problem in Pytorch >= 2.0. FYI, you are running with PyTorch version 2.11.0+cu128.
Attention mode 'softmax-xformers' is not available. Falling back to native attention. This is not a problem in Pytorch >= 2.0. FYI, you are running with PyTorch version 2.11.0+cu128.
Attention mode 'softmax-xformers' is not available. Falling back to native attention. This is not a problem in Pytorch >= 2.0. FYI, you are running with PyTorch version 2.11.0+cu128.
Attention mode 'softmax-xformers' is not available. Falling back to native attention. This is not a problem in Pytorch >= 2.0. FYI, you are running with PyTorch version 2.11.0+cu128.
Attention mode 'softmax-xformers' is not available. Falling back to native attention. This is not a problem in Pytorch >= 2.0. FYI, you are running with PyTorch version 2.11.0+cu128.
Attention mode 'softmax-xformers' is not available. Falling back to native attention. This is not a problem in Pytorch >= 2.0. FYI, you are running with PyTorch version 2.11.0+cu128.
Attention mode 'softmax-xformers' is not available. Falling back to native attention. This is not a problem in Pytorch >= 2.0. FYI, you are running with PyTorch version 2.11.0+cu128.
Attention mode 'softmax-xformers' is not available. Falling back to native attention. This is not a problem in Pytorch >= 2.0. FYI, you are running with PyTorch version 2.11.0+cu128.
Attention mode 'softmax-xformers' is not available. Falling back to native attention. This is not a problem in Pytorch >= 2.0. FYI, you are running with PyTorch version 2.11.0+cu128.
Attention mode 'softmax-xformers' is not available. Falling back to native attention. This is not a problem in Pytorch >= 2.0. FYI, you are running with PyTorch version 2.11.0+cu128.
Attention mode 'softmax-xformers' is not available. Falling back to native attention. This is not a problem in Pytorch >= 2.0. FYI, you are running with PyTorch version 2.11.0+cu128.
VideoTransformerBlock is using checkpointing
VideoTransformerBlock is using checkpointing
VideoTransformerBlock is using checkpointing
VideoTransformerBlock is using checkpointing
VideoTransformerBlock is using checkpointing
VideoTransformerBlock is using checkpointing
VideoTransformerBlock is using checkpointing
VideoTransformerBlock is using checkpointing
VideoTransformerBlock is using checkpointing
VideoTransformerBlock is using checkpointing
VideoTransformerBlock is using checkpointing
VideoTransformerBlock is using checkpointing
VideoTransformerBlock is using checkpointing
VideoTransformerBlock is using checkpointing
VideoTransformerBlock is using checkpointing
VideoTransformerBlock is using checkpointing
conditioner_config.params.emb_models[1].params.disable_encoder_autocast: True
conditioner_config.params.emb_models[1].params.en_and_decode_n_samples_a_time: 
10
conditioner_config.params.emb_models[2].params.disable_encoder_autocast: True
conditioner_config.params.emb_models[2].params.en_and_decode_n_samples_a_time: 
10
Initialized embedder #0: FrozenOpenCLIPImagePredictionEmbedder with 683800065 params. Trainable: False
Autoencoder ckpt is None, skipping!
Autoencoder ckpt is not None...
missing_keys:
[
    'quant_conv.weight',
    'quant_conv.bias',
    'post_quant_conv.weight',
    'post_quant_conv.bias'
]
Initialized embedder #1: VideoPredictionEmbedderWithEncoder with 83653863 params. Trainable: False
Autoencoder ckpt is None, skipping!
Autoencoder ckpt is not None...
missing_keys:
[
    'quant_conv.weight',
    'quant_conv.bias',
    'post_quant_conv.weight',
    'post_quant_conv.bias'
]
WARNING:sgm.models.autoencoder:Checkpoint path is deprecated, use `checkpoint_egnine` instead
Initialized embedder #2: VideoPredictionEmbedderWithEncoder with 83653863 params. Trainable: False
Autoencoder ckpt is not None...
missing_keys:
[]
WARNING:sgm.models.autoencoder:Checkpoint path is deprecated, use `checkpoint_egnine` instead
Autoencoder ckpt is not None...
missing_keys:
[]
Restored from 
/home/sun4208/Geo4D/checkpoints/checkpoints/outputs/apple/4dgen.ckpt with 0 
missing and 0 unexpected keys
[2/3] 데이터 (RNG 고정)
/home/sun4208/4dgen/sgm/util.py:54: FutureWarning: `torch.cuda.amp.autocast(args...)` is deprecated. Please use `torch.amp.autocast('cuda', args...)` instead.
  with torch.cuda.amp.autocast(
/home/sun4208/miniconda3/envs/video_policy/lib/python3.10/site-packages/torch/_dynamo/eval_frame.py:1263: UserWarning: torch.utils.checkpoint: the use_reentrant parameter should be passed explicitly. Starting in PyTorch 2.9, calling checkpoint without use_reentrant will raise an exception. use_reentrant=False is recommended, but if you need to preserve the current default behavior, you can pass use_reentrant=True. Refer to docs for more details on the differences between the two variants.
  return fn(*args, **kwargs)
/home/sun4208/miniconda3/envs/video_policy/lib/python3.10/site-packages/torch/utils/checkpoint.py:232: UserWarning: None of the inputs have requires_grad=True. Gradients will be None
  check_backward_validity(args)
/home/sun4208/miniconda3/envs/video_policy/lib/python3.10/contextlib.py:103: FutureWarning: `torch.backends.cuda.sdp_kernel()` is deprecated. In the future, this context manager will be removed. Please see `torch.nn.attention.sdpa_kernel()` for the new context manager, with updated signature.
  self.gen = func(*args, **kwds)


Is relative traj: False

Loading replay buffer from: /home/sun4208/Geo4D/Data/replay_buffer_infer.zarr
[3/3] 측정
[T25 left ] raw 0.0803 | cond_affine 0.0716 | bg_temporal 0.0806 | oracle_global 0.0705 | oracle_frame 0.0701 | 배경비율 0.92
[T25 right] raw 0.4181 | cond_affine 0.4018 | bg_temporal 0.4286 | oracle_global 0.3792 | oracle_frame 0.3765 | 배경비율 0.93
  (246s)
[S3 left ] raw 0.1459 | cond_affine 0.0868 | bg_temporal 0.0848 | oracle_global 0.0850 | oracle_frame 0.0846 | 배경비율 0.92
[S3 right] raw 0.7676 | cond_affine 0.6156 | bg_temporal 0.6350 | oracle_global 0.4633 | oracle_frame 0.4621 | 배경비율 0.93
  (57s)

=== 프레임별 편향 진단 (data_seed 1234, 배치 10) ===

[left] 설정 | raw | cond_affine(GT불필요) | bg_temporal(GT불필요) | oracle_global | oracle_frame
   T25 | 0.0803 | 0.0716 | 0.0806 | 0.0705 | 0.0701
    S3 | 0.1459 | 0.0868 | 0.0848 | 0.0850 | 0.0846
  [S3−T25] raw +0.0655 | cond_affine +0.0152 | bg_temporal +0.0042 | oracle_global +0.0145 | oracle_frame +0.0145

[right] 설정 | raw | cond_affine(GT불필요) | bg_temporal(GT불필요) | oracle_global | oracle_frame
   T25 | 0.4181 | 0.4018 | 0.4286 | 0.3792 | 0.3765
    S3 | 0.7676 | 0.6156 | 0.6350 | 0.4633 | 0.4621
  [S3−T25] raw +0.3495 | cond_affine +0.2138 | bg_temporal +0.2064 | oracle_global +0.0841 | oracle_frame +0.0856

[오른쪽 뷰, 프레임별 오라클 a_t / b_t 와 raw AbsRel — 드리프트 확인 (배치별)]
 T25:
  b0: a_t 1.01 1.02 1.01 1.02 1.03 1.03 1.02 1.02 1.02 1.02 | b_t -0.02 -0.02 -0.02 -0.02 -0.02 -0.02 -0.02 -0.02 -0.02 -0.02 | raw_t 0.18 0.18 0.21 0.20 0.20 0.20 0.20 0.20 0.19 0.18 | cond(a,b)=(1.05,-0.04)
  b1: a_t 0.87 0.88 0.88 0.87 0.88 0.88 0.88 0.87 0.87 0.88 | b_t +0.12 +0.12 +0.11 +0.12 +0.12 +0.13 +0.13 +0.13 +0.13 +0.13 | raw_t 0.06 0.06 0.06 0.07 0.07 0.08 0.08 0.07 0.07 0.07 | cond(a,b)=(0.96,+0.03)
  b2: a_t 0.96 0.96 0.96 0.96 0.97 0.96 0.95 0.94 0.95 0.95 | b_t -0.00 +0.00 -0.00 +0.00 -0.00 +0.00 +0.00 +0.01 -0.00 +0.00 | raw_t 0.06 0.05 0.07 0.07 0.07 0.07 0.07 0.07 0.07 0.06 | cond(a,b)=(0.98,-0.02)
  b3: a_t 1.03 1.02 1.02 1.02 1.02 1.02 1.02 1.03 1.02 1.03 | b_t -0.00 -0.00 -0.00 -0.00 -0.00 +0.00 +0.00 -0.01 -0.01 -0.00 | raw_t 0.06 0.08 0.06 0.06 0.06 0.07 0.07 0.10 0.12 0.10 | cond(a,b)=(1.02,-0.00)
  b4: a_t 1.00 1.00 1.00 1.00 1.01 1.00 1.00 1.00 1.00 1.00 | b_t +0.01 +0.01 +0.01 +0.01 +0.01 +0.02 +0.02 +0.01 +0.01 +0.02 | raw_t 0.07 0.08 0.07 0.10 0.10 0.07 0.09 0.08 0.08 0.08 | cond(a,b)=(1.00,+0.02)
  b5: a_t 1.12 1.13 1.10 1.19 1.13 1.15 1.13 1.09 1.05 1.05 | b_t +0.03 +0.03 +0.03 +0.03 +0.03 +0.03 +0.03 +0.03 +0.03 +0.04 | raw_t 0.23 0.30 0.30 0.25 0.25 0.31 0.39 0.37 0.34 0.38 | cond(a,b)=(0.99,+0.05)
  b6: a_t 0.97 0.97 0.96 0.97 0.97 0.97 0.97 0.97 0.97 0.97 | b_t -0.00 -0.00 -0.00 -0.00 -0.00 +0.00 -0.00 -0.00 -0.00 +0.00 | raw_t 0.05 0.06 0.06 0.06 0.05 0.05 0.05 0.06 0.06 0.06 | cond(a,b)=(0.97,-0.00)
  b7: a_t 0.93 0.93 0.93 0.92 0.93 0.93 0.93 0.93 0.93 0.93 | b_t +0.12 +0.12 +0.12 +0.13 +0.12 +0.13 +0.13 +0.12 +0.12 +0.12 | raw_t 0.10 0.11 0.09 0.10 0.10 0.10 0.10 0.10 0.10 0.11 | cond(a,b)=(0.96,+0.10)
  b8: a_t 1.02 1.01 1.01 1.02 1.02 1.02 1.02 1.02 1.02 1.02 | b_t -0.00 -0.00 -0.00 +0.00 +0.00 +0.00 -0.00 -0.00 -0.00 +0.00 | raw_t 2.39 2.62 2.12 2.37 2.74 2.90 2.93 2.95 2.89 4.55 | cond(a,b)=(1.01,+0.00)
  b9: a_t 1.05 1.03 1.02 1.00 1.01 1.03 1.00 1.01 0.99 0.99 | b_t -0.04 -0.03 -0.03 -0.01 -0.02 -0.02 -0.01 -0.02 -0.01 -0.01 | raw_t 0.51 0.42 0.42 0.27 0.29 0.41 0.37 0.46 0.42 0.36 | cond(a,b)=(1.01,-0.00)
 S3:
  b0: a_t 0.85 0.88 0.87 0.85 0.87 0.83 0.86 0.87 0.87 0.88 | b_t +0.05 +0.03 +0.04 +0.05 +0.04 +0.07 +0.05 +0.04 +0.05 +0.04 | raw_t 0.33 0.34 0.36 0.37 0.32 0.36 0.32 0.32 0.33 0.32 | cond(a,b)=(0.97,-0.10)
  b1: a_t 0.63 0.63 0.64 0.63 0.63 0.62 0.64 0.64 0.63 0.65 | b_t +0.27 +0.27 +0.26 +0.26 +0.25 +0.27 +0.26 +0.26 +0.26 +0.25 | raw_t 0.18 0.18 0.17 0.18 0.18 0.19 0.18 0.18 0.18 0.17 | cond(a,b)=(0.80,+0.04)
  b2: a_t 0.73 0.72 0.75 0.72 0.72 0.73 0.73 0.70 0.70 0.68 | b_t +0.10 +0.11 +0.09 +0.10 +0.10 +0.09 +0.08 +0.10 +0.09 +0.10 | raw_t 0.18 0.18 0.17 0.19 0.20 0.19 0.19 0.20 0.22 0.23 | cond(a,b)=(0.78,+0.03)
  b3: a_t 0.88 0.89 0.89 0.89 0.89 0.88 0.89 0.89 0.89 0.89 | b_t -0.04 -0.04 -0.03 -0.04 -0.05 -0.03 -0.04 -0.04 -0.04 -0.04 | raw_t 0.33 0.32 0.28 0.27 0.28 0.27 0.27 0.28 0.31 0.30 | cond(a,b)=(0.87,-0.03)
  b4: a_t 0.80 0.82 0.82 0.82 0.82 0.82 0.82 0.82 0.82 0.82 | b_t +0.09 +0.08 +0.08 +0.08 +0.08 +0.08 +0.08 +0.08 +0.08 +0.08 | raw_t 0.17 0.15 0.16 0.17 0.17 0.18 0.17 0.17 0.17 0.16 | cond(a,b)=(0.87,+0.02)
  b5: a_t 0.86 0.86 0.85 0.87 0.87 0.85 0.85 0.86 0.85 0.85 | b_t +0.08 +0.08 +0.08 +0.08 +0.08 +0.08 +0.08 +0.08 +0.08 +0.08 | raw_t 0.45 0.44 0.48 0.47 0.47 0.54 0.59 0.60 0.57 0.63 | cond(a,b)=(0.89,+0.02)
  b6: a_t 0.78 0.79 0.79 0.79 0.79 0.78 0.79 0.79 0.79 0.79 | b_t -0.01 -0.01 -0.01 -0.01 -0.02 -0.00 -0.02 -0.02 -0.02 -0.02 | raw_t 0.32 0.30 0.30 0.30 0.32 0.30 0.31 0.33 0.34 0.33 | cond(a,b)=(0.78,-0.01)
  b7: a_t 0.68 0.66 0.66 0.66 0.66 0.68 0.68 0.68 0.68 0.68 | b_t +0.31 +0.33 +0.35 +0.35 +0.33 +0.31 +0.31 +0.30 +0.31 +0.31 | raw_t 0.19 0.20 0.20 0.20 0.20 0.20 0.20 0.19 0.19 0.20 | cond(a,b)=(0.80,+0.17)
  b8: a_t 0.85 0.86 0.86 0.86 0.86 0.86 0.86 0.86 0.86 0.86 | b_t -0.01 -0.01 -0.01 -0.01 -0.01 -0.01 -0.01 -0.01 -0.01 -0.01 | raw_t 3.33 4.25 3.28 3.51 4.24 4.22 3.67 3.84 3.76 5.72 | cond(a,b)=(0.86,-0.02)
  b9: a_t 0.89 0.92 0.84 0.85 0.85 0.90 0.80 0.81 0.93 0.92 | b_t -0.07 -0.08 -0.07 -0.08 -0.08 -0.08 -0.08 -0.09 -0.10 -0.09 | raw_t 1.38 1.44 1.38 1.43 1.51 1.44 1.55 1.63 1.60 1.55 | cond(a,b)=(0.89,-0.04)

판정: oracle_frame이 oracle_global보다 뚜렷이 낮으면 프레임별(시간 가변) 전역 편향. bg_temporal이 oracle_frame에 근접하면 '정적 배경 시간 앵커'가 GT 없이 해결.

저장: ~/Geo4D/bench_out/frame_diag.txt
[1;34mwandb[0m: 
[1;34mwandb[0m: You can sync this run to the cloud by running:
[1;34mwandb[0m: [1mwandb sync /home/sun4208/Geo4D/bench_out/wandb/offline-run-20260823_021601-ho357en5[0m
[1;34mwandb[0m: Find logs at: [1;35m../Geo4D/bench_out/wandb/offline-run-20260823_021601-ho357en5/logs[0m
FRAME_DIAG_DONE
