[1/3] 모델·LPIPS 로드
/home/sun4208/miniconda3/envs/video_policy/lib/python3.10/site-packages/lightning_fabric/__init__.py:36: UserWarning: pkg_resources is deprecated as an API. See https://setuptools.pypa.io/en/latest/pkg_resources.html. The pkg_resources package is slated for removal as early as 2025-11-30. Refrain from using this package or pin to Setuptools<81.
  __import__("pkg_resources").declare_namespace(__name__)
/home/sun4208/miniconda3/envs/video_policy/lib/python3.10/site-packages/transformers/utils/generic.py:339: FutureWarning: `torch.utils._pytree._register_pytree_node` is deprecated. Please use `torch.utils._pytree.register_pytree_node` instead.
  _torch_pytree._register_pytree_node(
/home/sun4208/miniconda3/envs/video_policy/lib/python3.10/site-packages/transformers/utils/generic.py:339: FutureWarning: `torch.utils._pytree._register_pytree_node` is deprecated. Please use `torch.utils._pytree.register_pytree_node` instead.
  _torch_pytree._register_pytree_node(
/home/sun4208/miniconda3/envs/video_policy/lib/python3.10/site-packages/transformers/utils/generic.py:339: FutureWarning: `torch.utils._pytree._register_pytree_node` is deprecated. Please use `torch.utils._pytree.register_pytree_node` instead.
  _torch_pytree._register_pytree_node(
no module 'xformers'. Processing without...
no module 'xformers'. Processing without...
/home/sun4208/miniconda3/envs/video_policy/lib/python3.10/site-packages/torchdata/datapipes/__init__.py:18: UserWarning: 
################################################################################
WARNING!
The 'datapipes', 'dataloader2' modules are deprecated and will be removed in a
future torchdata release! Please see https://github.com/pytorch/data/issues/1196
to learn more and leave feedback.
################################################################################

  deprecation_warning()
Global seed set to 42
wandb: Tracking run with wandb version 0.28.2
wandb: W&B syncing is set to `offline` in this directory. Run `wandb online` or set WANDB_MODE=online to enable cloud syncing.
wandb: Run data is saved locally in /home/sun4208/Geo4D/bench_out/wandb/offline-run-20260823_143809-x5q0i0rc
wandb: View this run in the terminal with `wandb leet`
wandb: WARNING Symlinked 1 file into the W&B run directory; call wandb.save again to sync new files.
Attention mode 'softmax-xformers' is not available. Falling back to native attention. This is not a problem in Pytorch >= 2.0. FYI, you are running with PyTorch version 2.11.0+cu128.
Attention mode 'softmax-xformers' is not available. Falling back to native attention. This is not a problem in Pytorch >= 2.0. FYI, you are running with PyTorch version 2.11.0+cu128.
Attention mode 'softmax-xformers' is not available. Falling back to native attention. This is not a problem in Pytorch >= 2.0. FYI, you are running with PyTorch version 2.11.0+cu128.
Attention mode 'softmax-xformers' is not available. Falling back to native attention. This is not a problem in Pytorch >= 2.0. FYI, you are running with PyTorch version 2.11.0+cu128.
Attention mode 'softmax-xformers' is not available. Falling back to native attention. This is not a problem in Pytorch >= 2.0. FYI, you are running with PyTorch version 2.11.0+cu128.
Attention mode 'softmax-xformers' is not available. Falling back to native attention. This is not a problem in Pytorch >= 2.0. FYI, you are running with PyTorch version 2.11.0+cu128.
Attention mode 'softmax-xformers' is not available. Falling back to native attention. This is not a problem in Pytorch >= 2.0. FYI, you are running with PyTorch version 2.11.0+cu128.
Attention mode 'softmax-xformers' is not available. Falling back to native attention. This is not a problem in Pytorch >= 2.0. FYI, you are running with PyTorch version 2.11.0+cu128.
Attention mode 'softmax-xformers' is not available. Falling back to native attention. This is not a problem in Pytorch >= 2.0. FYI, you are running with PyTorch version 2.11.0+cu128.
Attention mode 'softmax-xformers' is not available. Falling back to native attention. This is not a problem in Pytorch >= 2.0. FYI, you are running with PyTorch version 2.11.0+cu128.
Attention mode 'softmax-xformers' is not available. Falling back to native attention. This is not a problem in Pytorch >= 2.0. FYI, you are running with PyTorch version 2.11.0+cu128.
Attention mode 'softmax-xformers' is not available. Falling back to native attention. This is not a problem in Pytorch >= 2.0. FYI, you are running with PyTorch version 2.11.0+cu128.
Attention mode 'softmax-xformers' is not available. Falling back to native attention. This is not a problem in Pytorch >= 2.0. FYI, you are running with PyTorch version 2.11.0+cu128.
Attention mode 'softmax-xformers' is not available. Falling back to native attention. This is not a problem in Pytorch >= 2.0. FYI, you are running with PyTorch version 2.11.0+cu128.
Attention mode 'softmax-xformers' is not available. Falling back to native attention. This is not a problem in Pytorch >= 2.0. FYI, you are running with PyTorch version 2.11.0+cu128.
Attention mode 'softmax-xformers' is not available. Falling back to native attention. This is not a problem in Pytorch >= 2.0. FYI, you are running with PyTorch version 2.11.0+cu128.
VideoTransformerBlock is using checkpointing
VideoTransformerBlock is using checkpointing
VideoTransformerBlock is using checkpointing
VideoTransformerBlock is using checkpointing
VideoTransformerBlock is using checkpointing
VideoTransformerBlock is using checkpointing
VideoTransformerBlock is using checkpointing
VideoTransformerBlock is using checkpointing
VideoTransformerBlock is using checkpointing
VideoTransformerBlock is using checkpointing
VideoTransformerBlock is using checkpointing
VideoTransformerBlock is using checkpointing
VideoTransformerBlock is using checkpointing
VideoTransformerBlock is using checkpointing
VideoTransformerBlock is using checkpointing
VideoTransformerBlock is using checkpointing
conditioner_config.params.emb_models[1].params.disable_encoder_autocast: True
conditioner_config.params.emb_models[1].params.en_and_decode_n_samples_a_time: 
10
conditioner_config.params.emb_models[2].params.disable_encoder_autocast: True
conditioner_config.params.emb_models[2].params.en_and_decode_n_samples_a_time: 
10
Initialized embedder #0: FrozenOpenCLIPImagePredictionEmbedder with 683800065 params. Trainable: False
Autoencoder ckpt is None, skipping!
Autoencoder ckpt is not None...
missing_keys:
[
    'quant_conv.weight',
    'quant_conv.bias',
    'post_quant_conv.weight',
    'post_quant_conv.bias'
]
Initialized embedder #1: VideoPredictionEmbedderWithEncoder with 83653863 params. Trainable: False
Autoencoder ckpt is None, skipping!
Autoencoder ckpt is not None...
missing_keys:
[
    'quant_conv.weight',
    'quant_conv.bias',
    'post_quant_conv.weight',
    'post_quant_conv.bias'
]
WARNING:sgm.models.autoencoder:Checkpoint path is deprecated, use `checkpoint_egnine` instead
Initialized embedder #2: VideoPredictionEmbedderWithEncoder with 83653863 params. Trainable: False
Autoencoder ckpt is not None...
missing_keys:
[]
WARNING:sgm.models.autoencoder:Checkpoint path is deprecated, use `checkpoint_egnine` instead
Autoencoder ckpt is not None...
missing_keys:
[]
Restored from 
/home/sun4208/Geo4D/checkpoints/checkpoints/outputs/apple/4dgen.ckpt with 0 
missing and 0 unexpected keys
/home/sun4208/miniconda3/envs/video_policy/lib/python3.10/site-packages/torchvision/models/_utils.py:208: UserWarning: The parameter 'pretrained' is deprecated since 0.13 and may be removed in the future, please use 'weights' instead.
  warnings.warn(
/home/sun4208/miniconda3/envs/video_policy/lib/python3.10/site-packages/torchvision/models/_utils.py:223: UserWarning: Arguments other than a weight enum or `None` for 'weights' are deprecated since 0.13 and may be removed in the future. The current behavior is equivalent to passing `weights=AlexNet_Weights.IMAGENET1K_V1`. You can also use `weights=AlexNet_Weights.DEFAULT` to get the most up-to-date weights.
  warnings.warn(msg)
Setting up [LPIPS] perceptual loss: trunk [alex], v[0.1], spatial [off]
Loading model from: /home/sun4208/miniconda3/envs/video_policy/lib/python3.10/site-packages/lpips/weights/v0.1/alex.pth
[2/3] 데이터
/home/sun4208/4dgen/sgm/util.py:54: FutureWarning: `torch.cuda.amp.autocast(args...)` is deprecated. Please use `torch.amp.autocast('cuda', args...)` instead.
  with torch.cuda.amp.autocast(
/home/sun4208/miniconda3/envs/video_policy/lib/python3.10/site-packages/torch/_dynamo/eval_frame.py:1263: UserWarning: torch.utils.checkpoint: the use_reentrant parameter should be passed explicitly. Starting in PyTorch 2.9, calling checkpoint without use_reentrant will raise an exception. use_reentrant=False is recommended, but if you need to preserve the current default behavior, you can pass use_reentrant=True. Refer to docs for more details on the differences between the two variants.
  return fn(*args, **kwargs)
/home/sun4208/miniconda3/envs/video_policy/lib/python3.10/site-packages/torch/utils/checkpoint.py:232: UserWarning: None of the inputs have requires_grad=True. Gradients will be None
  check_backward_validity(args)
/home/sun4208/miniconda3/envs/video_policy/lib/python3.10/contextlib.py:103: FutureWarning: `torch.backends.cuda.sdp_kernel()` is deprecated. In the future, this context manager will be removed. Please see `torch.nn.attention.sdpa_kernel()` for the new context manager, with updated signature.
  self.gen = func(*args, **kwds)


Is relative traj: False

Loading replay buffer from: /home/sun4208/Geo4D/Data/replay_buffer_infer.zarr
[3/3] 측정
[T25] 24.9s/생성 | PSNR 20.62 | AbsRel 0.0664 (L 0.0673 / R 0.0655) | LPIPS 0.1179 | 선명도 0.01340 (GT 0.02137) | CV 0.1694 | 다양성 0.02271
[S3b] 4.4s/생성 | PSNR 20.43 | AbsRel 0.0819 (L 0.0759 / R 0.0878) | LPIPS 0.1357 | 선명도 0.01362 (GT 0.02137) | CV 0.1372 | 다양성 0.02242
[S1b] 3.9s/생성 | PSNR 20.56 | AbsRel 0.1161 (L 0.1187 / R 0.1134) | LPIPS 0.1766 | 선명도 0.01065 (GT 0.02137) | CV 0.1650 | 다양성 0.01167

=== 정밀 분석 — paired 비교 (data_seed 1234, 배치 20 = 뷰 샘플 40, 다양성 배치 3×시드 4) ===
student: dmd_gen_step1600.pt | GT 선명도 0.02137

[평균] 설정 | s/생성 | PSNR^ | AbsRel v (L/R) | LPIPS v | 선명도 | CV-Chamfer v | 시드 다양성  (AbsRel: 오른쪽 GT 가짜 픽셀 제외)
 T25 |  24.9 | 20.62 | 0.0664 (L 0.0673/R 0.0655) | 0.1179 | 0.01340 | 0.1694 | 0.02271
 S3b |   4.4 | 20.43 | 0.0819 (L 0.0759/R 0.0878) | 0.1357 | 0.01362 | 0.1372 | 0.02242
 S1b |   3.9 | 20.56 | 0.1161 (L 0.1187/R 0.1134) | 0.1766 | 0.01065 | 0.1650 | 0.01167

[paired: X − T25, 샘플별 차이] 지표 | 설정 | 평균차 ± std | X가 나은 샘플 비율 | Wilcoxon p
  PSNR |  S3b | -0.1896 ± 0.5670 |  27.5% | 0.027
  PSNR |  S1b | -0.0588 ± 0.7755 |  55.0% | 0.717
AbsRel |  S3b | +0.0155 ± 0.0211 |  22.5% | 0.000
AbsRel |  S1b | +0.0497 ± 0.0227 |   0.0% | 0.000
 LPIPS |  S3b | +0.0177 ± 0.0090 |   2.5% | 0.000
 LPIPS |  S1b | +0.0587 ± 0.0157 |   0.0% | 0.000
 sharp |  S3b | +0.0002 ± 0.0010 |  55.0% | 0.468
 sharp |  S1b | -0.0027 ± 0.0013 |   0.0% | 0.000
    CV |  S3b | -0.0321 ± 0.0505 |  65.0% | 0.014
    CV |  S1b | -0.0044 ± 0.0365 |  55.0% | 0.452
   div |  S3b | -0.0003 ± 0.0027 |  50.0% | 0.844
   div |  S1b | -0.0110 ± 0.0022 |   0.0% | 0.031

[샘플별 AbsRel] batch/view | T25 | S3b | S1b
0/l | 0.068 | 0.091 | 0.144
0/r | 0.094 | 0.117 | 0.133
1/l | 0.133 | 0.127 | 0.188
1/r | 0.035 | 0.058 | 0.118
2/l | 0.173 | 0.130 | 0.188
2/r | 0.067 | 0.072 | 0.094
3/l | 0.049 | 0.099 | 0.142
3/r | 0.079 | 0.136 | 0.157
4/l | 0.064 | 0.072 | 0.127
4/r | 0.076 | 0.105 | 0.111
5/l | 0.049 | 0.059 | 0.097
5/r | 0.073 | 0.063 | 0.080
6/l | 0.101 | 0.083 | 0.162
6/r | 0.055 | 0.089 | 0.143
7/l | 0.050 | 0.071 | 0.101
7/r | 0.066 | 0.083 | 0.074
8/l | 0.070 | 0.069 | 0.119
8/r | 0.047 | 0.053 | 0.089
9/l | 0.047 | 0.075 | 0.113
9/r | 0.053 | 0.083 | 0.135
10/l | 0.046 | 0.057 | 0.087
10/r | 0.038 | 0.093 | 0.118
11/l | 0.091 | 0.107 | 0.125
11/r | 0.100 | 0.166 | 0.178
12/l | 0.037 | 0.050 | 0.084
12/r | 0.071 | 0.069 | 0.102
13/l | 0.039 | 0.052 | 0.086
13/r | 0.047 | 0.053 | 0.075
14/l | 0.067 | 0.090 | 0.146
14/r | 0.086 | 0.111 | 0.159
15/l | 0.044 | 0.054 | 0.090
15/r | 0.079 | 0.082 | 0.109
16/l | 0.046 | 0.064 | 0.092
16/r | 0.072 | 0.070 | 0.090
17/l | 0.046 | 0.057 | 0.094
17/r | 0.072 | 0.080 | 0.096
18/l | 0.060 | 0.057 | 0.092
18/r | 0.032 | 0.081 | 0.101
19/l | 0.066 | 0.055 | 0.098
19/r | 0.068 | 0.092 | 0.106

해석 가이드: S3가 T25 대비 PSNR·LPIPS·선명도·다양성은 동급(p>0.05 또는 개선)인데 AbsRel만 유의하게 나쁘면 '픽셀 복원, 기하 미달'이 샘플 수준에서 확정.

저장: ~/Geo4D/bench_out/precise_6a_main20_fast.txt
[1;34mwandb[0m: 
[1;34mwandb[0m: You can sync this run to the cloud by running:
[1;34mwandb[0m: [1mwandb sync /home/sun4208/Geo4D/bench_out/wandb/offline-run-20260823_143809-x5q0i0rc[0m
[1;34mwandb[0m: Find logs at: [1;35m../Geo4D/bench_out/wandb/offline-run-20260823_143809-x5q0i0rc/logs[0m
MAIN20FAST_DONE
