[1/3] 모델·LPIPS 로드
/home/sun4208/miniconda3/envs/video_policy/lib/python3.10/site-packages/lightning_fabric/__init__.py:36: UserWarning: pkg_resources is deprecated as an API. See https://setuptools.pypa.io/en/latest/pkg_resources.html. The pkg_resources package is slated for removal as early as 2025-11-30. Refrain from using this package or pin to Setuptools<81.
  __import__("pkg_resources").declare_namespace(__name__)
/home/sun4208/miniconda3/envs/video_policy/lib/python3.10/site-packages/transformers/utils/generic.py:339: FutureWarning: `torch.utils._pytree._register_pytree_node` is deprecated. Please use `torch.utils._pytree.register_pytree_node` instead.
  _torch_pytree._register_pytree_node(
/home/sun4208/miniconda3/envs/video_policy/lib/python3.10/site-packages/transformers/utils/generic.py:339: FutureWarning: `torch.utils._pytree._register_pytree_node` is deprecated. Please use `torch.utils._pytree.register_pytree_node` instead.
  _torch_pytree._register_pytree_node(
/home/sun4208/miniconda3/envs/video_policy/lib/python3.10/site-packages/transformers/utils/generic.py:339: FutureWarning: `torch.utils._pytree._register_pytree_node` is deprecated. Please use `torch.utils._pytree.register_pytree_node` instead.
  _torch_pytree._register_pytree_node(
no module 'xformers'. Processing without...
no module 'xformers'. Processing without...
/home/sun4208/miniconda3/envs/video_policy/lib/python3.10/site-packages/torchdata/datapipes/__init__.py:18: UserWarning: 
################################################################################
WARNING!
The 'datapipes', 'dataloader2' modules are deprecated and will be removed in a
future torchdata release! Please see https://github.com/pytorch/data/issues/1196
to learn more and leave feedback.
################################################################################

  deprecation_warning()
Global seed set to 42
wandb: Tracking run with wandb version 0.28.2
wandb: W&B syncing is set to `offline` in this directory. Run `wandb online` or set WANDB_MODE=online to enable cloud syncing.
wandb: Run data is saved locally in /home/sun4208/Geo4D/bench_out/wandb/offline-run-20260823_162228-vpx3f4g2
wandb: View this run in the terminal with `wandb leet`
wandb: WARNING Symlinked 1 file into the W&B run directory; call wandb.save again to sync new files.
Attention mode 'softmax-xformers' is not available. Falling back to native attention. This is not a problem in Pytorch >= 2.0. FYI, you are running with PyTorch version 2.11.0+cu128.
Attention mode 'softmax-xformers' is not available. Falling back to native attention. This is not a problem in Pytorch >= 2.0. FYI, you are running with PyTorch version 2.11.0+cu128.
Attention mode 'softmax-xformers' is not available. Falling back to native attention. This is not a problem in Pytorch >= 2.0. FYI, you are running with PyTorch version 2.11.0+cu128.
Attention mode 'softmax-xformers' is not available. Falling back to native attention. This is not a problem in Pytorch >= 2.0. FYI, you are running with PyTorch version 2.11.0+cu128.
Attention mode 'softmax-xformers' is not available. Falling back to native attention. This is not a problem in Pytorch >= 2.0. FYI, you are running with PyTorch version 2.11.0+cu128.
Attention mode 'softmax-xformers' is not available. Falling back to native attention. This is not a problem in Pytorch >= 2.0. FYI, you are running with PyTorch version 2.11.0+cu128.
Attention mode 'softmax-xformers' is not available. Falling back to native attention. This is not a problem in Pytorch >= 2.0. FYI, you are running with PyTorch version 2.11.0+cu128.
Attention mode 'softmax-xformers' is not available. Falling back to native attention. This is not a problem in Pytorch >= 2.0. FYI, you are running with PyTorch version 2.11.0+cu128.
Attention mode 'softmax-xformers' is not available. Falling back to native attention. This is not a problem in Pytorch >= 2.0. FYI, you are running with PyTorch version 2.11.0+cu128.
Attention mode 'softmax-xformers' is not available. Falling back to native attention. This is not a problem in Pytorch >= 2.0. FYI, you are running with PyTorch version 2.11.0+cu128.
Attention mode 'softmax-xformers' is not available. Falling back to native attention. This is not a problem in Pytorch >= 2.0. FYI, you are running with PyTorch version 2.11.0+cu128.
Attention mode 'softmax-xformers' is not available. Falling back to native attention. This is not a problem in Pytorch >= 2.0. FYI, you are running with PyTorch version 2.11.0+cu128.
Attention mode 'softmax-xformers' is not available. Falling back to native attention. This is not a problem in Pytorch >= 2.0. FYI, you are running with PyTorch version 2.11.0+cu128.
Attention mode 'softmax-xformers' is not available. Falling back to native attention. This is not a problem in Pytorch >= 2.0. FYI, you are running with PyTorch version 2.11.0+cu128.
Attention mode 'softmax-xformers' is not available. Falling back to native attention. This is not a problem in Pytorch >= 2.0. FYI, you are running with PyTorch version 2.11.0+cu128.
Attention mode 'softmax-xformers' is not available. Falling back to native attention. This is not a problem in Pytorch >= 2.0. FYI, you are running with PyTorch version 2.11.0+cu128.
VideoTransformerBlock is using checkpointing
VideoTransformerBlock is using checkpointing
VideoTransformerBlock is using checkpointing
VideoTransformerBlock is using checkpointing
VideoTransformerBlock is using checkpointing
VideoTransformerBlock is using checkpointing
VideoTransformerBlock is using checkpointing
VideoTransformerBlock is using checkpointing
VideoTransformerBlock is using checkpointing
VideoTransformerBlock is using checkpointing
VideoTransformerBlock is using checkpointing
VideoTransformerBlock is using checkpointing
VideoTransformerBlock is using checkpointing
VideoTransformerBlock is using checkpointing
VideoTransformerBlock is using checkpointing
VideoTransformerBlock is using checkpointing
conditioner_config.params.emb_models[1].params.disable_encoder_autocast: True
conditioner_config.params.emb_models[1].params.en_and_decode_n_samples_a_time: 
10
conditioner_config.params.emb_models[2].params.disable_encoder_autocast: True
conditioner_config.params.emb_models[2].params.en_and_decode_n_samples_a_time: 
10
Initialized embedder #0: FrozenOpenCLIPImagePredictionEmbedder with 683800065 params. Trainable: False
Autoencoder ckpt is None, skipping!
Autoencoder ckpt is not None...
missing_keys:
[
    'quant_conv.weight',
    'quant_conv.bias',
    'post_quant_conv.weight',
    'post_quant_conv.bias'
]
Initialized embedder #1: VideoPredictionEmbedderWithEncoder with 83653863 params. Trainable: False
Autoencoder ckpt is None, skipping!
Autoencoder ckpt is not None...
missing_keys:
[
    'quant_conv.weight',
    'quant_conv.bias',
    'post_quant_conv.weight',
    'post_quant_conv.bias'
]
WARNING:sgm.models.autoencoder:Checkpoint path is deprecated, use `checkpoint_egnine` instead
Initialized embedder #2: VideoPredictionEmbedderWithEncoder with 83653863 params. Trainable: False
Autoencoder ckpt is not None...
missing_keys:
[]
WARNING:sgm.models.autoencoder:Checkpoint path is deprecated, use `checkpoint_egnine` instead
Autoencoder ckpt is not None...
missing_keys:
[]
Restored from 
/home/sun4208/Geo4D/checkpoints/checkpoints/outputs/apple/4dgen.ckpt with 0 
missing and 0 unexpected keys
/home/sun4208/miniconda3/envs/video_policy/lib/python3.10/site-packages/torchvision/models/_utils.py:208: UserWarning: The parameter 'pretrained' is deprecated since 0.13 and may be removed in the future, please use 'weights' instead.
  warnings.warn(
/home/sun4208/miniconda3/envs/video_policy/lib/python3.10/site-packages/torchvision/models/_utils.py:223: UserWarning: Arguments other than a weight enum or `None` for 'weights' are deprecated since 0.13 and may be removed in the future. The current behavior is equivalent to passing `weights=AlexNet_Weights.IMAGENET1K_V1`. You can also use `weights=AlexNet_Weights.DEFAULT` to get the most up-to-date weights.
  warnings.warn(msg)
Setting up [LPIPS] perceptual loss: trunk [alex], v[0.1], spatial [off]
Loading model from: /home/sun4208/miniconda3/envs/video_policy/lib/python3.10/site-packages/lpips/weights/v0.1/alex.pth
[2/3] 데이터
/home/sun4208/4dgen/sgm/util.py:54: FutureWarning: `torch.cuda.amp.autocast(args...)` is deprecated. Please use `torch.amp.autocast('cuda', args...)` instead.
  with torch.cuda.amp.autocast(
/home/sun4208/miniconda3/envs/video_policy/lib/python3.10/site-packages/torch/_dynamo/eval_frame.py:1263: UserWarning: torch.utils.checkpoint: the use_reentrant parameter should be passed explicitly. Starting in PyTorch 2.9, calling checkpoint without use_reentrant will raise an exception. use_reentrant=False is recommended, but if you need to preserve the current default behavior, you can pass use_reentrant=True. Refer to docs for more details on the differences between the two variants.
  return fn(*args, **kwargs)
/home/sun4208/miniconda3/envs/video_policy/lib/python3.10/site-packages/torch/utils/checkpoint.py:232: UserWarning: None of the inputs have requires_grad=True. Gradients will be None
  check_backward_validity(args)
/home/sun4208/miniconda3/envs/video_policy/lib/python3.10/contextlib.py:103: FutureWarning: `torch.backends.cuda.sdp_kernel()` is deprecated. In the future, this context manager will be removed. Please see `torch.nn.attention.sdpa_kernel()` for the new context manager, with updated signature.
  self.gen = func(*args, **kwds)


Is relative traj: False

Loading replay buffer from: /home/sun4208/Geo4D/Data/replay_buffer_infer.zarr
[3/3] 측정
  [compile] UNet torch.compile 적용 (VAE 디코더는 제외)
/home/sun4208/miniconda3/envs/video_policy/lib/python3.10/contextlib.py:103: FutureWarning: `torch.backends.cuda.sdp_kernel()` is deprecated. In the future, this context manager will be removed. Please see `torch.nn.attention.sdpa_kernel()` for the new context manager, with updated signature.
  self.gen = func(*args, **kwds)
/home/sun4208/miniconda3/envs/video_policy/lib/python3.10/contextlib.py:103: FutureWarning: `torch.backends.cuda.sdp_kernel()` is deprecated. In the future, this context manager will be removed. Please see `torch.nn.attention.sdpa_kernel()` for the new context manager, with updated signature.
  self.gen = func(*args, **kwds)
/home/sun4208/miniconda3/envs/video_policy/lib/python3.10/contextlib.py:103: FutureWarning: `torch.backends.cuda.sdp_kernel()` is deprecated. In the future, this context manager will be removed. Please see `torch.nn.attention.sdpa_kernel()` for the new context manager, with updated signature.
  self.gen = func(*args, **kwds)
/home/sun4208/miniconda3/envs/video_policy/lib/python3.10/site-packages/torch/_dynamo/eval_frame.py:1263: UserWarning: torch.utils.checkpoint: the use_reentrant parameter should be passed explicitly. Starting in PyTorch 2.9, calling checkpoint without use_reentrant will raise an exception. use_reentrant=False is recommended, but if you need to preserve the current default behavior, you can pass use_reentrant=True. Refer to docs for more details on the differences between the two variants.
  return fn(*args, **kwargs)
/home/sun4208/miniconda3/envs/video_policy/lib/python3.10/site-packages/torch/utils/checkpoint.py:232: UserWarning: None of the inputs have requires_grad=True. Gradients will be None
  check_backward_validity(args)
/home/sun4208/miniconda3/envs/video_policy/lib/python3.10/site-packages/torch/_dynamo/eval_frame.py:1263: UserWarning: torch.utils.checkpoint: the use_reentrant parameter should be passed explicitly. Starting in PyTorch 2.9, calling checkpoint without use_reentrant will raise an exception. use_reentrant=False is recommended, but if you need to preserve the current default behavior, you can pass use_reentrant=True. Refer to docs for more details on the differences between the two variants.
  return fn(*args, **kwargs)
/home/sun4208/miniconda3/envs/video_policy/lib/python3.10/site-packages/torch/utils/checkpoint.py:232: UserWarning: None of the inputs have requires_grad=True. Gradients will be None
  check_backward_validity(args)
/home/sun4208/miniconda3/envs/video_policy/lib/python3.10/contextlib.py:103: FutureWarning: `torch.backends.cuda.sdp_kernel()` is deprecated. In the future, this context manager will be removed. Please see `torch.nn.attention.sdpa_kernel()` for the new context manager, with updated signature.
  self.gen = func(*args, **kwds)
/home/sun4208/miniconda3/envs/video_policy/lib/python3.10/contextlib.py:103: FutureWarning: `torch.backends.cuda.sdp_kernel()` is deprecated. In the future, this context manager will be removed. Please see `torch.nn.attention.sdpa_kernel()` for the new context manager, with updated signature.
  self.gen = func(*args, **kwds)
/home/sun4208/miniconda3/envs/video_policy/lib/python3.10/site-packages/torch/_dynamo/eval_frame.py:1263: UserWarning: torch.utils.checkpoint: the use_reentrant parameter should be passed explicitly. Starting in PyTorch 2.9, calling checkpoint without use_reentrant will raise an exception. use_reentrant=False is recommended, but if you need to preserve the current default behavior, you can pass use_reentrant=True. Refer to docs for more details on the differences between the two variants.
  return fn(*args, **kwargs)
/home/sun4208/miniconda3/envs/video_policy/lib/python3.10/site-packages/torch/utils/checkpoint.py:232: UserWarning: None of the inputs have requires_grad=True. Gradients will be None
  check_backward_validity(args)
/home/sun4208/miniconda3/envs/video_policy/lib/python3.10/site-packages/torch/_dynamo/eval_frame.py:1263: UserWarning: torch.utils.checkpoint: the use_reentrant parameter should be passed explicitly. Starting in PyTorch 2.9, calling checkpoint without use_reentrant will raise an exception. use_reentrant=False is recommended, but if you need to preserve the current default behavior, you can pass use_reentrant=True. Refer to docs for more details on the differences between the two variants.
  return fn(*args, **kwargs)
/home/sun4208/miniconda3/envs/video_policy/lib/python3.10/site-packages/torch/utils/checkpoint.py:232: UserWarning: None of the inputs have requires_grad=True. Gradients will be None
  check_backward_validity(args)
/home/sun4208/miniconda3/envs/video_policy/lib/python3.10/contextlib.py:103: FutureWarning: `torch.backends.cuda.sdp_kernel()` is deprecated. In the future, this context manager will be removed. Please see `torch.nn.attention.sdpa_kernel()` for the new context manager, with updated signature.
  self.gen = func(*args, **kwds)
/home/sun4208/miniconda3/envs/video_policy/lib/python3.10/site-packages/torch/_dynamo/eval_frame.py:1263: UserWarning: torch.utils.checkpoint: the use_reentrant parameter should be passed explicitly. Starting in PyTorch 2.9, calling checkpoint without use_reentrant will raise an exception. use_reentrant=False is recommended, but if you need to preserve the current default behavior, you can pass use_reentrant=True. Refer to docs for more details on the differences between the two variants.
  return fn(*args, **kwargs)
/home/sun4208/miniconda3/envs/video_policy/lib/python3.10/site-packages/torch/utils/checkpoint.py:232: UserWarning: None of the inputs have requires_grad=True. Gradients will be None
  check_backward_validity(args)
/home/sun4208/miniconda3/envs/video_policy/lib/python3.10/contextlib.py:103: FutureWarning: `torch.backends.cuda.sdp_kernel()` is deprecated. In the future, this context manager will be removed. Please see `torch.nn.attention.sdpa_kernel()` for the new context manager, with updated signature.
  self.gen = func(*args, **kwds)
W0823 16:25:31.002000 409056 site-packages/torch/_dynamo/convert_frame.py:1743] [3/8] torch._dynamo hit config.recompile_limit (8)
W0823 16:25:31.002000 409056 site-packages/torch/_dynamo/convert_frame.py:1743] [3/8]    function: 'forward' (/home/sun4208/4dgen/sgm/modules/diffusionmodules/video_model.py:67)
W0823 16:25:31.002000 409056 site-packages/torch/_dynamo/convert_frame.py:1743] [3/8]    last reason: 3/7: tensor 'self._modules['in_layers']._modules['2']._parameters['bias']' size mismatch at index 0. expected 1280, actual 640. Guard failed on a parameter, consider using torch._dynamo.config.force_parameter_static_shapes = False to allow dynamism on parameters.
W0823 16:25:31.002000 409056 site-packages/torch/_dynamo/convert_frame.py:1743] [3/8] To log all recompilation reasons, use TORCH_LOGS="recompiles".
W0823 16:25:31.002000 409056 site-packages/torch/_dynamo/convert_frame.py:1743] [3/8] To diagnose recompilation issues, see https://docs.pytorch.org/docs/main/user_guide/torch_compiler/compile/programming_model.recompilation.html
/home/sun4208/4dgen/sgm/util.py:54: FutureWarning: `torch.cuda.amp.autocast(args...)` is deprecated. Please use `torch.amp.autocast('cuda', args...)` instead.
  with torch.cuda.amp.autocast(
[S3b] 4.5s/생성 | PSNR 20.43 | AbsRel 0.0821 (L 0.0761 / R 0.0880) | LPIPS 0.1357 | 선명도 0.01357 (GT 0.02137) | CV 0.1380 | 다양성 0.02243
[S1b] 3.8s/생성 | PSNR 20.55 | AbsRel 0.1163 (L 0.1188 / R 0.1138) | LPIPS 0.1770 | 선명도 0.01062 (GT 0.02137) | CV 0.1655 | 다양성 0.01159
Traceback (most recent call last):
  File "/home/sun4208/4dgen/notebooks/bench_precise_6a.py", line 240, in <module>
    xs = np.array([r[k] for r in raw[name]["view"]]); ts = np.array([r[k] for r in raw["T25"]["view"]])
KeyError: 'T25'
[1;34mwandb[0m: 
[1;34mwandb[0m: You can sync this run to the cloud by running:
[1;34mwandb[0m: [1mwandb sync /home/sun4208/Geo4D/bench_out/wandb/offline-run-20260823_162228-vpx3f4g2[0m
[1;34mwandb[0m: Find logs at: [1;35m../Geo4D/bench_out/wandb/offline-run-20260823_162228-vpx3f4g2/logs[0m
COMPILE20_DONE
