/home/sun4208/miniconda3/envs/self_forcing/lib/python3.10/site-packages/torch/distributed/fsdp/fully_sharded_data_parallel.py:478: UserWarning: FSDP is switching to use `NO_SHARD` instead of ShardingStrategy.HYBRID_SHARD since the world size is 1.
  _init_core_state(
DATASET SIZE 248221
Loading pretrained generator from checkpoints/ode_init.pt
/home/sun4208/miniconda3/envs/self_forcing/lib/python3.10/site-packages/torch/utils/_contextlib.py:124: UserWarning: When using ``NO_SHARD`` for ``ShardingStrategy``, full_state_dict willbe returned.
  return func(*args, **kwargs)
[MEM] step 0 시작: alloc=7.93GB
/home/sun4208/Self-Forcing/wan/modules/attention.py:63: UserWarning: Padding mask is disabled when using scaled_dot_product_attention. It can have a significant impact on performance.
  warnings.warn(
[MEM] gen 스텝 후: alloc=14.91GB peak=18.76GB
[MEM] critic bwd 직전: alloc=14.64GB peak=25.73GB
[MEM] step 1 시작: alloc=16.87GB
[MEM] critic bwd 직전: alloc=17.33GB peak=27.68GB
[MEM] step 2 시작: alloc=16.87GB
[MEM] critic bwd 직전: alloc=17.33GB peak=27.68GB
[MEM] step 3 시작: alloc=16.87GB
[MEM] critic bwd 직전: alloc=17.33GB peak=27.68GB
[MEM] step 4 시작: alloc=16.87GB
[MEM] critic bwd 직전: alloc=17.33GB peak=27.68GB
[MEM] step 5 시작: alloc=16.87GB
[MEM] gen 스텝 후: alloc=17.60GB peak=27.68GB
[MEM] critic bwd 직전: alloc=17.33GB peak=28.42GB
[MEM] step 6 시작: alloc=16.87GB
[MEM] critic bwd 직전: alloc=17.33GB peak=28.42GB
[MEM] step 7 시작: alloc=16.87GB
[MEM] critic bwd 직전: alloc=17.33GB peak=28.42GB
[MEM] step 8 시작: alloc=16.87GB
[MEM] critic bwd 직전: alloc=17.33GB peak=28.42GB
[MEM] step 9 시작: alloc=16.87GB
[MEM] critic bwd 직전: alloc=17.33GB peak=28.42GB
[MEM] step 10 시작: alloc=16.87GB
[MEM] gen 스텝 후: alloc=17.60GB peak=28.42GB
[MEM] critic bwd 직전: alloc=17.33GB peak=28.42GB
[MEM] step 11 시작: alloc=16.87GB
[MEM] critic bwd 직전: alloc=17.33GB peak=28.42GB
[MEM] step 12 시작: alloc=16.87GB
[MEM] critic bwd 직전: alloc=17.33GB peak=28.42GB
[MEM] step 13 시작: alloc=16.87GB
[MEM] critic bwd 직전: alloc=17.33GB peak=28.42GB
[MEM] step 14 시작: alloc=16.87GB
W0821 17:51:05.047000 326959 site-packages/torch/distributed/elastic/agent/server/api.py:739] Received Signals.SIGTERM death signal, shutting down workers
W0821 17:51:05.047000 326959 site-packages/torch/distributed/elastic/multiprocessing/api.py:1012] Sending process 326988 closing signal SIGTERM
Traceback (most recent call last):
  File "/home/sun4208/miniconda3/envs/self_forcing/bin/torchrun", line 6, in <module>
    sys.exit(main())
  File "/home/sun4208/miniconda3/envs/self_forcing/lib/python3.10/site-packages/torch/distributed/elastic/multiprocessing/errors/__init__.py", line 362, in wrapper
    return f(*args, **kwargs)
  File "/home/sun4208/miniconda3/envs/self_forcing/lib/python3.10/site-packages/torch/distributed/run.py", line 990, in main
    run(args)
  File "/home/sun4208/miniconda3/envs/self_forcing/lib/python3.10/site-packages/torch/distributed/run.py", line 981, in run
    elastic_launch(
  File "/home/sun4208/miniconda3/envs/self_forcing/lib/python3.10/site-packages/torch/distributed/launcher/api.py", line 170, in __call__
    return launch_agent(self._config, self._entrypoint, list(args))
  File "/home/sun4208/miniconda3/envs/self_forcing/lib/python3.10/site-packages/torch/distributed/launcher/api.py", line 308, in launch_agent
    result = agent.run()
  File "/home/sun4208/miniconda3/envs/self_forcing/lib/python3.10/site-packages/torch/distributed/elastic/metrics/api.py", line 134, in wrapper
    result = f(*args, **kwargs)
  File "/home/sun4208/miniconda3/envs/self_forcing/lib/python3.10/site-packages/torch/distributed/elastic/agent/server/api.py", line 731, in run
    result = self._invoke_run(role)
  File "/home/sun4208/miniconda3/envs/self_forcing/lib/python3.10/site-packages/torch/distributed/elastic/agent/server/api.py", line 908, in _invoke_run
    time.sleep(monitor_interval)
  File "/home/sun4208/miniconda3/envs/self_forcing/lib/python3.10/site-packages/torch/distributed/elastic/multiprocessing/api.py", line 86, in _terminate_process_handler
    raise SignalException(f"Process {os.getpid()} got signal: {sigval}", sigval=sigval)
torch.distributed.elastic.multiprocessing.api.SignalException: Process 326959 got signal: 15
