/home/sun4208/miniconda3/envs/video_policy/lib/python3.10/site-packages/lightning_fabric/__init__.py:36: UserWarning: pkg_resources is deprecated as an API. See https://setuptools.pypa.io/en/latest/pkg_resources.html. The pkg_resources package is slated for removal as early as 2025-11-30. Refrain from using this package or pin to Setuptools<81.
  __import__("pkg_resources").declare_namespace(__name__)
/home/sun4208/miniconda3/envs/video_policy/lib/python3.10/site-packages/transformers/utils/generic.py:339: FutureWarning: `torch.utils._pytree._register_pytree_node` is deprecated. Please use `torch.utils._pytree.register_pytree_node` instead.
  _torch_pytree._register_pytree_node(
/home/sun4208/miniconda3/envs/video_policy/lib/python3.10/site-packages/transformers/utils/generic.py:339: FutureWarning: `torch.utils._pytree._register_pytree_node` is deprecated. Please use `torch.utils._pytree.register_pytree_node` instead.
  _torch_pytree._register_pytree_node(
/home/sun4208/miniconda3/envs/video_policy/lib/python3.10/site-packages/transformers/utils/generic.py:339: FutureWarning: `torch.utils._pytree._register_pytree_node` is deprecated. Please use `torch.utils._pytree.register_pytree_node` instead.
  _torch_pytree._register_pytree_node(
no module 'xformers'. Processing without...
no module 'xformers'. Processing without...
/home/sun4208/miniconda3/envs/video_policy/lib/python3.10/site-packages/torchdata/datapipes/__init__.py:18: UserWarning: 
################################################################################
WARNING!
The 'datapipes', 'dataloader2' modules are deprecated and will be removed in a
future torchdata release! Please see https://github.com/pytorch/data/issues/1196
to learn more and leave feedback.
################################################################################

  deprecation_warning()
Global seed set to 42
wandb: Tracking run with wandb version 0.28.2
wandb: W&B syncing is set to `offline` in this directory. Run `wandb online` or set WANDB_MODE=online to enable cloud syncing.
wandb: Run data is saved locally in /home/sun4208/Geo4D/bench_out/wandb/offline-run-20260823_170813-zshopl9a
wandb: View this run in the terminal with `wandb leet`
wandb: WARNING Symlinked 1 file into the W&B run directory; call wandb.save again to sync new files.
Attention mode 'softmax-xformers' is not available. Falling back to native attention. This is not a problem in Pytorch >= 2.0. FYI, you are running with PyTorch version 2.11.0+cu128.
Attention mode 'softmax-xformers' is not available. Falling back to native attention. This is not a problem in Pytorch >= 2.0. FYI, you are running with PyTorch version 2.11.0+cu128.
Attention mode 'softmax-xformers' is not available. Falling back to native attention. This is not a problem in Pytorch >= 2.0. FYI, you are running with PyTorch version 2.11.0+cu128.
Attention mode 'softmax-xformers' is not available. Falling back to native attention. This is not a problem in Pytorch >= 2.0. FYI, you are running with PyTorch version 2.11.0+cu128.
Attention mode 'softmax-xformers' is not available. Falling back to native attention. This is not a problem in Pytorch >= 2.0. FYI, you are running with PyTorch version 2.11.0+cu128.
Attention mode 'softmax-xformers' is not available. Falling back to native attention. This is not a problem in Pytorch >= 2.0. FYI, you are running with PyTorch version 2.11.0+cu128.
Attention mode 'softmax-xformers' is not available. Falling back to native attention. This is not a problem in Pytorch >= 2.0. FYI, you are running with PyTorch version 2.11.0+cu128.
Attention mode 'softmax-xformers' is not available. Falling back to native attention. This is not a problem in Pytorch >= 2.0. FYI, you are running with PyTorch version 2.11.0+cu128.
Attention mode 'softmax-xformers' is not available. Falling back to native attention. This is not a problem in Pytorch >= 2.0. FYI, you are running with PyTorch version 2.11.0+cu128.
Attention mode 'softmax-xformers' is not available. Falling back to native attention. This is not a problem in Pytorch >= 2.0. FYI, you are running with PyTorch version 2.11.0+cu128.
Attention mode 'softmax-xformers' is not available. Falling back to native attention. This is not a problem in Pytorch >= 2.0. FYI, you are running with PyTorch version 2.11.0+cu128.
Attention mode 'softmax-xformers' is not available. Falling back to native attention. This is not a problem in Pytorch >= 2.0. FYI, you are running with PyTorch version 2.11.0+cu128.
Attention mode 'softmax-xformers' is not available. Falling back to native attention. This is not a problem in Pytorch >= 2.0. FYI, you are running with PyTorch version 2.11.0+cu128.
Attention mode 'softmax-xformers' is not available. Falling back to native attention. This is not a problem in Pytorch >= 2.0. FYI, you are running with PyTorch version 2.11.0+cu128.
Attention mode 'softmax-xformers' is not available. Falling back to native attention. This is not a problem in Pytorch >= 2.0. FYI, you are running with PyTorch version 2.11.0+cu128.
Attention mode 'softmax-xformers' is not available. Falling back to native attention. This is not a problem in Pytorch >= 2.0. FYI, you are running with PyTorch version 2.11.0+cu128.
VideoTransformerBlock is using checkpointing
VideoTransformerBlock is using checkpointing
VideoTransformerBlock is using checkpointing
VideoTransformerBlock is using checkpointing
VideoTransformerBlock is using checkpointing
VideoTransformerBlock is using checkpointing
VideoTransformerBlock is using checkpointing
VideoTransformerBlock is using checkpointing
VideoTransformerBlock is using checkpointing
VideoTransformerBlock is using checkpointing
VideoTransformerBlock is using checkpointing
VideoTransformerBlock is using checkpointing
VideoTransformerBlock is using checkpointing
VideoTransformerBlock is using checkpointing
VideoTransformerBlock is using checkpointing
VideoTransformerBlock is using checkpointing
conditioner_config.params.emb_models[1].params.disable_encoder_autocast: True
conditioner_config.params.emb_models[1].params.en_and_decode_n_samples_a_time: 
10
conditioner_config.params.emb_models[2].params.disable_encoder_autocast: True
conditioner_config.params.emb_models[2].params.en_and_decode_n_samples_a_time: 
10
Initialized embedder #0: FrozenOpenCLIPImagePredictionEmbedder with 683800065 params. Trainable: False
Autoencoder ckpt is None, skipping!
Autoencoder ckpt is not None...
missing_keys:
[
    'quant_conv.weight',
    'quant_conv.bias',
    'post_quant_conv.weight',
    'post_quant_conv.bias'
]
Initialized embedder #1: VideoPredictionEmbedderWithEncoder with 83653863 params. Trainable: False
Autoencoder ckpt is None, skipping!
Autoencoder ckpt is not None...
missing_keys:
[
    'quant_conv.weight',
    'quant_conv.bias',
    'post_quant_conv.weight',
    'post_quant_conv.bias'
]
WARNING:sgm.models.autoencoder:Checkpoint path is deprecated, use `checkpoint_egnine` instead
Initialized embedder #2: VideoPredictionEmbedderWithEncoder with 83653863 params. Trainable: False
Autoencoder ckpt is not None...
missing_keys:
[]
WARNING:sgm.models.autoencoder:Checkpoint path is deprecated, use `checkpoint_egnine` instead
Autoencoder ckpt is not None...
missing_keys:
[]
Restored from 
/home/sun4208/Geo4D/checkpoints/checkpoints/outputs/apple/4dgen.ckpt with 0 
missing and 0 unexpected keys
/home/sun4208/4dgen/sgm/util.py:54: FutureWarning: `torch.cuda.amp.autocast(args...)` is deprecated. Please use `torch.amp.autocast('cuda', args...)` instead.
  with torch.cuda.amp.autocast(
/home/sun4208/miniconda3/envs/video_policy/lib/python3.10/site-packages/torch/_dynamo/eval_frame.py:1263: UserWarning: torch.utils.checkpoint: the use_reentrant parameter should be passed explicitly. Starting in PyTorch 2.9, calling checkpoint without use_reentrant will raise an exception. use_reentrant=False is recommended, but if you need to preserve the current default behavior, you can pass use_reentrant=True. Refer to docs for more details on the differences between the two variants.
  return fn(*args, **kwargs)
/home/sun4208/miniconda3/envs/video_policy/lib/python3.10/site-packages/torch/utils/checkpoint.py:232: UserWarning: None of the inputs have requires_grad=True. Gradients will be None
  check_backward_validity(args)
/home/sun4208/miniconda3/envs/video_policy/lib/python3.10/contextlib.py:103: FutureWarning: `torch.backends.cuda.sdp_kernel()` is deprecated. In the future, this context manager will be removed. Please see `torch.nn.attention.sdpa_kernel()` for the new context manager, with updated signature.
  self.gen = func(*args, **kwds)


Is relative traj: False

Loading replay buffer from: /home/sun4208/Geo4D/Data/replay_buffer_infer.zarr
[A fp32 기준             ] 총 2.38초 | UNet 1.18 cond 0.30 dec 0.90 | PSNR L 19.34 R 19.98 | AbsRel L 0.1068 R 0.0993
[B 디코더 bf16            ] 총 2.16초 | UNet 1.18 cond 0.30 dec 0.68 | PSNR L 19.37 R 19.97 | AbsRel L 0.1078 R 0.0991
[C +UNet bf16          ] 총 1.64초 | UNet 0.66 cond 0.30 dec 0.68 | PSNR L 19.37 R 19.96 | AbsRel L 0.1115 R 0.0963
[D +conditioner bf16   ] 총 1.64초 | UNet 0.66 cond 0.30 dec 0.68 | PSNR L 19.46 R 19.95 | AbsRel L 0.1063 R 0.0987
  (E D+compile(디코더) 컴파일+워밍업 4초)
/home/sun4208/4dgen/sgm/util.py:54: FutureWarning: `torch.cuda.amp.autocast(args...)` is deprecated. Please use `torch.amp.autocast('cuda', args...)` instead.
  with torch.cuda.amp.autocast(
/home/sun4208/miniconda3/envs/video_policy/lib/python3.10/site-packages/torch/_dynamo/eval_frame.py:1263: UserWarning: torch.utils.checkpoint: the use_reentrant parameter should be passed explicitly. Starting in PyTorch 2.9, calling checkpoint without use_reentrant will raise an exception. use_reentrant=False is recommended, but if you need to preserve the current default behavior, you can pass use_reentrant=True. Refer to docs for more details on the differences between the two variants.
  return fn(*args, **kwargs)
/home/sun4208/miniconda3/envs/video_policy/lib/python3.10/site-packages/torch/utils/checkpoint.py:232: UserWarning: None of the inputs have requires_grad=True. Gradients will be None
  check_backward_validity(args)
/home/sun4208/miniconda3/envs/video_policy/lib/python3.10/contextlib.py:103: FutureWarning: `torch.backends.cuda.sdp_kernel()` is deprecated. In the future, this context manager will be removed. Please see `torch.nn.attention.sdpa_kernel()` for the new context manager, with updated signature.
  self.gen = func(*args, **kwds)
[E D+compile(디코더)      ] 총 1.29초 | UNet 0.66 cond 0.30 dec 0.33 | PSNR L 19.39 R 19.91 | AbsRel L 0.1053 R 0.0981
/home/sun4208/miniconda3/envs/video_policy/lib/python3.10/contextlib.py:103: FutureWarning: `torch.backends.cuda.sdp_kernel()` is deprecated. In the future, this context manager will be removed. Please see `torch.nn.attention.sdpa_kernel()` for the new context manager, with updated signature.
  self.gen = func(*args, **kwds)
/home/sun4208/miniconda3/envs/video_policy/lib/python3.10/site-packages/torch/_dynamo/eval_frame.py:1263: UserWarning: torch.utils.checkpoint: the use_reentrant parameter should be passed explicitly. Starting in PyTorch 2.9, calling checkpoint without use_reentrant will raise an exception. use_reentrant=False is recommended, but if you need to preserve the current default behavior, you can pass use_reentrant=True. Refer to docs for more details on the differences between the two variants.
  return fn(*args, **kwargs)
/home/sun4208/miniconda3/envs/video_policy/lib/python3.10/site-packages/torch/utils/checkpoint.py:232: UserWarning: None of the inputs have requires_grad=True. Gradients will be None
  check_backward_validity(args)
/home/sun4208/miniconda3/envs/video_policy/lib/python3.10/site-packages/torch/_dynamo/eval_frame.py:1263: UserWarning: torch.utils.checkpoint: the use_reentrant parameter should be passed explicitly. Starting in PyTorch 2.9, calling checkpoint without use_reentrant will raise an exception. use_reentrant=False is recommended, but if you need to preserve the current default behavior, you can pass use_reentrant=True. Refer to docs for more details on the differences between the two variants.
  return fn(*args, **kwargs)
/home/sun4208/miniconda3/envs/video_policy/lib/python3.10/site-packages/torch/utils/checkpoint.py:232: UserWarning: None of the inputs have requires_grad=True. Gradients will be None
  check_backward_validity(args)
/home/sun4208/miniconda3/envs/video_policy/lib/python3.10/contextlib.py:103: FutureWarning: `torch.backends.cuda.sdp_kernel()` is deprecated. In the future, this context manager will be removed. Please see `torch.nn.attention.sdpa_kernel()` for the new context manager, with updated signature.
  self.gen = func(*args, **kwds)
/home/sun4208/miniconda3/envs/video_policy/lib/python3.10/contextlib.py:103: FutureWarning: `torch.backends.cuda.sdp_kernel()` is deprecated. In the future, this context manager will be removed. Please see `torch.nn.attention.sdpa_kernel()` for the new context manager, with updated signature.
  self.gen = func(*args, **kwds)
/home/sun4208/miniconda3/envs/video_policy/lib/python3.10/site-packages/torch/_dynamo/eval_frame.py:1263: UserWarning: torch.utils.checkpoint: the use_reentrant parameter should be passed explicitly. Starting in PyTorch 2.9, calling checkpoint without use_reentrant will raise an exception. use_reentrant=False is recommended, but if you need to preserve the current default behavior, you can pass use_reentrant=True. Refer to docs for more details on the differences between the two variants.
  return fn(*args, **kwargs)
/home/sun4208/miniconda3/envs/video_policy/lib/python3.10/site-packages/torch/utils/checkpoint.py:232: UserWarning: None of the inputs have requires_grad=True. Gradients will be None
  check_backward_validity(args)
/home/sun4208/miniconda3/envs/video_policy/lib/python3.10/site-packages/torch/_dynamo/eval_frame.py:1263: UserWarning: torch.utils.checkpoint: the use_reentrant parameter should be passed explicitly. Starting in PyTorch 2.9, calling checkpoint without use_reentrant will raise an exception. use_reentrant=False is recommended, but if you need to preserve the current default behavior, you can pass use_reentrant=True. Refer to docs for more details on the differences between the two variants.
  return fn(*args, **kwargs)
/home/sun4208/miniconda3/envs/video_policy/lib/python3.10/site-packages/torch/utils/checkpoint.py:232: UserWarning: None of the inputs have requires_grad=True. Gradients will be None
  check_backward_validity(args)
/home/sun4208/miniconda3/envs/video_policy/lib/python3.10/contextlib.py:103: FutureWarning: `torch.backends.cuda.sdp_kernel()` is deprecated. In the future, this context manager will be removed. Please see `torch.nn.attention.sdpa_kernel()` for the new context manager, with updated signature.
  self.gen = func(*args, **kwds)
/home/sun4208/miniconda3/envs/video_policy/lib/python3.10/site-packages/torch/_dynamo/eval_frame.py:1263: UserWarning: torch.utils.checkpoint: the use_reentrant parameter should be passed explicitly. Starting in PyTorch 2.9, calling checkpoint without use_reentrant will raise an exception. use_reentrant=False is recommended, but if you need to preserve the current default behavior, you can pass use_reentrant=True. Refer to docs for more details on the differences between the two variants.
  return fn(*args, **kwargs)
/home/sun4208/miniconda3/envs/video_policy/lib/python3.10/site-packages/torch/utils/checkpoint.py:232: UserWarning: None of the inputs have requires_grad=True. Gradients will be None
  check_backward_validity(args)
/home/sun4208/miniconda3/envs/video_policy/lib/python3.10/contextlib.py:103: FutureWarning: `torch.backends.cuda.sdp_kernel()` is deprecated. In the future, this context manager will be removed. Please see `torch.nn.attention.sdpa_kernel()` for the new context manager, with updated signature.
  self.gen = func(*args, **kwds)
W0823 17:10:27.412000 411119 site-packages/torch/_dynamo/convert_frame.py:1743] [4/8] torch._dynamo hit config.recompile_limit (8)
W0823 17:10:27.412000 411119 site-packages/torch/_dynamo/convert_frame.py:1743] [4/8]    function: 'forward' (/home/sun4208/4dgen/sgm/modules/diffusionmodules/video_model.py:67)
W0823 17:10:27.412000 411119 site-packages/torch/_dynamo/convert_frame.py:1743] [4/8]    last reason: 4/7: tensor 'self._modules['in_layers']._modules['2']._parameters['bias']' size mismatch at index 0. expected 1280, actual 640. Guard failed on a parameter, consider using torch._dynamo.config.force_parameter_static_shapes = False to allow dynamism on parameters.
W0823 17:10:27.412000 411119 site-packages/torch/_dynamo/convert_frame.py:1743] [4/8] To log all recompilation reasons, use TORCH_LOGS="recompiles".
W0823 17:10:27.412000 411119 site-packages/torch/_dynamo/convert_frame.py:1743] [4/8] To diagnose recompilation issues, see https://docs.pytorch.org/docs/main/user_guide/torch_compiler/compile/programming_model.recompilation.html
  (F E+compile(UNet) 컴파일+워밍업 7초)
/home/sun4208/4dgen/sgm/util.py:54: FutureWarning: `torch.cuda.amp.autocast(args...)` is deprecated. Please use `torch.amp.autocast('cuda', args...)` instead.
  with torch.cuda.amp.autocast(
[F E+compile(UNet)     ] 총 1.18초 | UNet 0.55 cond 0.30 dec 0.33 | PSNR L 19.42 R 19.93 | AbsRel L 0.1119 R 0.0943
  (G F+compile(cond) 컴파일+워밍업 1초)
[G F+compile(cond)     ] 총 1.18초 | UNet 0.55 cond 0.30 dec 0.33 | PSNR L 19.38 R 19.91 | AbsRel L 0.1070 R 0.0985
  (H G+색 디코더 생략 컴파일+워밍업 1초)
[H G+색 디코더 생략          ] 총 1.02초 | UNet 0.55 cond 0.30 dec 0.16 | PSNR L 10.66 R 10.99 | AbsRel L 0.1050 R 0.0964

=== Step 7-②: 순수 추론(uc 생략) 속도 변형 — student 재노이징 3스텝, 배치 5 ===

변형 | 총(초) | UNet | conditioner | VAE 디코딩 | PSNR L/R | AbsRel L/R (가짜 픽셀 제외)
A fp32 기준              | 2.38 | 1.18 | 0.30 | 0.90 | 19.34/19.98 | 0.1068/0.0993
B 디코더 bf16             | 2.16 | 1.18 | 0.30 | 0.68 | 19.37/19.97 | 0.1078/0.0991
C +UNet bf16           | 1.64 | 0.66 | 0.30 | 0.68 | 19.37/19.96 | 0.1115/0.0963
D +conditioner bf16    | 1.64 | 0.66 | 0.30 | 0.68 | 19.46/19.95 | 0.1063/0.0987
E D+compile(디코더)       | 1.29 | 0.66 | 0.30 | 0.33 | 19.39/19.91 | 0.1053/0.0981
F E+compile(UNet)      | 1.18 | 0.55 | 0.30 | 0.33 | 19.42/19.93 | 0.1119/0.0943
G F+compile(cond)      | 1.18 | 0.55 | 0.30 | 0.33 | 19.38/19.91 | 0.1070/0.0985
H G+색 디코더 생략           | 1.02 | 0.55 | 0.30 | 0.16 | 10.66/10.99 | 0.1050/0.0964

[A 대비 품질 변화] B: PSNR +0.03 AbsRel L +0.0011 R -0.0002 | C: PSNR +0.03 AbsRel L +0.0047 R -0.0030 | D: PSNR +0.12 AbsRel L -0.0005 R -0.0006 | E: PSNR +0.05 AbsRel L -0.0015 R -0.0013 | F: PSNR +0.08 AbsRel L +0.0051 R -0.0050 | G: PSNR +0.04 AbsRel L +0.0002 R -0.0008 | H: PSNR -8.68 AbsRel L -0.0018 R -0.0030
판정: 시간이 줄고 PSNR/AbsRel 변화가 ±0.05dB/±0.002 이내면 무손실 가속으로 채택.

저장: ~/Geo4D/bench_out/speed_variants.txt
[1;34mwandb[0m: 
[1;34mwandb[0m: You can sync this run to the cloud by running:
[1;34mwandb[0m: [1mwandb sync /home/sun4208/Geo4D/bench_out/wandb/offline-run-20260823_170813-zshopl9a[0m
[1;34mwandb[0m: Find logs at: [1;35m../Geo4D/bench_out/wandb/offline-run-20260823_170813-zshopl9a/logs[0m
SPEED_DONE
