[1/5] teacher 로드
/home/sun4208/miniconda3/envs/video_policy/lib/python3.10/site-packages/lightning_fabric/__init__.py:36: UserWarning: pkg_resources is deprecated as an API. See https://setuptools.pypa.io/en/latest/pkg_resources.html. The pkg_resources package is slated for removal as early as 2025-11-30. Refrain from using this package or pin to Setuptools<81.
  __import__("pkg_resources").declare_namespace(__name__)
/home/sun4208/miniconda3/envs/video_policy/lib/python3.10/site-packages/transformers/utils/generic.py:339: FutureWarning: `torch.utils._pytree._register_pytree_node` is deprecated. Please use `torch.utils._pytree.register_pytree_node` instead.
  _torch_pytree._register_pytree_node(
/home/sun4208/miniconda3/envs/video_policy/lib/python3.10/site-packages/transformers/utils/generic.py:339: FutureWarning: `torch.utils._pytree._register_pytree_node` is deprecated. Please use `torch.utils._pytree.register_pytree_node` instead.
  _torch_pytree._register_pytree_node(
/home/sun4208/miniconda3/envs/video_policy/lib/python3.10/site-packages/transformers/utils/generic.py:339: FutureWarning: `torch.utils._pytree._register_pytree_node` is deprecated. Please use `torch.utils._pytree.register_pytree_node` instead.
  _torch_pytree._register_pytree_node(
no module 'xformers'. Processing without...
no module 'xformers'. Processing without...
/home/sun4208/miniconda3/envs/video_policy/lib/python3.10/site-packages/torchdata/datapipes/__init__.py:18: UserWarning: 
################################################################################
WARNING!
The 'datapipes', 'dataloader2' modules are deprecated and will be removed in a
future torchdata release! Please see https://github.com/pytorch/data/issues/1196
to learn more and leave feedback.
################################################################################

  deprecation_warning()
Global seed set to 42
wandb: Tracking run with wandb version 0.28.2
wandb: W&B syncing is set to `offline` in this directory. Run `wandb online` or set WANDB_MODE=online to enable cloud syncing.
wandb: Run data is saved locally in /home/sun4208/Geo4D/bench_out/wandb/offline-run-20260824_023108-au9g51t4
wandb: View this run in the terminal with `wandb leet`
wandb: WARNING Symlinked 1 file into the W&B run directory; call wandb.save again to sync new files.
Attention mode 'softmax-xformers' is not available. Falling back to native attention. This is not a problem in Pytorch >= 2.0. FYI, you are running with PyTorch version 2.11.0+cu128.
Attention mode 'softmax-xformers' is not available. Falling back to native attention. This is not a problem in Pytorch >= 2.0. FYI, you are running with PyTorch version 2.11.0+cu128.
Attention mode 'softmax-xformers' is not available. Falling back to native attention. This is not a problem in Pytorch >= 2.0. FYI, you are running with PyTorch version 2.11.0+cu128.
Attention mode 'softmax-xformers' is not available. Falling back to native attention. This is not a problem in Pytorch >= 2.0. FYI, you are running with PyTorch version 2.11.0+cu128.
Attention mode 'softmax-xformers' is not available. Falling back to native attention. This is not a problem in Pytorch >= 2.0. FYI, you are running with PyTorch version 2.11.0+cu128.
Attention mode 'softmax-xformers' is not available. Falling back to native attention. This is not a problem in Pytorch >= 2.0. FYI, you are running with PyTorch version 2.11.0+cu128.
Attention mode 'softmax-xformers' is not available. Falling back to native attention. This is not a problem in Pytorch >= 2.0. FYI, you are running with PyTorch version 2.11.0+cu128.
Attention mode 'softmax-xformers' is not available. Falling back to native attention. This is not a problem in Pytorch >= 2.0. FYI, you are running with PyTorch version 2.11.0+cu128.
Attention mode 'softmax-xformers' is not available. Falling back to native attention. This is not a problem in Pytorch >= 2.0. FYI, you are running with PyTorch version 2.11.0+cu128.
Attention mode 'softmax-xformers' is not available. Falling back to native attention. This is not a problem in Pytorch >= 2.0. FYI, you are running with PyTorch version 2.11.0+cu128.
Attention mode 'softmax-xformers' is not available. Falling back to native attention. This is not a problem in Pytorch >= 2.0. FYI, you are running with PyTorch version 2.11.0+cu128.
Attention mode 'softmax-xformers' is not available. Falling back to native attention. This is not a problem in Pytorch >= 2.0. FYI, you are running with PyTorch version 2.11.0+cu128.
Attention mode 'softmax-xformers' is not available. Falling back to native attention. This is not a problem in Pytorch >= 2.0. FYI, you are running with PyTorch version 2.11.0+cu128.
Attention mode 'softmax-xformers' is not available. Falling back to native attention. This is not a problem in Pytorch >= 2.0. FYI, you are running with PyTorch version 2.11.0+cu128.
Attention mode 'softmax-xformers' is not available. Falling back to native attention. This is not a problem in Pytorch >= 2.0. FYI, you are running with PyTorch version 2.11.0+cu128.
Attention mode 'softmax-xformers' is not available. Falling back to native attention. This is not a problem in Pytorch >= 2.0. FYI, you are running with PyTorch version 2.11.0+cu128.
VideoTransformerBlock is using checkpointing
VideoTransformerBlock is using checkpointing
VideoTransformerBlock is using checkpointing
VideoTransformerBlock is using checkpointing
VideoTransformerBlock is using checkpointing
VideoTransformerBlock is using checkpointing
VideoTransformerBlock is using checkpointing
VideoTransformerBlock is using checkpointing
VideoTransformerBlock is using checkpointing
VideoTransformerBlock is using checkpointing
VideoTransformerBlock is using checkpointing
VideoTransformerBlock is using checkpointing
VideoTransformerBlock is using checkpointing
VideoTransformerBlock is using checkpointing
VideoTransformerBlock is using checkpointing
VideoTransformerBlock is using checkpointing
conditioner_config.params.emb_models[1].params.disable_encoder_autocast: True
conditioner_config.params.emb_models[1].params.en_and_decode_n_samples_a_time: 
10
conditioner_config.params.emb_models[2].params.disable_encoder_autocast: True
conditioner_config.params.emb_models[2].params.en_and_decode_n_samples_a_time: 
10
Initialized embedder #0: FrozenOpenCLIPImagePredictionEmbedder with 683800065 params. Trainable: False
Autoencoder ckpt is None, skipping!
Autoencoder ckpt is not None...
missing_keys:
[
    'quant_conv.weight',
    'quant_conv.bias',
    'post_quant_conv.weight',
    'post_quant_conv.bias'
]
Initialized embedder #1: VideoPredictionEmbedderWithEncoder with 83653863 params. Trainable: False
Autoencoder ckpt is None, skipping!
Autoencoder ckpt is not None...
missing_keys:
[
    'quant_conv.weight',
    'quant_conv.bias',
    'post_quant_conv.weight',
    'post_quant_conv.bias'
]
WARNING:sgm.models.autoencoder:Checkpoint path is deprecated, use `checkpoint_egnine` instead
Initialized embedder #2: VideoPredictionEmbedderWithEncoder with 83653863 params. Trainable: False
Autoencoder ckpt is not None...
missing_keys:
[]
WARNING:sgm.models.autoencoder:Checkpoint path is deprecated, use `checkpoint_egnine` instead
Autoencoder ckpt is not None...
missing_keys:
[]
Restored from 
/home/sun4208/Geo4D/checkpoints/checkpoints/outputs/apple/4dgen.ckpt with 0 
missing and 0 unexpected keys
UNet 파라미터 1.54B
[MEM teacher bf16] alloc 6.77GB | max 9.65GB | reserved 9.76GB
[2/5] 컨디션 사전계산
ODE 쌍 284개 / 샘플 142개
/home/sun4208/4dgen/sgm/util.py:54: FutureWarning: `torch.cuda.amp.autocast(args...)` is deprecated. Please use `torch.amp.autocast('cuda', args...)` instead.
  with torch.cuda.amp.autocast(


Is relative traj: False

Loading replay buffer from: /home/sun4208/Geo4D/Data/replay_buffer_infer.zarr
latent shape: (20, 8, 32, 40) | cond keys: {'crossattn': (2, 1, 1024), 'concat': (20, 8, 32, 40)}
  50/142 (210s)
  100/142 (426s)
컨디션 142개 사전계산 완료 (647s)
GT 뷰 비 r_gt 평균 0.788 (프레임 std 0.014, 샘플 std 0.164)
[MEM conditioner/VAE 제거 후] alloc 3.38GB | max 9.65GB | reserved 3.46GB
[3/5] generator(v2 student) + fake_score(teacher 사본) 구성
[resume] /home/sun4208/Geo4D/dmd_6d step 2000부터 이어서 학습 (optimizer 상태는 재시작)
fake_score 초기화: /home/sun4208/Geo4D/dmd_6d/dmd_fake.pt
generator 초기화: /home/sun4208/Geo4D/dmd_6d/dmd_gen.pt (step 2000, missing=0, unexpected=0)
[MEM 3벌 구성] alloc 9.13GB | max 9.65GB | reserved 9.14GB
student σ 스케줄: ['700.0', '70.5', '2.3']
[5/5] DMD 학습 시작
[MEM 학습 전] alloc 9.13GB | max 9.65GB | reserved 9.14GB
/home/sun4208/miniconda3/envs/video_policy/lib/python3.10/site-packages/torch/_dynamo/eval_frame.py:1263: UserWarning: torch.utils.checkpoint: the use_reentrant parameter should be passed explicitly. Starting in PyTorch 2.9, calling checkpoint without use_reentrant will raise an exception. use_reentrant=False is recommended, but if you need to preserve the current default behavior, you can pass use_reentrant=True. Refer to docs for more details on the differences between the two variants.
  return fn(*args, **kwargs)
/home/sun4208/miniconda3/envs/video_policy/lib/python3.10/site-packages/torch/utils/checkpoint.py:232: UserWarning: None of the inputs have requires_grad=True. Gradients will be None
  check_backward_validity(args)
/home/sun4208/miniconda3/envs/video_policy/lib/python3.10/contextlib.py:103: FutureWarning: `torch.backends.cuda.sdp_kernel()` is deprecated. In the future, this context manager will be removed. Please see `torch.nn.attention.sdpa_kernel()` for the new context manager, with updated signature.
  self.gen = func(*args, **kwds)
Traceback (most recent call last):
  File "/home/sun4208/4dgen/notebooks/geo4d_dmd_train.py", line 417, in <module>
    diag(0)
  File "/home/sun4208/miniconda3/envs/video_policy/lib/python3.10/site-packages/torch/utils/_contextlib.py", line 124, in decorate_context
    return func(*args, **kwargs)
  File "/home/sun4208/4dgen/notebooks/geo4d_dmd_train.py", line 384, in diag
    x0 = sampler(lambda x, s, cc: D(gen, x, s[0].item(), cc, ami),
  File "/home/sun4208/4dgen/notebooks/geo4d_fewstep.py", line 37, in __call__
    x0 = denoiser(x, sigma, cond)
  File "/home/sun4208/4dgen/notebooks/geo4d_dmd_train.py", line 384, in <lambda>
    x0 = sampler(lambda x, s, cc: D(gen, x, s[0].item(), cc, ami),
  File "/home/sun4208/4dgen/notebooks/geo4d_dmd_train.py", line 309, in D
    return denoiser(unet, x, sigma, c, **ami).float()
  File "/home/sun4208/miniconda3/envs/video_policy/lib/python3.10/site-packages/torch/nn/modules/module.py", line 1779, in _wrapped_call_impl
    return self._call_impl(*args, **kwargs)
  File "/home/sun4208/miniconda3/envs/video_policy/lib/python3.10/site-packages/torch/nn/modules/module.py", line 1790, in _call_impl
    return forward_call(*args, **kwargs)
  File "/home/sun4208/4dgen/sgm/modules/diffusionmodules/denoiser.py", line 37, in forward
    network(input * c_in, c_noise, cond, **additional_model_inputs) * c_out
  File "/home/sun4208/miniconda3/envs/video_policy/lib/python3.10/site-packages/torch/nn/modules/module.py", line 1779, in _wrapped_call_impl
    return self._call_impl(*args, **kwargs)
  File "/home/sun4208/miniconda3/envs/video_policy/lib/python3.10/site-packages/torch/nn/modules/module.py", line 1790, in _call_impl
    return forward_call(*args, **kwargs)
  File "/home/sun4208/4dgen/sgm/modules/diffusionmodules/wrappers.py", line 62, in forward
    x2_pointmap, _ = self.diffusion_model_2(
  File "/home/sun4208/miniconda3/envs/video_policy/lib/python3.10/site-packages/torch/nn/modules/module.py", line 1779, in _wrapped_call_impl
    return self._call_impl(*args, **kwargs)
  File "/home/sun4208/miniconda3/envs/video_policy/lib/python3.10/site-packages/torch/nn/modules/module.py", line 1790, in _call_impl
    return forward_call(*args, **kwargs)
  File "/home/sun4208/4dgen/sgm/modules/diffusionmodules/video_model.py", line 537, in forward
    h = self.attn_layers_decoder[i](h, hd[i])
  File "/home/sun4208/miniconda3/envs/video_policy/lib/python3.10/site-packages/torch/nn/modules/module.py", line 1779, in _wrapped_call_impl
    return self._call_impl(*args, **kwargs)
  File "/home/sun4208/miniconda3/envs/video_policy/lib/python3.10/site-packages/torch/nn/modules/module.py", line 1790, in _call_impl
    return forward_call(*args, **kwargs)
  File "/home/sun4208/4dgen/sgm/modules/diffusionmodules/model.py", line 272, in forward
    out = super().forward(x, context=context, mask=mask)
  File "/home/sun4208/4dgen/sgm/modules/attention.py", line 417, in forward
    out = torch.nn.functional.scaled_dot_product_attention(q, k, v)
torch.OutOfMemoryError: CUDA out of memory. Tried to allocate 126.00 MiB. GPU 0 has a total capacity of 31.36 GiB of which 30.31 MiB is free. Including non-PyTorch memory, this process has 11.11 GiB memory in use. Process 522218 has 20.11 GiB memory in use. Of the allocated memory 10.40 GiB is allocated by PyTorch, and 57.00 MiB is reserved by PyTorch but unallocated. If reserved but unallocated memory is large try setting PYTORCH_CUDA_ALLOC_CONF=expandable_segments:True to avoid fragmentation.  See documentation for Memory Management  (https://docs.pytorch.org/docs/stable/notes/cuda.html#optimizing-memory-usage-with-pytorch-cuda-alloc-conf)
[1;34mwandb[0m: 
[1;34mwandb[0m: You can sync this run to the cloud by running:
[1;34mwandb[0m: [1mwandb sync /home/sun4208/Geo4D/bench_out/wandb/offline-run-20260824_023108-au9g51t4[0m
[1;34mwandb[0m: Find logs at: [1;35m../Geo4D/bench_out/wandb/offline-run-20260824_023108-au9g51t4/logs[0m
TRAIN_CRASHED rc=1 attempt=1 02:42 — GPU가 빌 때까지 대기 후 재개
[1/5] teacher 로드
/home/sun4208/miniconda3/envs/video_policy/lib/python3.10/site-packages/lightning_fabric/__init__.py:36: UserWarning: pkg_resources is deprecated as an API. See https://setuptools.pypa.io/en/latest/pkg_resources.html. The pkg_resources package is slated for removal as early as 2025-11-30. Refrain from using this package or pin to Setuptools<81.
  __import__("pkg_resources").declare_namespace(__name__)
/home/sun4208/miniconda3/envs/video_policy/lib/python3.10/site-packages/transformers/utils/generic.py:339: FutureWarning: `torch.utils._pytree._register_pytree_node` is deprecated. Please use `torch.utils._pytree.register_pytree_node` instead.
  _torch_pytree._register_pytree_node(
/home/sun4208/miniconda3/envs/video_policy/lib/python3.10/site-packages/transformers/utils/generic.py:339: FutureWarning: `torch.utils._pytree._register_pytree_node` is deprecated. Please use `torch.utils._pytree.register_pytree_node` instead.
  _torch_pytree._register_pytree_node(
/home/sun4208/miniconda3/envs/video_policy/lib/python3.10/site-packages/transformers/utils/generic.py:339: FutureWarning: `torch.utils._pytree._register_pytree_node` is deprecated. Please use `torch.utils._pytree.register_pytree_node` instead.
  _torch_pytree._register_pytree_node(
no module 'xformers'. Processing without...
no module 'xformers'. Processing without...
/home/sun4208/miniconda3/envs/video_policy/lib/python3.10/site-packages/torchdata/datapipes/__init__.py:18: UserWarning: 
################################################################################
WARNING!
The 'datapipes', 'dataloader2' modules are deprecated and will be removed in a
future torchdata release! Please see https://github.com/pytorch/data/issues/1196
to learn more and leave feedback.
################################################################################

  deprecation_warning()
Global seed set to 42
wandb: Tracking run with wandb version 0.28.2
wandb: W&B syncing is set to `offline` in this directory. Run `wandb online` or set WANDB_MODE=online to enable cloud syncing.
wandb: Run data is saved locally in /home/sun4208/Geo4D/bench_out/wandb/offline-run-20260824_024520-p6xi6cjl
wandb: View this run in the terminal with `wandb leet`
wandb: WARNING Symlinked 1 file into the W&B run directory; call wandb.save again to sync new files.
Attention mode 'softmax-xformers' is not available. Falling back to native attention. This is not a problem in Pytorch >= 2.0. FYI, you are running with PyTorch version 2.11.0+cu128.
Attention mode 'softmax-xformers' is not available. Falling back to native attention. This is not a problem in Pytorch >= 2.0. FYI, you are running with PyTorch version 2.11.0+cu128.
Attention mode 'softmax-xformers' is not available. Falling back to native attention. This is not a problem in Pytorch >= 2.0. FYI, you are running with PyTorch version 2.11.0+cu128.
Attention mode 'softmax-xformers' is not available. Falling back to native attention. This is not a problem in Pytorch >= 2.0. FYI, you are running with PyTorch version 2.11.0+cu128.
Attention mode 'softmax-xformers' is not available. Falling back to native attention. This is not a problem in Pytorch >= 2.0. FYI, you are running with PyTorch version 2.11.0+cu128.
Attention mode 'softmax-xformers' is not available. Falling back to native attention. This is not a problem in Pytorch >= 2.0. FYI, you are running with PyTorch version 2.11.0+cu128.
Attention mode 'softmax-xformers' is not available. Falling back to native attention. This is not a problem in Pytorch >= 2.0. FYI, you are running with PyTorch version 2.11.0+cu128.
Attention mode 'softmax-xformers' is not available. Falling back to native attention. This is not a problem in Pytorch >= 2.0. FYI, you are running with PyTorch version 2.11.0+cu128.
Attention mode 'softmax-xformers' is not available. Falling back to native attention. This is not a problem in Pytorch >= 2.0. FYI, you are running with PyTorch version 2.11.0+cu128.
Attention mode 'softmax-xformers' is not available. Falling back to native attention. This is not a problem in Pytorch >= 2.0. FYI, you are running with PyTorch version 2.11.0+cu128.
Attention mode 'softmax-xformers' is not available. Falling back to native attention. This is not a problem in Pytorch >= 2.0. FYI, you are running with PyTorch version 2.11.0+cu128.
Attention mode 'softmax-xformers' is not available. Falling back to native attention. This is not a problem in Pytorch >= 2.0. FYI, you are running with PyTorch version 2.11.0+cu128.
Attention mode 'softmax-xformers' is not available. Falling back to native attention. This is not a problem in Pytorch >= 2.0. FYI, you are running with PyTorch version 2.11.0+cu128.
Attention mode 'softmax-xformers' is not available. Falling back to native attention. This is not a problem in Pytorch >= 2.0. FYI, you are running with PyTorch version 2.11.0+cu128.
Attention mode 'softmax-xformers' is not available. Falling back to native attention. This is not a problem in Pytorch >= 2.0. FYI, you are running with PyTorch version 2.11.0+cu128.
Attention mode 'softmax-xformers' is not available. Falling back to native attention. This is not a problem in Pytorch >= 2.0. FYI, you are running with PyTorch version 2.11.0+cu128.
VideoTransformerBlock is using checkpointing
VideoTransformerBlock is using checkpointing
VideoTransformerBlock is using checkpointing
VideoTransformerBlock is using checkpointing
VideoTransformerBlock is using checkpointing
VideoTransformerBlock is using checkpointing
VideoTransformerBlock is using checkpointing
VideoTransformerBlock is using checkpointing
VideoTransformerBlock is using checkpointing
VideoTransformerBlock is using checkpointing
VideoTransformerBlock is using checkpointing
VideoTransformerBlock is using checkpointing
VideoTransformerBlock is using checkpointing
VideoTransformerBlock is using checkpointing
VideoTransformerBlock is using checkpointing
VideoTransformerBlock is using checkpointing
conditioner_config.params.emb_models[1].params.disable_encoder_autocast: True
conditioner_config.params.emb_models[1].params.en_and_decode_n_samples_a_time: 
10
conditioner_config.params.emb_models[2].params.disable_encoder_autocast: True
conditioner_config.params.emb_models[2].params.en_and_decode_n_samples_a_time: 
10
Initialized embedder #0: FrozenOpenCLIPImagePredictionEmbedder with 683800065 params. Trainable: False
Autoencoder ckpt is None, skipping!
Autoencoder ckpt is not None...
missing_keys:
[
    'quant_conv.weight',
    'quant_conv.bias',
    'post_quant_conv.weight',
    'post_quant_conv.bias'
]
Initialized embedder #1: VideoPredictionEmbedderWithEncoder with 83653863 params. Trainable: False
Autoencoder ckpt is None, skipping!
Autoencoder ckpt is not None...
missing_keys:
[
    'quant_conv.weight',
    'quant_conv.bias',
    'post_quant_conv.weight',
    'post_quant_conv.bias'
]
WARNING:sgm.models.autoencoder:Checkpoint path is deprecated, use `checkpoint_egnine` instead
Initialized embedder #2: VideoPredictionEmbedderWithEncoder with 83653863 params. Trainable: False
Autoencoder ckpt is not None...
missing_keys:
[]
WARNING:sgm.models.autoencoder:Checkpoint path is deprecated, use `checkpoint_egnine` instead
Autoencoder ckpt is not None...
missing_keys:
[]
Restored from 
/home/sun4208/Geo4D/checkpoints/checkpoints/outputs/apple/4dgen.ckpt with 0 
missing and 0 unexpected keys
UNet 파라미터 1.54B
[MEM teacher bf16] alloc 6.77GB | max 9.65GB | reserved 9.76GB
[2/5] 컨디션 사전계산
ODE 쌍 284개 / 샘플 142개
/home/sun4208/4dgen/sgm/util.py:54: FutureWarning: `torch.cuda.amp.autocast(args...)` is deprecated. Please use `torch.amp.autocast('cuda', args...)` instead.
  with torch.cuda.amp.autocast(


Is relative traj: False

Loading replay buffer from: /home/sun4208/Geo4D/Data/replay_buffer_infer.zarr
latent shape: (20, 8, 32, 40) | cond keys: {'crossattn': (2, 1, 1024), 'concat': (20, 8, 32, 40)}
  50/142 (214s)
  100/142 (426s)
컨디션 142개 사전계산 완료 (605s)
GT 뷰 비 r_gt 평균 0.788 (프레임 std 0.014, 샘플 std 0.164)
[MEM conditioner/VAE 제거 후] alloc 3.38GB | max 9.65GB | reserved 3.46GB
[3/5] generator(v2 student) + fake_score(teacher 사본) 구성
[resume] /home/sun4208/Geo4D/dmd_6d step 2000부터 이어서 학습 (optimizer 상태는 재시작)
fake_score 초기화: /home/sun4208/Geo4D/dmd_6d/dmd_fake.pt
generator 초기화: /home/sun4208/Geo4D/dmd_6d/dmd_gen.pt (step 2000, missing=0, unexpected=0)
[MEM 3벌 구성] alloc 9.13GB | max 9.65GB | reserved 9.14GB
student σ 스케줄: ['700.0', '70.5', '2.3']
[5/5] DMD 학습 시작
[MEM 학습 전] alloc 9.13GB | max 9.65GB | reserved 9.14GB
/home/sun4208/miniconda3/envs/video_policy/lib/python3.10/site-packages/torch/_dynamo/eval_frame.py:1263: UserWarning: torch.utils.checkpoint: the use_reentrant parameter should be passed explicitly. Starting in PyTorch 2.9, calling checkpoint without use_reentrant will raise an exception. use_reentrant=False is recommended, but if you need to preserve the current default behavior, you can pass use_reentrant=True. Refer to docs for more details on the differences between the two variants.
  return fn(*args, **kwargs)
/home/sun4208/miniconda3/envs/video_policy/lib/python3.10/site-packages/torch/utils/checkpoint.py:232: UserWarning: None of the inputs have requires_grad=True. Gradients will be None
  check_backward_validity(args)
/home/sun4208/miniconda3/envs/video_policy/lib/python3.10/contextlib.py:103: FutureWarning: `torch.backends.cuda.sdp_kernel()` is deprecated. In the future, this context manager will be removed. Please see `torch.nn.attention.sdpa_kernel()` for the new context manager, with updated signature.
  self.gen = func(*args, **kwds)
[DIAG step 0] full-step MSE(x0,z)=0.7313 | std비 full=1.005 1step=0.901 (1.0=teacher 수준, ↓=안개/평균 붕괴) | 뷰비 r student 1.329 vs teacher 1.518 vs GT 0.919
[step 2010/4000] gen 0.0044 gap 0.0055 |g| 0.45 | anchor 0.0782 λ 2.78e-02 (s_L 1.028 s_R 0.990; 1.0=조건과 일치) | critic 0.0426 |g| 1.01 | 0.0s/step | max 27.3GB
[step 2020/4000] gen 0.0052 gap 0.0037 |g| 0.39 | anchor 0.1017 λ 2.63e-02 (s_L 0.938 s_R 0.995; 1.0=조건과 일치) | critic 0.0413 |g| 1.09 | 0.0s/step | max 27.3GB
[step 2030/4000] gen 0.0041 gap 0.0054 |g| 0.32 | anchor 0.0691 λ 2.60e-02 (s_L 1.004 s_R 0.991; 1.0=조건과 일치) | critic 0.0407 |g| 0.82 | 0.0s/step | max 27.3GB
[step 2040/4000] gen 0.0052 gap 0.0051 |g| 0.31 | anchor 0.0952 λ 2.54e-02 (s_L 0.948 s_R 0.974; 1.0=조건과 일치) | critic 0.0523 |g| 0.80 | 0.0s/step | max 27.3GB
[step 2050/4000] gen 0.0052 gap 0.0056 |g| 0.22 | anchor 0.1546 λ 1.73e-02 (s_L 0.986 s_R 0.988; 1.0=조건과 일치) | critic 0.0444 |g| 1.00 | 0.0s/step | max 27.3GB
[step 2060/4000] gen 0.0042 gap 0.0057 |g| 0.28 | anchor 0.0982 λ 2.23e-02 (s_L 0.965 s_R 1.004; 1.0=조건과 일치) | critic 0.0347 |g| 0.76 | 0.1s/step | max 27.3GB
[step 2070/4000] gen 0.0047 gap 0.0043 |g| 0.34 | anchor 0.1033 λ 2.30e-02 (s_L 1.010 s_R 1.044; 1.0=조건과 일치) | critic 0.0356 |g| 0.96 | 0.1s/step | max 27.3GB
[step 2080/4000] gen 0.0043 gap 0.0054 |g| 0.74 | anchor 0.0975 λ 2.41e-02 (s_L 1.012 s_R 0.977; 1.0=조건과 일치) | critic 0.0489 |g| 0.99 | 0.1s/step | max 27.3GB
[step 2090/4000] gen 0.0045 gap 0.0029 |g| 0.24 | anchor 0.0853 λ 2.64e-02 (s_L 1.011 s_R 0.958; 1.0=조건과 일치) | critic 0.0316 |g| 1.23 | 0.1s/step | max 27.3GB
[step 2100/4000] gen 0.0061 gap 0.0057 |g| 0.99 | anchor 0.1187 λ 2.40e-02 (s_L 0.992 s_R 1.021; 1.0=조건과 일치) | critic 0.0367 |g| 1.21 | 0.1s/step | max 27.3GB
[DIAG step 2100] full-step MSE(x0,z)=0.7356 | std비 full=1.007 1step=0.902 (1.0=teacher 수준, ↓=안개/평균 붕괴) | 뷰비 r student 1.325 vs teacher 1.518 vs GT 0.919
[step 2110/4000] gen 0.0058 gap 0.0058 |g| 0.38 | anchor 0.1788 λ 1.87e-02 (s_L 1.038 s_R 0.962; 1.0=조건과 일치) | critic 0.0563 |g| 1.53 | 0.1s/step | max 27.3GB
[step 2120/4000] gen 0.0056 gap 0.0055 |g| 0.32 | anchor 0.1218 λ 2.28e-02 (s_L 0.924 s_R 0.907; 1.0=조건과 일치) | critic 0.0738 |g| 1.15 | 0.1s/step | max 27.3GB
[step 2130/4000] gen 0.0049 gap 0.0041 |g| 0.31 | anchor 0.1024 λ 2.58e-02 (s_L 1.024 s_R 0.971; 1.0=조건과 일치) | critic 0.0383 |g| 2.25 | 0.1s/step | max 27.3GB
[step 2140/4000] gen 0.0051 gap 0.0039 |g| 0.21 | anchor 0.0748 λ 2.94e-02 (s_L 1.003 s_R 1.005; 1.0=조건과 일치) | critic 0.0613 |g| 1.13 | 0.1s/step | max 27.3GB
[step 2150/4000] gen 0.0065 gap 0.0053 |g| 0.29 | anchor 0.1084 λ 2.67e-02 (s_L 0.925 s_R 0.992; 1.0=조건과 일치) | critic 0.0429 |g| 1.16 | 0.1s/step | max 27.3GB
[step 2160/4000] gen 0.0062 gap 0.0038 |g| 0.29 | anchor 0.0957 λ 3.30e-02 (s_L 1.001 s_R 1.052; 1.0=조건과 일치) | critic 0.0507 |g| 1.39 | 0.1s/step | max 27.3GB
[step 2170/4000] gen 0.0061 gap 0.0055 |g| 0.25 | anchor 0.0916 λ 2.83e-02 (s_L 1.013 s_R 1.020; 1.0=조건과 일치) | critic 0.0419 |g| 0.81 | 0.1s/step | max 27.3GB
[step 2180/4000] gen 0.0054 gap 0.0055 |g| 0.47 | anchor 0.1106 λ 2.33e-02 (s_L 0.924 s_R 0.940; 1.0=조건과 일치) | critic 0.0411 |g| 1.07 | 0.1s/step | max 27.3GB
[step 2190/4000] gen 0.0050 gap 0.0035 |g| 0.25 | anchor 0.0876 λ 2.61e-02 (s_L 0.983 s_R 0.987; 1.0=조건과 일치) | critic 0.0380 |g| 0.78 | 0.2s/step | max 27.3GB
[step 2200/4000] gen 0.0052 gap 0.0043 |g| 0.30 | anchor 0.0952 λ 2.57e-02 (s_L 0.955 s_R 0.951; 1.0=조건과 일치) | critic 0.0399 |g| 0.93 | 0.2s/step | max 27.3GB
[DIAG step 2200] full-step MSE(x0,z)=0.7406 | std비 full=1.010 1step=0.910 (1.0=teacher 수준, ↓=안개/평균 붕괴) | 뷰비 r student 1.322 vs teacher 1.518 vs GT 0.919
체크포인트 저장: /home/sun4208/Geo4D/dmd_6d/dmd_gen.pt, dmd_fake.pt (step 2200)
[step 2210/4000] gen 0.0054 gap 0.0054 |g| 0.33 | anchor 0.0846 λ 2.59e-02 (s_L 0.984 s_R 1.028; 1.0=조건과 일치) | critic 0.0430 |g| 0.84 | 0.2s/step | max 27.3GB
[step 2220/4000] gen 0.0047 gap 0.0038 |g| 1.16 | anchor 0.0684 λ 3.18e-02 (s_L 1.011 s_R 0.980; 1.0=조건과 일치) | critic 0.0331 |g| 2.23 | 0.2s/step | max 27.3GB
[step 2230/4000] gen 0.0050 gap 0.0054 |g| 0.68 | anchor 0.0712 λ 2.61e-02 (s_L 1.007 s_R 1.028; 1.0=조건과 일치) | critic 0.0359 |g| 0.97 | 0.2s/step | max 27.3GB
[step 2240/4000] gen 0.0048 gap 0.0057 |g| 0.62 | anchor 0.1056 λ 2.27e-02 (s_L 1.002 s_R 0.944; 1.0=조건과 일치) | critic 0.0555 |g| 0.88 | 0.2s/step | max 27.3GB
[step 2250/4000] gen 0.0066 gap 0.0046 |g| 0.31 | anchor 0.1159 λ 2.78e-02 (s_L 0.973 s_R 0.999; 1.0=조건과 일치) | critic 0.0572 |g| 1.02 | 0.2s/step | max 27.3GB
[step 2260/4000] gen 0.0067 gap 0.0057 |g| 0.28 | anchor 0.1243 λ 2.55e-02 (s_L 0.974 s_R 0.966; 1.0=조건과 일치) | critic 0.0336 |g| 3.42 | 0.2s/step | max 27.3GB
[step 2270/4000] gen 0.0069 gap 0.0055 |g| 0.46 | anchor 0.0913 λ 2.80e-02 (s_L 1.011 s_R 0.995; 1.0=조건과 일치) | critic 0.0329 |g| 0.83 | 0.2s/step | max 27.3GB
[step 2280/4000] gen 0.0049 gap 0.0033 |g| 0.28 | anchor 0.0889 λ 2.62e-02 (s_L 1.011 s_R 1.021; 1.0=조건과 일치) | critic 0.0555 |g| 0.85 | 0.2s/step | max 27.3GB
[step 2290/4000] gen 0.0061 gap 0.0037 |g| 2.25 | anchor 0.0998 λ 2.57e-02 (s_L 0.999 s_R 0.934; 1.0=조건과 일치) | critic 0.0534 |g| 0.95 | 0.2s/step | max 27.3GB
[step 2300/4000] gen 0.0070 gap 0.0057 |g| 0.46 | anchor 0.0842 λ 2.86e-02 (s_L 0.979 s_R 0.980; 1.0=조건과 일치) | critic 0.0346 |g| 0.97 | 0.2s/step | max 27.3GB
[DIAG step 2300] full-step MSE(x0,z)=0.7457 | std비 full=1.013 1step=0.912 (1.0=teacher 수준, ↓=안개/평균 붕괴) | 뷰비 r student 1.320 vs teacher 1.518 vs GT 0.919
[step 2310/4000] gen 0.0084 gap 0.0054 |g| 0.55 | anchor 0.1350 λ 2.95e-02 (s_L 0.949 s_R 0.923; 1.0=조건과 일치) | critic 0.0326 |g| 0.95 | 0.2s/step | max 27.3GB
[step 2320/4000] gen 0.0051 gap 0.0055 |g| 0.28 | anchor 0.1022 λ 2.37e-02 (s_L 0.939 s_R 0.982; 1.0=조건과 일치) | critic 0.0349 |g| 1.02 | 0.3s/step | max 27.3GB
[step 2330/4000] gen 0.0062 gap 0.0055 |g| 0.35 | anchor 0.0909 λ 2.41e-02 (s_L 1.005 s_R 0.964; 1.0=조건과 일치) | critic 0.0384 |g| 0.90 | 0.3s/step | max 27.3GB
[step 2340/4000] gen 0.0058 gap 0.0058 |g| 0.44 | anchor 0.0856 λ 2.48e-02 (s_L 0.977 s_R 1.018; 1.0=조건과 일치) | critic 0.0587 |g| 0.94 | 0.3s/step | max 27.3GB
[step 2350/4000] gen 0.0064 gap 0.0048 |g| 0.58 | anchor 0.0905 λ 3.31e-02 (s_L 1.014 s_R 1.002; 1.0=조건과 일치) | critic 0.0412 |g| 0.87 | 0.3s/step | max 27.3GB
[step 2360/4000] gen 0.0062 gap 0.0045 |g| 0.25 | anchor 0.1112 λ 2.50e-02 (s_L 0.995 s_R 0.944; 1.0=조건과 일치) | critic 0.0416 |g| 1.05 | 0.3s/step | max 27.3GB
[step 2370/4000] gen 0.0076 gap 0.0041 |g| 0.28 | anchor 0.1268 λ 2.90e-02 (s_L 1.009 s_R 0.922; 1.0=조건과 일치) | critic 0.0664 |g| 0.96 | 0.3s/step | max 27.3GB
[step 2380/4000] gen 0.0062 gap 0.0061 |g| 0.42 | anchor 0.0836 λ 2.75e-02 (s_L 1.000 s_R 1.020; 1.0=조건과 일치) | critic 0.0384 |g| 0.82 | 0.3s/step | max 27.3GB
[step 2390/4000] gen 0.0061 gap 0.0052 |g| 0.27 | anchor 0.0822 λ 2.89e-02 (s_L 0.971 s_R 0.966; 1.0=조건과 일치) | critic 0.0436 |g| 0.97 | 0.3s/step | max 27.3GB
[step 2400/4000] gen 0.0067 gap 0.0060 |g| 0.65 | anchor 0.0756 λ 3.53e-02 (s_L 0.986 s_R 0.985; 1.0=조건과 일치) | critic 0.0374 |g| 1.00 | 0.3s/step | max 27.3GB
[DIAG step 2400] full-step MSE(x0,z)=0.7506 | std비 full=1.016 1step=0.915 (1.0=teacher 수준, ↓=안개/평균 붕괴) | 뷰비 r student 1.315 vs teacher 1.518 vs GT 0.919
체크포인트 저장: /home/sun4208/Geo4D/dmd_6d/dmd_gen.pt, dmd_fake.pt (step 2400)
[step 2410/4000] gen 0.0067 gap 0.0055 |g| 0.31 | anchor 0.1046 λ 2.95e-02 (s_L 0.994 s_R 1.025; 1.0=조건과 일치) | critic 0.0337 |g| 0.77 | 0.3s/step | max 27.3GB
[step 2420/4000] gen 0.0057 gap 0.0047 |g| 0.48 | anchor 0.1206 λ 2.30e-02 (s_L 0.947 s_R 0.966; 1.0=조건과 일치) | critic 0.0286 |g| 1.05 | 0.3s/step | max 27.3GB
[step 2430/4000] gen 0.0051 gap 0.0050 |g| 0.36 | anchor 0.0800 λ 2.95e-02 (s_L 1.025 s_R 1.030; 1.0=조건과 일치) | critic 0.0457 |g| 0.84 | 0.3s/step | max 27.3GB
[step 2440/4000] gen 0.0087 gap 0.0050 |g| 0.48 | anchor 0.1098 λ 3.25e-02 (s_L 0.956 s_R 0.977; 1.0=조건과 일치) | critic 0.0301 |g| 0.77 | 0.3s/step | max 27.3GB
[step 2450/4000] gen 0.0064 gap 0.0040 |g| 0.35 | anchor 0.0903 λ 3.24e-02 (s_L 1.012 s_R 0.962; 1.0=조건과 일치) | critic 0.0605 |g| 1.04 | 0.3s/step | max 27.3GB
[step 2460/4000] gen 0.0053 gap 0.0055 |g| 0.47 | anchor 0.0887 λ 2.83e-02 (s_L 1.021 s_R 1.009; 1.0=조건과 일치) | critic 0.0511 |g| 2.45 | 0.3s/step | max 27.3GB
[step 2470/4000] gen 0.0055 gap 0.0042 |g| 0.66 | anchor 0.0803 λ 2.99e-02 (s_L 1.006 s_R 1.008; 1.0=조건과 일치) | critic 0.0380 |g| 0.85 | 0.4s/step | max 27.3GB
[step 2480/4000] gen 0.0057 gap 0.0043 |g| 0.65 | anchor 0.0766 λ 2.94e-02 (s_L 0.962 s_R 0.973; 1.0=조건과 일치) | critic 0.0293 |g| 0.92 | 0.4s/step | max 27.3GB
[step 2490/4000] gen 0.0069 gap 0.0057 |g| 0.52 | anchor 0.1206 λ 2.41e-02 (s_L 0.946 s_R 0.901; 1.0=조건과 일치) | critic 0.0355 |g| 1.35 | 0.4s/step | max 27.3GB
[step 2500/4000] gen 0.0079 gap 0.0066 |g| 0.31 | anchor 0.0805 λ 3.43e-02 (s_L 0.988 s_R 0.997; 1.0=조건과 일치) | critic 0.0646 |g| 0.92 | 0.4s/step | max 27.3GB
[DIAG step 2500] full-step MSE(x0,z)=0.7552 | std비 full=1.019 1step=0.924 (1.0=teacher 수준, ↓=안개/평균 붕괴) | 뷰비 r student 1.317 vs teacher 1.518 vs GT 0.919
[step 2510/4000] gen 0.0067 gap 0.0036 |g| 0.38 | anchor 0.1174 λ 3.29e-02 (s_L 0.971 s_R 0.996; 1.0=조건과 일치) | critic 0.1176 |g| 1.11 | 0.4s/step | max 27.3GB
[step 2520/4000] gen 0.0075 gap 0.0046 |g| 0.53 | anchor 0.1042 λ 3.00e-02 (s_L 1.025 s_R 1.038; 1.0=조건과 일치) | critic 0.0372 |g| 1.09 | 0.4s/step | max 27.3GB
[step 2530/4000] gen 0.0053 gap 0.0034 |g| 0.44 | anchor 0.0601 λ 3.39e-02 (s_L 1.009 s_R 1.015; 1.0=조건과 일치) | critic 0.0364 |g| 0.99 | 0.4s/step | max 27.3GB
[step 2540/4000] gen 0.0070 gap 0.0053 |g| 0.47 | anchor 0.1577 λ 2.46e-02 (s_L 0.923 s_R 0.925; 1.0=조건과 일치) | critic 0.0562 |g| 1.08 | 0.4s/step | max 27.3GB
[step 2550/4000] gen 0.0056 gap 0.0060 |g| 0.36 | anchor 0.0952 λ 2.53e-02 (s_L 0.981 s_R 0.975; 1.0=조건과 일치) | critic 0.0481 |g| 1.19 | 0.4s/step | max 27.3GB
[step 2560/4000] gen 0.0055 gap 0.0034 |g| 0.95 | anchor 0.0860 λ 2.80e-02 (s_L 1.029 s_R 1.047; 1.0=조건과 일치) | critic 0.0364 |g| 0.88 | 0.4s/step | max 27.3GB
[step 2570/4000] gen 0.0084 gap 0.0058 |g| 0.46 | anchor 0.1063 λ 3.15e-02 (s_L 0.969 s_R 0.937; 1.0=조건과 일치) | critic 0.0387 |g| 0.74 | 0.4s/step | max 27.3GB
[step 2580/4000] gen 0.0083 gap 0.0065 |g| 0.47 | anchor 0.1096 λ 3.49e-02 (s_L 1.026 s_R 1.034; 1.0=조건과 일치) | critic 0.0494 |g| 0.87 | 0.4s/step | max 27.3GB
[step 2590/4000] gen 0.0065 gap 0.0054 |g| 0.41 | anchor 0.0837 λ 3.59e-02 (s_L 1.042 s_R 1.005; 1.0=조건과 일치) | critic 0.0270 |g| 1.16 | 0.4s/step | max 27.3GB
[step 2600/4000] gen 0.0070 gap 0.0063 |g| 0.49 | anchor 0.0720 λ 3.26e-02 (s_L 0.990 s_R 1.035; 1.0=조건과 일치) | critic 0.0398 |g| 1.06 | 0.4s/step | max 27.3GB
[DIAG step 2600] full-step MSE(x0,z)=0.7610 | std비 full=1.023 1step=0.930 (1.0=teacher 수준, ↓=안개/평균 붕괴) | 뷰비 r student 1.311 vs teacher 1.518 vs GT 0.919
체크포인트 저장: /home/sun4208/Geo4D/dmd_6d/dmd_gen.pt, dmd_fake.pt (step 2600)
[step 2610/4000] gen 0.0067 gap 0.0062 |g| 0.50 | anchor 0.1036 λ 2.76e-02 (s_L 0.989 s_R 0.950; 1.0=조건과 일치) | critic 0.0465 |g| 1.17 | 0.4s/step | max 27.3GB
[step 2620/4000] gen 0.0094 gap 0.0058 |g| 0.42 | anchor 0.0931 λ 3.73e-02 (s_L 0.954 s_R 1.000; 1.0=조건과 일치) | critic 0.0554 |g| 0.80 | 0.4s/step | max 27.3GB
[step 2630/4000] gen 0.0075 gap 0.0066 |g| 0.71 | anchor 0.0737 λ 3.91e-02 (s_L 1.011 s_R 0.969; 1.0=조건과 일치) | critic 0.0447 |g| 0.81 | 0.4s/step | max 27.3GB
[step 2640/4000] gen 0.0085 gap 0.0059 |g| 0.60 | anchor 0.0804 λ 3.86e-02 (s_L 0.971 s_R 0.993; 1.0=조건과 일치) | critic 0.0289 |g| 0.84 | 0.5s/step | max 27.3GB
[step 2650/4000] gen 0.0080 gap 0.0060 |g| 0.42 | anchor 0.0625 λ 4.17e-02 (s_L 1.018 s_R 0.988; 1.0=조건과 일치) | critic 0.0379 |g| 1.02 | 0.5s/step | max 27.3GB
[step 2660/4000] gen 0.0076 gap 0.0056 |g| 0.25 | anchor 0.0758 λ 3.52e-02 (s_L 0.968 s_R 0.988; 1.0=조건과 일치) | critic 0.0426 |g| 0.95 | 0.5s/step | max 27.3GB
[step 2670/4000] gen 0.0067 gap 0.0064 |g| 0.38 | anchor 0.1074 λ 2.80e-02 (s_L 1.006 s_R 0.996; 1.0=조건과 일치) | critic 0.0384 |g| 14.16 | 0.5s/step | max 27.3GB
[step 2680/4000] gen 0.0072 gap 0.0058 |g| 0.31 | anchor 0.0627 λ 4.11e-02 (s_L 1.013 s_R 1.001; 1.0=조건과 일치) | critic 0.0269 |g| 0.88 | 0.5s/step | max 27.3GB
[step 2690/4000] gen 0.0078 gap 0.0054 |g| 0.36 | anchor 0.0820 λ 3.86e-02 (s_L 0.986 s_R 1.021; 1.0=조건과 일치) | critic 0.0311 |g| 0.87 | 0.5s/step | max 27.3GB
[step 2700/4000] gen 0.0060 gap 0.0045 |g| 0.34 | anchor 0.0713 λ 3.41e-02 (s_L 1.038 s_R 1.025; 1.0=조건과 일치) | critic 0.0440 |g| 1.17 | 0.5s/step | max 27.3GB
[DIAG step 2700] full-step MSE(x0,z)=0.7666 | std비 full=1.027 1step=0.936 (1.0=teacher 수준, ↓=안개/평균 붕괴) | 뷰비 r student 1.313 vs teacher 1.518 vs GT 0.919
[step 2710/4000] gen 0.0101 gap 0.0058 |g| 0.44 | anchor 0.1041 λ 3.69e-02 (s_L 0.976 s_R 1.012; 1.0=조건과 일치) | critic 0.0260 |g| 1.21 | 0.5s/step | max 27.3GB
[step 2720/4000] gen 0.0072 gap 0.0059 |g| 0.36 | anchor 0.0650 λ 3.54e-02 (s_L 0.985 s_R 1.009; 1.0=조건과 일치) | critic 0.0616 |g| 1.00 | 0.5s/step | max 27.3GB
[step 2730/4000] gen 0.0072 gap 0.0059 |g| 0.39 | anchor 0.0925 λ 2.94e-02 (s_L 0.946 s_R 0.978; 1.0=조건과 일치) | critic 0.0281 |g| 1.16 | 0.5s/step | max 27.3GB
[step 2740/4000] gen 0.0071 gap 0.0056 |g| 0.44 | anchor 0.0902 λ 3.10e-02 (s_L 1.006 s_R 0.991; 1.0=조건과 일치) | critic 0.0366 |g| 0.88 | 0.5s/step | max 27.3GB
[step 2750/4000] gen 0.0069 gap 0.0064 |g| 0.38 | anchor 0.0622 λ 3.70e-02 (s_L 1.022 s_R 1.004; 1.0=조건과 일치) | critic 0.0458 |g| 2.05 | 0.5s/step | max 27.3GB
[step 2760/4000] gen 0.0070 gap 0.0060 |g| 0.38 | anchor 0.0741 λ 3.71e-02 (s_L 1.011 s_R 1.012; 1.0=조건과 일치) | critic 0.0602 |g| 0.77 | 0.5s/step | max 27.3GB
[step 2770/4000] gen 0.0080 gap 0.0046 |g| 0.75 | anchor 0.0959 λ 3.72e-02 (s_L 0.995 s_R 0.916; 1.0=조건과 일치) | critic 0.0307 |g| 0.90 | 0.5s/step | max 27.3GB
[step 2780/4000] gen 0.0090 gap 0.0057 |g| 0.72 | anchor 0.0919 λ 3.73e-02 (s_L 0.983 s_R 0.941; 1.0=조건과 일치) | critic 0.0363 |g| 2.00 | 0.5s/step | max 27.3GB
[step 2790/4000] gen 0.0069 gap 0.0060 |g| 0.34 | anchor 0.0647 λ 3.24e-02 (s_L 1.008 s_R 1.011; 1.0=조건과 일치) | critic 0.0312 |g| 0.73 | 0.5s/step | max 27.3GB
[step 2800/4000] gen 0.0103 gap 0.0062 |g| 0.99 | anchor 0.0659 λ 4.45e-02 (s_L 0.991 s_R 1.032; 1.0=조건과 일치) | critic 0.0704 |g| 0.97 | 0.5s/step | max 27.3GB
[DIAG step 2800] full-step MSE(x0,z)=0.7726 | std비 full=1.030 1step=0.943 (1.0=teacher 수준, ↓=안개/평균 붕괴) | 뷰비 r student 1.308 vs teacher 1.518 vs GT 0.919
체크포인트 저장: /home/sun4208/Geo4D/dmd_6d/dmd_gen.pt, dmd_fake.pt (step 2800)
[step 2810/4000] gen 0.0080 gap 0.0053 |g| 0.43 | anchor 0.0748 λ 4.05e-02 (s_L 0.980 s_R 1.014; 1.0=조건과 일치) | critic 0.0319 |g| 12.13 | 0.5s/step | max 27.3GB
[step 2820/4000] gen 0.0076 gap 0.0064 |g| 0.39 | anchor 0.0977 λ 3.12e-02 (s_L 0.977 s_R 0.949; 1.0=조건과 일치) | critic 0.0437 |g| 1.37 | 0.5s/step | max 27.3GB
[step 2830/4000] gen 0.0062 gap 0.0043 |g| 0.28 | anchor 0.0611 λ 3.85e-02 (s_L 1.004 s_R 0.996; 1.0=조건과 일치) | critic 0.0281 |g| 1.33 | 0.5s/step | max 27.3GB
[step 2840/4000] gen 0.0049 gap 0.0021 |g| 0.31 | anchor 0.0944 λ 2.21e-02 (s_L 0.994 s_R 1.000; 1.0=조건과 일치) | critic 0.0279 |g| 5.83 | 0.6s/step | max 27.3GB
[step 2850/4000] gen 0.0069 gap 0.0047 |g| 0.40 | anchor 0.0911 λ 3.56e-02 (s_L 0.999 s_R 1.025; 1.0=조건과 일치) | critic 0.0305 |g| 1.62 | 0.6s/step | max 27.3GB
[step 2860/4000] gen 0.0085 gap 0.0059 |g| 0.43 | anchor 0.0703 λ 4.25e-02 (s_L 0.991 s_R 1.044; 1.0=조건과 일치) | critic 0.0596 |g| 0.93 | 0.6s/step | max 27.3GB
[step 2870/4000] gen 0.0066 gap 0.0057 |g| 0.43 | anchor 0.0879 λ 2.60e-02 (s_L 0.985 s_R 0.996; 1.0=조건과 일치) | critic 0.0330 |g| 0.85 | 0.6s/step | max 27.3GB
[step 2880/4000] gen 0.0067 gap 0.0061 |g| 0.51 | anchor 0.0896 λ 2.78e-02 (s_L 0.947 s_R 0.970; 1.0=조건과 일치) | critic 0.0321 |g| 0.97 | 0.6s/step | max 27.3GB
[step 2890/4000] gen 0.0088 gap 0.0061 |g| 0.56 | anchor 0.0800 λ 4.19e-02 (s_L 0.994 s_R 1.004; 1.0=조건과 일치) | critic 0.0284 |g| 2.82 | 0.6s/step | max 27.3GB
[step 2900/4000] gen 0.0081 gap 0.0060 |g| 0.31 | anchor 0.1350 λ 2.58e-02 (s_L 0.938 s_R 0.946; 1.0=조건과 일치) | critic 0.0275 |g| 1.61 | 0.6s/step | max 27.3GB
[DIAG step 2900] full-step MSE(x0,z)=0.7775 | std비 full=1.034 1step=0.946 (1.0=teacher 수준, ↓=안개/평균 붕괴) | 뷰비 r student 1.305 vs teacher 1.518 vs GT 0.919
[step 2910/4000] gen 0.0114 gap 0.0068 |g| 0.74 | anchor 0.0795 λ 3.80e-02 (s_L 0.977 s_R 0.990; 1.0=조건과 일치) | critic 0.0271 |g| 0.78 | 0.6s/step | max 27.3GB
[step 2920/4000] gen 0.0062 gap 0.0051 |g| 0.64 | anchor 0.0767 λ 3.31e-02 (s_L 1.007 s_R 1.028; 1.0=조건과 일치) | critic 0.0383 |g| 0.94 | 0.6s/step | max 27.3GB
[step 2930/4000] gen 0.0094 gap 0.0064 |g| 0.88 | anchor 0.0922 λ 4.14e-02 (s_L 1.012 s_R 0.975; 1.0=조건과 일치) | critic 0.0419 |g| 1.10 | 0.6s/step | max 27.3GB
[step 2940/4000] gen 0.0065 gap 0.0054 |g| 0.73 | anchor 0.0843 λ 2.84e-02 (s_L 0.934 s_R 0.993; 1.0=조건과 일치) | critic 0.0527 |g| 2.57 | 0.6s/step | max 27.3GB
[step 2950/4000] gen 0.0073 gap 0.0061 |g| 1.61 | anchor 0.0591 λ 3.89e-02 (s_L 0.995 s_R 0.992; 1.0=조건과 일치) | critic 0.0323 |g| 0.88 | 0.6s/step | max 27.3GB
[step 2960/4000] gen 0.0055 gap 0.0061 |g| 0.75 | anchor 0.0876 λ 2.73e-02 (s_L 0.958 s_R 0.989; 1.0=조건과 일치) | critic 0.0337 |g| 0.89 | 0.6s/step | max 27.3GB
[step 2970/4000] gen 0.0095 gap 0.0071 |g| 0.69 | anchor 0.0855 λ 3.79e-02 (s_L 1.034 s_R 1.019; 1.0=조건과 일치) | critic 0.0254 |g| 0.95 | 0.6s/step | max 27.3GB
[step 2980/4000] gen 0.0071 gap 0.0054 |g| 0.38 | anchor 0.0802 λ 3.56e-02 (s_L 0.972 s_R 0.970; 1.0=조건과 일치) | critic 0.0407 |g| 1.01 | 0.6s/step | max 27.3GB
[step 2990/4000] gen 0.0074 gap 0.0055 |g| 0.88 | anchor 0.0523 λ 4.47e-02 (s_L 1.002 s_R 1.013; 1.0=조건과 일치) | critic 0.0281 |g| 0.90 | 0.6s/step | max 27.3GB
[step 3000/4000] gen 0.0075 gap 0.0061 |g| 0.46 | anchor 0.0638 λ 4.02e-02 (s_L 1.000 s_R 1.019; 1.0=조건과 일치) | critic 0.0669 |g| 0.96 | 0.6s/step | max 27.3GB
[DIAG step 3000] full-step MSE(x0,z)=0.7843 | std비 full=1.038 1step=0.956 (1.0=teacher 수준, ↓=안개/평균 붕괴) | 뷰비 r student 1.306 vs teacher 1.518 vs GT 0.919
체크포인트 저장: /home/sun4208/Geo4D/dmd_6d/dmd_gen.pt, dmd_fake.pt (step 3000)
[step 3010/4000] gen 0.0097 gap 0.0065 |g| 1.42 | anchor 0.0743 λ 4.41e-02 (s_L 1.027 s_R 1.001; 1.0=조건과 일치) | critic 0.0254 |g| 1.06 | 0.6s/step | max 27.3GB
[step 3020/4000] gen 0.0073 gap 0.0052 |g| 0.73 | anchor 0.0670 λ 4.34e-02 (s_L 1.006 s_R 1.031; 1.0=조건과 일치) | critic 0.0358 |g| 0.88 | 0.6s/step | max 27.3GB
[step 3030/4000] gen 0.0114 gap 0.0067 |g| 0.62 | anchor 0.1265 λ 3.16e-02 (s_L 0.949 s_R 0.975; 1.0=조건과 일치) | critic 0.0221 |g| 0.90 | 0.6s/step | max 27.3GB
[step 3040/4000] gen 0.0074 gap 0.0061 |g| 0.52 | anchor 0.1332 λ 2.54e-02 (s_L 0.932 s_R 0.974; 1.0=조건과 일치) | critic 0.0234 |g| 0.66 | 0.6s/step | max 27.3GB
[step 3050/4000] gen 0.0102 gap 0.0064 |g| 0.38 | anchor 0.0795 λ 4.24e-02 (s_L 0.995 s_R 1.006; 1.0=조건과 일치) | critic 0.0268 |g| 0.79 | 0.6s/step | max 27.3GB
[step 3060/4000] gen 0.0065 gap 0.0065 |g| 0.50 | anchor 0.0841 λ 3.20e-02 (s_L 0.979 s_R 1.042; 1.0=조건과 일치) | critic 0.0400 |g| 1.17 | 0.6s/step | max 27.3GB
[step 3070/4000] gen 0.0088 gap 0.0056 |g| 1.96 | anchor 0.0836 λ 3.61e-02 (s_L 0.996 s_R 0.947; 1.0=조건과 일치) | critic 0.0300 |g| 0.75 | 0.6s/step | max 27.3GB
[step 3080/4000] gen 0.0072 gap 0.0045 |g| 0.30 | anchor 0.0737 λ 3.05e-02 (s_L 1.025 s_R 1.013; 1.0=조건과 일치) | critic 0.0330 |g| 0.75 | 0.7s/step | max 27.3GB
[step 3090/4000] gen 0.0081 gap 0.0051 |g| 0.40 | anchor 0.0512 λ 4.53e-02 (s_L 0.988 s_R 1.011; 1.0=조건과 일치) | critic 0.0309 |g| 0.86 | 0.7s/step | max 27.3GB
[step 3100/4000] gen 0.0087 gap 0.0063 |g| 0.43 | anchor 0.0721 λ 3.83e-02 (s_L 0.983 s_R 1.010; 1.0=조건과 일치) | critic 0.0326 |g| 0.78 | 0.7s/step | max 27.3GB
[DIAG step 3100] full-step MSE(x0,z)=0.7918 | std비 full=1.042 1step=0.962 (1.0=teacher 수준, ↓=안개/평균 붕괴) | 뷰비 r student 1.308 vs teacher 1.518 vs GT 0.919
[step 3110/4000] gen 0.0100 gap 0.0058 |g| 0.45 | anchor 0.1030 λ 3.70e-02 (s_L 0.990 s_R 1.049; 1.0=조건과 일치) | critic 0.0447 |g| 0.98 | 0.7s/step | max 27.3GB
[step 3120/4000] gen 0.0100 gap 0.0070 |g| 0.68 | anchor 0.0908 λ 4.44e-02 (s_L 1.030 s_R 0.985; 1.0=조건과 일치) | critic 0.0467 |g| 1.16 | 0.7s/step | max 27.3GB
[step 3130/4000] gen 0.0091 gap 0.0064 |g| 0.83 | anchor 0.0684 λ 3.99e-02 (s_L 0.973 s_R 0.975; 1.0=조건과 일치) | critic 0.0383 |g| 1.36 | 0.7s/step | max 27.3GB
[step 3140/4000] gen 0.0059 gap 0.0046 |g| 0.41 | anchor 0.0879 λ 3.02e-02 (s_L 0.949 s_R 0.993; 1.0=조건과 일치) | critic 0.0277 |g| 0.86 | 0.7s/step | max 27.3GB
[step 3150/4000] gen 0.0094 gap 0.0067 |g| 0.68 | anchor 0.0649 λ 4.30e-02 (s_L 1.014 s_R 1.014; 1.0=조건과 일치) | critic 0.0259 |g| 0.85 | 0.7s/step | max 27.3GB
[step 3160/4000] gen 0.0077 gap 0.0047 |g| 0.56 | anchor 0.1030 λ 2.63e-02 (s_L 0.974 s_R 0.912; 1.0=조건과 일치) | critic 0.0364 |g| 1.74 | 0.7s/step | max 27.3GB
[step 3170/4000] gen 0.0100 gap 0.0065 |g| 1.03 | anchor 0.0721 λ 4.44e-02 (s_L 0.991 s_R 1.041; 1.0=조건과 일치) | critic 0.0300 |g| 3.13 | 0.7s/step | max 27.3GB
[step 3180/4000] gen 0.0083 gap 0.0057 |g| 0.69 | anchor 0.0705 λ 3.51e-02 (s_L 0.991 s_R 0.957; 1.0=조건과 일치) | critic 0.0269 |g| 0.80 | 0.7s/step | max 27.3GB
[step 3190/4000] gen 0.0072 gap 0.0051 |g| 1.20 | anchor 0.0729 λ 3.79e-02 (s_L 0.962 s_R 0.990; 1.0=조건과 일치) | critic 0.0284 |g| 1.31 | 0.7s/step | max 27.3GB
[step 3200/4000] gen 0.0086 gap 0.0058 |g| 0.34 | anchor 0.0588 λ 4.01e-02 (s_L 0.982 s_R 1.013; 1.0=조건과 일치) | critic 0.0295 |g| 0.73 | 0.7s/step | max 27.3GB
[DIAG step 3200] full-step MSE(x0,z)=0.7981 | std비 full=1.047 1step=0.968 (1.0=teacher 수준, ↓=안개/평균 붕괴) | 뷰비 r student 1.310 vs teacher 1.518 vs GT 0.919
체크포인트 저장: /home/sun4208/Geo4D/dmd_6d/dmd_gen.pt, dmd_fake.pt (step 3200)
[step 3210/4000] gen 0.0085 gap 0.0052 |g| 1.10 | anchor 0.0710 λ 3.99e-02 (s_L 1.007 s_R 1.044; 1.0=조건과 일치) | critic 0.0557 |g| 0.75 | 0.7s/step | max 27.3GB
[step 3220/4000] gen 0.0070 gap 0.0048 |g| 0.39 | anchor 0.0695 λ 3.25e-02 (s_L 0.971 s_R 0.947; 1.0=조건과 일치) | critic 0.0297 |g| 1.20 | 0.7s/step | max 27.3GB
[step 3230/4000] gen 0.0089 gap 0.0054 |g| 0.61 | anchor 0.0789 λ 3.95e-02 (s_L 0.962 s_R 1.031; 1.0=조건과 일치) | critic 0.0521 |g| 0.83 | 0.7s/step | max 27.3GB
[step 3240/4000] gen 0.0091 gap 0.0051 |g| 0.40 | anchor 0.0805 λ 3.57e-02 (s_L 0.977 s_R 0.978; 1.0=조건과 일치) | critic 0.0603 |g| 0.94 | 0.7s/step | max 27.3GB
[step 3250/4000] gen 0.0072 gap 0.0060 |g| 0.32 | anchor 0.1142 λ 2.85e-02 (s_L 0.981 s_R 1.006; 1.0=조건과 일치) | critic 0.0463 |g| 1.75 | 0.7s/step | max 27.3GB
[step 3260/4000] gen 0.0090 gap 0.0069 |g| 0.36 | anchor 0.0963 λ 3.41e-02 (s_L 0.998 s_R 1.038; 1.0=조건과 일치) | critic 0.0324 |g| 0.62 | 0.7s/step | max 27.3GB
[step 3270/4000] gen 0.0086 gap 0.0054 |g| 0.35 | anchor 0.0682 λ 3.84e-02 (s_L 0.995 s_R 0.960; 1.0=조건과 일치) | critic 0.0320 |g| 0.82 | 0.7s/step | max 27.3GB
[step 3280/4000] gen 0.0085 gap 0.0066 |g| 0.61 | anchor 0.0880 λ 3.08e-02 (s_L 0.972 s_R 0.989; 1.0=조건과 일치) | critic 0.0584 |g| 0.86 | 0.7s/step | max 27.3GB
[step 3290/4000] gen 0.0066 gap 0.0058 |g| 0.53 | anchor 0.1045 λ 3.00e-02 (s_L 0.929 s_R 0.981; 1.0=조건과 일치) | critic 0.0272 |g| 0.77 | 0.7s/step | max 27.3GB
[step 3300/4000] gen 0.0088 gap 0.0064 |g| 0.67 | anchor 0.0810 λ 3.61e-02 (s_L 0.973 s_R 0.983; 1.0=조건과 일치) | critic 0.0324 |g| 0.79 | 0.7s/step | max 27.3GB
[DIAG step 3300] full-step MSE(x0,z)=0.8040 | std비 full=1.050 1step=0.976 (1.0=teacher 수준, ↓=안개/평균 붕괴) | 뷰비 r student 1.305 vs teacher 1.518 vs GT 0.919
[step 3310/4000] gen 0.0080 gap 0.0061 |g| 0.67 | anchor 0.0554 λ 3.88e-02 (s_L 0.985 s_R 1.027; 1.0=조건과 일치) | critic 0.0409 |g| 1.38 | 0.7s/step | max 27.3GB
[step 3320/4000] gen 0.0078 gap 0.0050 |g| 1.20 | anchor 0.0759 λ 3.43e-02 (s_L 0.954 s_R 1.011; 1.0=조건과 일치) | critic 0.0425 |g| 1.07 | 0.7s/step | max 27.3GB
[step 3330/4000] gen 0.0087 gap 0.0044 |g| 0.46 | anchor 0.0804 λ 4.49e-02 (s_L 1.008 s_R 1.043; 1.0=조건과 일치) | critic 0.0417 |g| 1.09 | 0.7s/step | max 27.3GB
[step 3340/4000] gen 0.0103 gap 0.0059 |g| 1.29 | anchor 0.1807 λ 2.05e-02 (s_L 1.017 s_R 0.980; 1.0=조건과 일치) | critic 0.0288 |g| 1.22 | 0.7s/step | max 27.3GB
[step 3350/4000] gen 0.0084 gap 0.0063 |g| 0.70 | anchor 0.0644 λ 4.06e-02 (s_L 1.017 s_R 0.977; 1.0=조건과 일치) | critic 0.0586 |g| 0.81 | 0.8s/step | max 27.3GB
[step 3360/4000] gen 0.0082 gap 0.0064 |g| 0.57 | anchor 0.0863 λ 3.44e-02 (s_L 0.971 s_R 0.983; 1.0=조건과 일치) | critic 0.0291 |g| 1.86 | 0.8s/step | max 27.3GB
[step 3370/4000] gen 0.0069 gap 0.0037 |g| 0.54 | anchor 0.1188 λ 3.22e-02 (s_L 1.000 s_R 1.034; 1.0=조건과 일치) | critic 0.0413 |g| 1.03 | 0.8s/step | max 27.3GB
[step 3380/4000] gen 0.0077 gap 0.0065 |g| 0.60 | anchor 0.1142 λ 2.58e-02 (s_L 0.970 s_R 1.026; 1.0=조건과 일치) | critic 0.0271 |g| 1.02 | 0.8s/step | max 27.3GB
[step 3390/4000] gen 0.0101 gap 0.0056 |g| 0.48 | anchor 0.1039 λ 3.52e-02 (s_L 0.967 s_R 0.953; 1.0=조건과 일치) | critic 0.0671 |g| 0.87 | 0.8s/step | max 27.3GB
[step 3400/4000] gen 0.0083 gap 0.0064 |g| 0.45 | anchor 0.0759 λ 3.52e-02 (s_L 0.991 s_R 0.987; 1.0=조건과 일치) | critic 0.0314 |g| 0.70 | 0.8s/step | max 27.3GB
[DIAG step 3400] full-step MSE(x0,z)=0.8101 | std비 full=1.054 1step=0.980 (1.0=teacher 수준, ↓=안개/평균 붕괴) | 뷰비 r student 1.306 vs teacher 1.518 vs GT 0.919
체크포인트 저장: /home/sun4208/Geo4D/dmd_6d/dmd_gen.pt, dmd_fake.pt (step 3400)
[step 3410/4000] gen 0.0093 gap 0.0059 |g| 1.02 | anchor 0.0734 λ 3.56e-02 (s_L 0.969 s_R 1.001; 1.0=조건과 일치) | critic 0.0347 |g| 0.83 | 0.8s/step | max 27.3GB
[step 3420/4000] gen 0.0105 gap 0.0071 |g| 16.05 | anchor 0.0745 λ 4.06e-02 (s_L 0.971 s_R 1.008; 1.0=조건과 일치) | critic 0.0645 |g| 0.94 | 0.8s/step | max 27.3GB
[step 3430/4000] gen 0.0078 gap 0.0064 |g| 0.48 | anchor 0.0965 λ 2.84e-02 (s_L 0.929 s_R 0.947; 1.0=조건과 일치) | critic 0.0240 |g| 0.78 | 0.8s/step | max 27.3GB
[step 3440/4000] gen 0.0069 gap 0.0037 |g| 0.41 | anchor 0.0940 λ 3.43e-02 (s_L 1.019 s_R 0.942; 1.0=조건과 일치) | critic 0.0313 |g| 0.75 | 0.8s/step | max 27.3GB
[step 3450/4000] gen 0.0056 gap 0.0024 |g| 0.32 | anchor 0.0731 λ 3.14e-02 (s_L 0.955 s_R 0.977; 1.0=조건과 일치) | critic 0.0431 |g| 0.79 | 0.8s/step | max 27.3GB
[step 3460/4000] gen 0.0070 gap 0.0069 |g| 0.83 | anchor 0.0954 λ 2.46e-02 (s_L 0.983 s_R 1.055; 1.0=조건과 일치) | critic 0.0558 |g| 0.76 | 0.8s/step | max 27.3GB
[step 3470/4000] gen 0.0090 gap 0.0054 |g| 0.39 | anchor 0.0614 λ 4.78e-02 (s_L 1.018 s_R 1.002; 1.0=조건과 일치) | critic 0.0306 |g| 2.21 | 0.8s/step | max 27.3GB
[step 3480/4000] gen 0.0088 gap 0.0063 |g| 0.47 | anchor 0.0721 λ 4.28e-02 (s_L 0.985 s_R 0.988; 1.0=조건과 일치) | critic 0.0289 |g| 1.10 | 0.8s/step | max 27.3GB
[step 3490/4000] gen 0.0103 gap 0.0067 |g| 0.45 | anchor 0.1217 λ 3.47e-02 (s_L 0.993 s_R 1.002; 1.0=조건과 일치) | critic 0.0433 |g| 0.99 | 0.8s/step | max 27.3GB
[step 3500/4000] gen 0.0097 gap 0.0059 |g| 0.46 | anchor 0.1056 λ 3.55e-02 (s_L 0.963 s_R 0.931; 1.0=조건과 일치) | critic 0.0361 |g| 1.57 | 0.8s/step | max 27.3GB
[DIAG step 3500] full-step MSE(x0,z)=0.8144 | std비 full=1.056 1step=0.986 (1.0=teacher 수준, ↓=안개/평균 붕괴) | 뷰비 r student 1.301 vs teacher 1.518 vs GT 0.919
[step 3510/4000] gen 0.0082 gap 0.0067 |g| 0.42 | anchor 0.0727 λ 3.26e-02 (s_L 0.953 s_R 0.991; 1.0=조건과 일치) | critic 0.0345 |g| 0.81 | 0.8s/step | max 27.3GB
[step 3520/4000] gen 0.0079 gap 0.0060 |g| 0.51 | anchor 0.0765 λ 3.61e-02 (s_L 0.941 s_R 0.981; 1.0=조건과 일치) | critic 0.0238 |g| 0.73 | 0.8s/step | max 27.3GB
[step 3530/4000] gen 0.0087 gap 0.0066 |g| 0.61 | anchor 0.0966 λ 3.19e-02 (s_L 0.982 s_R 0.989; 1.0=조건과 일치) | critic 0.0286 |g| 0.86 | 0.8s/step | max 27.3GB
[step 3540/4000] gen 0.0117 gap 0.0068 |g| 0.72 | anchor 0.0825 λ 3.95e-02 (s_L 0.970 s_R 0.951; 1.0=조건과 일치) | critic 0.0337 |g| 0.84 | 0.8s/step | max 27.3GB
[step 3550/4000] gen 0.0102 gap 0.0061 |g| 0.46 | anchor 0.0754 λ 4.02e-02 (s_L 0.998 s_R 1.036; 1.0=조건과 일치) | critic 0.0402 |g| 0.80 | 0.8s/step | max 27.3GB
[step 3560/4000] gen 0.0056 gap 0.0023 |g| 0.27 | anchor 0.0811 λ 3.05e-02 (s_L 0.980 s_R 0.950; 1.0=조건과 일치) | critic 0.0427 |g| 1.00 | 0.8s/step | max 27.3GB
[step 3570/4000] gen 0.0095 gap 0.0056 |g| 0.45 | anchor 0.1132 λ 2.94e-02 (s_L 0.955 s_R 0.951; 1.0=조건과 일치) | critic 0.0400 |g| 1.08 | 0.8s/step | max 27.3GB
[step 3580/4000] gen 0.0067 gap 0.0038 |g| 0.30 | anchor 0.0690 λ 3.98e-02 (s_L 0.957 s_R 0.994; 1.0=조건과 일치) | critic 0.0250 |g| 0.82 | 0.8s/step | max 27.3GB
[step 3590/4000] gen 0.0113 gap 0.0063 |g| 0.54 | anchor 0.0856 λ 4.25e-02 (s_L 0.984 s_R 1.023; 1.0=조건과 일치) | critic 0.0372 |g| 1.44 | 0.8s/step | max 27.3GB
[step 3600/4000] gen 0.0091 gap 0.0061 |g| 0.60 | anchor 0.0986 λ 3.42e-02 (s_L 0.981 s_R 0.985; 1.0=조건과 일치) | critic 0.0299 |g| 0.66 | 0.8s/step | max 27.3GB
[DIAG step 3600] full-step MSE(x0,z)=0.8199 | std비 full=1.060 1step=0.992 (1.0=teacher 수준, ↓=안개/평균 붕괴) | 뷰비 r student 1.302 vs teacher 1.518 vs GT 0.919
체크포인트 저장: /home/sun4208/Geo4D/dmd_6d/dmd_gen.pt, dmd_fake.pt (step 3600)
[step 3610/4000] gen 0.0093 gap 0.0069 |g| 0.54 | anchor 0.0981 λ 3.08e-02 (s_L 0.965 s_R 1.035; 1.0=조건과 일치) | critic 0.0332 |g| 0.84 | 0.8s/step | max 27.3GB
[step 3620/4000] gen 0.0133 gap 0.0066 |g| 0.76 | anchor 0.0623 λ 4.76e-02 (s_L 0.982 s_R 0.978; 1.0=조건과 일치) | critic 0.0394 |g| 0.81 | 0.8s/step | max 27.3GB
[step 3630/4000] gen 0.0071 gap 0.0040 |g| 0.73 | anchor 0.0569 λ 4.28e-02 (s_L 1.003 s_R 1.025; 1.0=조건과 일치) | critic 0.0679 |g| 0.82 | 0.8s/step | max 27.3GB
[step 3640/4000] gen 0.0092 gap 0.0058 |g| 0.48 | anchor 0.0638 λ 4.53e-02 (s_L 0.974 s_R 1.034; 1.0=조건과 일치) | critic 0.0314 |g| 0.88 | 0.8s/step | max 27.3GB
[step 3650/4000] gen 0.0071 gap 0.0049 |g| 0.62 | anchor 0.1186 λ 2.28e-02 (s_L 0.965 s_R 0.977; 1.0=조건과 일치) | critic 0.0347 |g| 1.71 | 0.8s/step | max 27.3GB
[step 3660/4000] gen 0.0095 gap 0.0061 |g| 0.58 | anchor 0.0827 λ 2.91e-02 (s_L 0.964 s_R 1.021; 1.0=조건과 일치) | critic 0.0492 |g| 0.94 | 0.8s/step | max 27.3GB
[step 3670/4000] gen 0.0069 gap 0.0053 |g| 1.13 | anchor 0.0708 λ 3.55e-02 (s_L 1.007 s_R 1.023; 1.0=조건과 일치) | critic 0.0411 |g| 0.93 | 0.8s/step | max 27.3GB
[step 3680/4000] gen 0.0106 gap 0.0063 |g| 0.52 | anchor 0.0651 λ 5.32e-02 (s_L 0.993 s_R 1.015; 1.0=조건과 일치) | critic 0.0492 |g| 1.02 | 0.9s/step | max 27.3GB
[step 3690/4000] gen 0.0103 gap 0.0060 |g| 0.59 | anchor 0.0989 λ 3.85e-02 (s_L 0.926 s_R 0.942; 1.0=조건과 일치) | critic 0.0530 |g| 0.95 | 0.9s/step | max 27.3GB
[step 3700/4000] gen 0.0104 gap 0.0064 |g| 0.77 | anchor 0.1032 λ 3.92e-02 (s_L 0.965 s_R 0.966; 1.0=조건과 일치) | critic 0.0545 |g| 0.86 | 0.9s/step | max 27.3GB
[DIAG step 3700] full-step MSE(x0,z)=0.8259 | std비 full=1.064 1step=0.999 (1.0=teacher 수준, ↓=안개/평균 붕괴) | 뷰비 r student 1.296 vs teacher 1.518 vs GT 0.919
[step 3710/4000] gen 0.0117 gap 0.0081 |g| 0.88 | anchor 0.0632 λ 4.46e-02 (s_L 1.014 s_R 0.981; 1.0=조건과 일치) | critic 0.0378 |g| 0.83 | 0.9s/step | max 27.3GB
[step 3720/4000] gen 0.0065 gap 0.0046 |g| 0.66 | anchor 0.0962 λ 3.03e-02 (s_L 0.949 s_R 0.936; 1.0=조건과 일치) | critic 0.0352 |g| 0.75 | 0.9s/step | max 27.3GB
[step 3730/4000] gen 0.0086 gap 0.0057 |g| 0.40 | anchor 0.0436 λ 4.79e-02 (s_L 1.011 s_R 0.998; 1.0=조건과 일치) | critic 0.0460 |g| 1.27 | 0.9s/step | max 27.3GB
[step 3740/4000] gen 0.0077 gap 0.0059 |g| 1.12 | anchor 0.0862 λ 2.91e-02 (s_L 0.966 s_R 0.995; 1.0=조건과 일치) | critic 0.0318 |g| 0.84 | 0.9s/step | max 27.3GB
[step 3750/4000] gen 0.0098 gap 0.0064 |g| 0.44 | anchor 0.0765 λ 4.29e-02 (s_L 0.983 s_R 1.022; 1.0=조건과 일치) | critic 0.0265 |g| 1.17 | 0.9s/step | max 27.3GB
[step 3760/4000] gen 0.0099 gap 0.0063 |g| 0.85 | anchor 0.0789 λ 4.28e-02 (s_L 0.957 s_R 0.975; 1.0=조건과 일치) | critic 0.0314 |g| 1.01 | 0.9s/step | max 27.3GB
[step 3770/4000] gen 0.0076 gap 0.0057 |g| 0.26 | anchor 0.0747 λ 3.66e-02 (s_L 0.964 s_R 1.028; 1.0=조건과 일치) | critic 0.0373 |g| 0.85 | 0.9s/step | max 27.3GB
[step 3780/4000] gen 0.0112 gap 0.0067 |g| 0.74 | anchor 0.1065 λ 3.64e-02 (s_L 0.997 s_R 0.945; 1.0=조건과 일치) | critic 0.0566 |g| 1.53 | 0.9s/step | max 27.3GB
[step 3790/4000] gen 0.0081 gap 0.0056 |g| 0.62 | anchor 0.0744 λ 3.03e-02 (s_L 0.988 s_R 0.967; 1.0=조건과 일치) | critic 0.0301 |g| 0.66 | 0.9s/step | max 27.3GB
[step 3800/4000] gen 0.0076 gap 0.0045 |g| 0.41 | anchor 0.0763 λ 4.00e-02 (s_L 0.983 s_R 0.998; 1.0=조건과 일치) | critic 0.0471 |g| 2.94 | 0.9s/step | max 27.3GB
[DIAG step 3800] full-step MSE(x0,z)=0.8317 | std비 full=1.068 1step=1.007 (1.0=teacher 수준, ↓=안개/평균 붕괴) | 뷰비 r student 1.282 vs teacher 1.518 vs GT 0.919
체크포인트 저장: /home/sun4208/Geo4D/dmd_6d/dmd_gen.pt, dmd_fake.pt (step 3800)
[step 3810/4000] gen 0.0069 gap 0.0062 |g| 0.32 | anchor 0.0624 λ 3.21e-02 (s_L 1.000 s_R 1.005; 1.0=조건과 일치) | critic 0.0570 |g| 1.10 | 0.9s/step | max 27.3GB
[step 3820/4000] gen 0.0108 gap 0.0061 |g| 0.67 | anchor 0.0579 λ 5.26e-02 (s_L 0.992 s_R 1.010; 1.0=조건과 일치) | critic 0.0227 |g| 0.85 | 0.9s/step | max 27.3GB
[step 3830/4000] gen 0.0059 gap 0.0065 |g| 0.32 | anchor 0.1529 λ 1.38e-02 (s_L 0.986 s_R 1.016; 1.0=조건과 일치) | critic 0.0641 |g| 1.61 | 0.9s/step | max 27.3GB
[step 3840/4000] gen 0.0109 gap 0.0066 |g| 0.46 | anchor 0.0975 λ 3.75e-02 (s_L 0.987 s_R 0.993; 1.0=조건과 일치) | critic 0.0473 |g| 0.61 | 0.9s/step | max 27.3GB
[step 3850/4000] gen 0.0085 gap 0.0053 |g| 0.35 | anchor 0.0952 λ 3.39e-02 (s_L 1.000 s_R 1.033; 1.0=조건과 일치) | critic 0.0319 |g| 0.97 | 0.9s/step | max 27.3GB
[step 3860/4000] gen 0.0077 gap 0.0063 |g| 0.34 | anchor 0.0901 λ 3.05e-02 (s_L 0.961 s_R 1.007; 1.0=조건과 일치) | critic 0.0354 |g| 0.94 | 0.9s/step | max 27.3GB
[step 3870/4000] gen 0.0092 gap 0.0062 |g| 0.53 | anchor 0.0567 λ 4.48e-02 (s_L 0.982 s_R 0.992; 1.0=조건과 일치) | critic 0.0319 |g| 1.29 | 0.9s/step | max 27.3GB
[step 3880/4000] gen 0.0068 gap 0.0042 |g| 0.39 | anchor 0.0931 λ 3.38e-02 (s_L 1.007 s_R 0.997; 1.0=조건과 일치) | critic 0.0456 |g| 0.67 | 0.9s/step | max 27.3GB
[step 3890/4000] gen 0.0098 gap 0.0063 |g| 0.53 | anchor 0.0720 λ 4.37e-02 (s_L 0.957 s_R 1.001; 1.0=조건과 일치) | critic 0.0509 |g| 0.87 | 0.9s/step | max 27.3GB
[step 3900/4000] gen 0.0083 gap 0.0059 |g| 0.49 | anchor 0.0944 λ 2.93e-02 (s_L 0.981 s_R 0.999; 1.0=조건과 일치) | critic 0.0808 |g| 0.85 | 0.9s/step | max 27.3GB
[DIAG step 3900] full-step MSE(x0,z)=0.8365 | std비 full=1.071 1step=1.014 (1.0=teacher 수준, ↓=안개/평균 붕괴) | 뷰비 r student 1.286 vs teacher 1.518 vs GT 0.919
[step 3910/4000] gen 0.0089 gap 0.0067 |g| 0.50 | anchor 0.0811 λ 3.84e-02 (s_L 0.989 s_R 1.029; 1.0=조건과 일치) | critic 0.0283 |g| 0.81 | 0.9s/step | max 27.3GB
[step 3920/4000] gen 0.0097 gap 0.0060 |g| 0.71 | anchor 0.0525 λ 4.60e-02 (s_L 0.988 s_R 1.032; 1.0=조건과 일치) | critic 0.0260 |g| 2.33 | 0.9s/step | max 27.3GB
[step 3930/4000] gen 0.0083 gap 0.0066 |g| 0.97 | anchor 0.0690 λ 3.21e-02 (s_L 0.985 s_R 0.999; 1.0=조건과 일치) | critic 0.0356 |g| 0.90 | 0.9s/step | max 27.3GB
[step 3940/4000] gen 0.0107 gap 0.0072 |g| 0.73 | anchor 0.0468 λ 4.24e-02 (s_L 1.010 s_R 0.992; 1.0=조건과 일치) | critic 0.0907 |g| 1.03 | 0.9s/step | max 27.3GB
[step 3950/4000] gen 0.0067 gap 0.0064 |g| 0.38 | anchor 0.0730 λ 2.75e-02 (s_L 0.963 s_R 0.991; 1.0=조건과 일치) | critic 0.0266 |g| 0.77 | 0.9s/step | max 27.3GB
[step 3960/4000] gen 0.0078 gap 0.0046 |g| 0.45 | anchor 0.0753 λ 3.41e-02 (s_L 0.997 s_R 1.009; 1.0=조건과 일치) | critic 0.0261 |g| 0.65 | 0.9s/step | max 27.3GB
[step 3970/4000] gen 0.0100 gap 0.0058 |g| 0.78 | anchor 0.0963 λ 3.72e-02 (s_L 0.979 s_R 0.980; 1.0=조건과 일치) | critic 0.0378 |g| 1.14 | 0.9s/step | max 27.3GB
[step 3980/4000] gen 0.0070 gap 0.0060 |g| 1.02 | anchor 0.0810 λ 3.29e-02 (s_L 1.001 s_R 1.012; 1.0=조건과 일치) | critic 0.0281 |g| 1.72 | 0.9s/step | max 27.3GB
[step 3990/4000] gen 0.0083 gap 0.0056 |g| 0.49 | anchor 0.0673 λ 3.82e-02 (s_L 0.971 s_R 0.973; 1.0=조건과 일치) | critic 0.0481 |g| 0.68 | 0.9s/step | max 27.3GB
[step 4000/4000] gen 0.0075 gap 0.0060 |g| 0.56 | anchor 0.0881 λ 2.89e-02 (s_L 0.951 s_R 0.998; 1.0=조건과 일치) | critic 0.0306 |g| 1.04 | 0.9s/step | max 27.3GB
[DIAG step 4000] full-step MSE(x0,z)=0.8413 | std비 full=1.075 1step=1.019 (1.0=teacher 수준, ↓=안개/평균 붕괴) | 뷰비 r student 1.281 vs teacher 1.518 vs GT 0.919
체크포인트 저장: /home/sun4208/Geo4D/dmd_6d/dmd_gen.pt, dmd_fake.pt (step 4000)
완료
[1;34mwandb[0m: 
[1;34mwandb[0m: You can sync this run to the cloud by running:
[1;34mwandb[0m: [1mwandb sync /home/sun4208/Geo4D/bench_out/wandb/offline-run-20260824_024520-p6xi6cjl[0m
[1;34mwandb[0m: Find logs at: [1;35m../Geo4D/bench_out/wandb/offline-run-20260824_024520-p6xi6cjl/logs[0m
TRAIN_6D_LONG_DONE
[1/3] 모델·LPIPS 로드
/home/sun4208/miniconda3/envs/video_policy/lib/python3.10/site-packages/lightning_fabric/__init__.py:36: UserWarning: pkg_resources is deprecated as an API. See https://setuptools.pypa.io/en/latest/pkg_resources.html. The pkg_resources package is slated for removal as early as 2025-11-30. Refrain from using this package or pin to Setuptools<81.
  __import__("pkg_resources").declare_namespace(__name__)
/home/sun4208/miniconda3/envs/video_policy/lib/python3.10/site-packages/transformers/utils/generic.py:339: FutureWarning: `torch.utils._pytree._register_pytree_node` is deprecated. Please use `torch.utils._pytree.register_pytree_node` instead.
  _torch_pytree._register_pytree_node(
/home/sun4208/miniconda3/envs/video_policy/lib/python3.10/site-packages/transformers/utils/generic.py:339: FutureWarning: `torch.utils._pytree._register_pytree_node` is deprecated. Please use `torch.utils._pytree.register_pytree_node` instead.
  _torch_pytree._register_pytree_node(
/home/sun4208/miniconda3/envs/video_policy/lib/python3.10/site-packages/transformers/utils/generic.py:339: FutureWarning: `torch.utils._pytree._register_pytree_node` is deprecated. Please use `torch.utils._pytree.register_pytree_node` instead.
  _torch_pytree._register_pytree_node(
no module 'xformers'. Processing without...
no module 'xformers'. Processing without...
/home/sun4208/miniconda3/envs/video_policy/lib/python3.10/site-packages/torchdata/datapipes/__init__.py:18: UserWarning: 
################################################################################
WARNING!
The 'datapipes', 'dataloader2' modules are deprecated and will be removed in a
future torchdata release! Please see https://github.com/pytorch/data/issues/1196
to learn more and leave feedback.
################################################################################

  deprecation_warning()
Global seed set to 42
wandb: Tracking run with wandb version 0.28.2
wandb: W&B syncing is set to `offline` in this directory. Run `wandb online` or set WANDB_MODE=online to enable cloud syncing.
wandb: Run data is saved locally in /home/sun4208/Geo4D/bench_out/wandb/offline-run-20260824_035828-3bkx8nd2
wandb: View this run in the terminal with `wandb leet`
wandb: WARNING Symlinked 1 file into the W&B run directory; call wandb.save again to sync new files.
Attention mode 'softmax-xformers' is not available. Falling back to native attention. This is not a problem in Pytorch >= 2.0. FYI, you are running with PyTorch version 2.11.0+cu128.
Attention mode 'softmax-xformers' is not available. Falling back to native attention. This is not a problem in Pytorch >= 2.0. FYI, you are running with PyTorch version 2.11.0+cu128.
Attention mode 'softmax-xformers' is not available. Falling back to native attention. This is not a problem in Pytorch >= 2.0. FYI, you are running with PyTorch version 2.11.0+cu128.
Attention mode 'softmax-xformers' is not available. Falling back to native attention. This is not a problem in Pytorch >= 2.0. FYI, you are running with PyTorch version 2.11.0+cu128.
Attention mode 'softmax-xformers' is not available. Falling back to native attention. This is not a problem in Pytorch >= 2.0. FYI, you are running with PyTorch version 2.11.0+cu128.
Attention mode 'softmax-xformers' is not available. Falling back to native attention. This is not a problem in Pytorch >= 2.0. FYI, you are running with PyTorch version 2.11.0+cu128.
Attention mode 'softmax-xformers' is not available. Falling back to native attention. This is not a problem in Pytorch >= 2.0. FYI, you are running with PyTorch version 2.11.0+cu128.
Attention mode 'softmax-xformers' is not available. Falling back to native attention. This is not a problem in Pytorch >= 2.0. FYI, you are running with PyTorch version 2.11.0+cu128.
Attention mode 'softmax-xformers' is not available. Falling back to native attention. This is not a problem in Pytorch >= 2.0. FYI, you are running with PyTorch version 2.11.0+cu128.
Attention mode 'softmax-xformers' is not available. Falling back to native attention. This is not a problem in Pytorch >= 2.0. FYI, you are running with PyTorch version 2.11.0+cu128.
Attention mode 'softmax-xformers' is not available. Falling back to native attention. This is not a problem in Pytorch >= 2.0. FYI, you are running with PyTorch version 2.11.0+cu128.
Attention mode 'softmax-xformers' is not available. Falling back to native attention. This is not a problem in Pytorch >= 2.0. FYI, you are running with PyTorch version 2.11.0+cu128.
Attention mode 'softmax-xformers' is not available. Falling back to native attention. This is not a problem in Pytorch >= 2.0. FYI, you are running with PyTorch version 2.11.0+cu128.
Attention mode 'softmax-xformers' is not available. Falling back to native attention. This is not a problem in Pytorch >= 2.0. FYI, you are running with PyTorch version 2.11.0+cu128.
Attention mode 'softmax-xformers' is not available. Falling back to native attention. This is not a problem in Pytorch >= 2.0. FYI, you are running with PyTorch version 2.11.0+cu128.
Attention mode 'softmax-xformers' is not available. Falling back to native attention. This is not a problem in Pytorch >= 2.0. FYI, you are running with PyTorch version 2.11.0+cu128.
VideoTransformerBlock is using checkpointing
VideoTransformerBlock is using checkpointing
VideoTransformerBlock is using checkpointing
VideoTransformerBlock is using checkpointing
VideoTransformerBlock is using checkpointing
VideoTransformerBlock is using checkpointing
VideoTransformerBlock is using checkpointing
VideoTransformerBlock is using checkpointing
VideoTransformerBlock is using checkpointing
VideoTransformerBlock is using checkpointing
VideoTransformerBlock is using checkpointing
VideoTransformerBlock is using checkpointing
VideoTransformerBlock is using checkpointing
VideoTransformerBlock is using checkpointing
VideoTransformerBlock is using checkpointing
VideoTransformerBlock is using checkpointing
conditioner_config.params.emb_models[1].params.disable_encoder_autocast: True
conditioner_config.params.emb_models[1].params.en_and_decode_n_samples_a_time: 
10
conditioner_config.params.emb_models[2].params.disable_encoder_autocast: True
conditioner_config.params.emb_models[2].params.en_and_decode_n_samples_a_time: 
10
Initialized embedder #0: FrozenOpenCLIPImagePredictionEmbedder with 683800065 params. Trainable: False
Autoencoder ckpt is None, skipping!
Autoencoder ckpt is not None...
missing_keys:
[
    'quant_conv.weight',
    'quant_conv.bias',
    'post_quant_conv.weight',
    'post_quant_conv.bias'
]
Initialized embedder #1: VideoPredictionEmbedderWithEncoder with 83653863 params. Trainable: False
Autoencoder ckpt is None, skipping!
Autoencoder ckpt is not None...
missing_keys:
[
    'quant_conv.weight',
    'quant_conv.bias',
    'post_quant_conv.weight',
    'post_quant_conv.bias'
]
WARNING:sgm.models.autoencoder:Checkpoint path is deprecated, use `checkpoint_egnine` instead
Initialized embedder #2: VideoPredictionEmbedderWithEncoder with 83653863 params. Trainable: False
Autoencoder ckpt is not None...
missing_keys:
[]
WARNING:sgm.models.autoencoder:Checkpoint path is deprecated, use `checkpoint_egnine` instead
Autoencoder ckpt is not None...
missing_keys:
[]
Restored from 
/home/sun4208/Geo4D/checkpoints/checkpoints/outputs/apple/4dgen.ckpt with 0 
missing and 0 unexpected keys
/home/sun4208/miniconda3/envs/video_policy/lib/python3.10/site-packages/torchvision/models/_utils.py:208: UserWarning: The parameter 'pretrained' is deprecated since 0.13 and may be removed in the future, please use 'weights' instead.
  warnings.warn(
/home/sun4208/miniconda3/envs/video_policy/lib/python3.10/site-packages/torchvision/models/_utils.py:223: UserWarning: Arguments other than a weight enum or `None` for 'weights' are deprecated since 0.13 and may be removed in the future. The current behavior is equivalent to passing `weights=AlexNet_Weights.IMAGENET1K_V1`. You can also use `weights=AlexNet_Weights.DEFAULT` to get the most up-to-date weights.
  warnings.warn(msg)
Setting up [LPIPS] perceptual loss: trunk [alex], v[0.1], spatial [off]
Loading model from: /home/sun4208/miniconda3/envs/video_policy/lib/python3.10/site-packages/lpips/weights/v0.1/alex.pth
[2/3] 데이터
/home/sun4208/4dgen/sgm/util.py:54: FutureWarning: `torch.cuda.amp.autocast(args...)` is deprecated. Please use `torch.amp.autocast('cuda', args...)` instead.
  with torch.cuda.amp.autocast(
/home/sun4208/miniconda3/envs/video_policy/lib/python3.10/site-packages/torch/_dynamo/eval_frame.py:1263: UserWarning: torch.utils.checkpoint: the use_reentrant parameter should be passed explicitly. Starting in PyTorch 2.9, calling checkpoint without use_reentrant will raise an exception. use_reentrant=False is recommended, but if you need to preserve the current default behavior, you can pass use_reentrant=True. Refer to docs for more details on the differences between the two variants.
  return fn(*args, **kwargs)
/home/sun4208/miniconda3/envs/video_policy/lib/python3.10/site-packages/torch/utils/checkpoint.py:232: UserWarning: None of the inputs have requires_grad=True. Gradients will be None
  check_backward_validity(args)
/home/sun4208/miniconda3/envs/video_policy/lib/python3.10/contextlib.py:103: FutureWarning: `torch.backends.cuda.sdp_kernel()` is deprecated. In the future, this context manager will be removed. Please see `torch.nn.attention.sdpa_kernel()` for the new context manager, with updated signature.
  self.gen = func(*args, **kwds)


Is relative traj: False

Loading replay buffer from: /home/sun4208/Geo4D/Data/replay_buffer_infer.zarr
[3/3] 측정
[T25] 25.1s/생성 | PSNR 20.62 | AbsRel 0.0664 (L 0.0673 / R 0.0655) | LPIPS 0.1179 | 선명도 0.01340 (GT 0.02137) | CV 0.1694 | 다양성 0.02271
[S3] 4.5s/생성 | PSNR 20.45 | AbsRel 0.0951 (L 0.0863 / R 0.1039) | LPIPS 0.1426 | 선명도 0.01165 (GT 0.02137) | CV 0.1803 | 다양성 0.02185
[S3b] 4.5s/생성 | PSNR 20.45 | AbsRel 0.0797 (L 0.0789 / R 0.0806) | LPIPS 0.1426 | 선명도 0.01165 (GT 0.02137) | CV 0.1780 | 다양성 0.02185

=== 정밀 분석 — paired 비교 (data_seed 1234, 배치 20 = 뷰 샘플 40, 다양성 배치 3×시드 4) ===
student: dmd_gen_step2400.pt | GT 선명도 0.02137

[평균] 설정 | s/생성 | PSNR^ | AbsRel v (L/R) | LPIPS v | 선명도 | CV-Chamfer v | 시드 다양성  (AbsRel: 오른쪽 GT 가짜 픽셀 제외)
 T25 |  25.1 | 20.62 | 0.0664 (L 0.0673/R 0.0655) | 0.1179 | 0.01340 | 0.1694 | 0.02271
  S3 |   4.5 | 20.45 | 0.0951 (L 0.0863/R 0.1039) | 0.1426 | 0.01165 | 0.1803 | 0.02185
 S3b |   4.5 | 20.45 | 0.0797 (L 0.0789/R 0.0806) | 0.1426 | 0.01165 | 0.1780 | 0.02185

[paired: X − T25, 샘플별 차이] 지표 | 설정 | 평균차 ± std | X가 나은 샘플 비율 | Wilcoxon p
  PSNR |   S3 | -0.1709 ± 0.6038 |  35.0% | 0.048
  PSNR |  S3b | -0.1709 ± 0.6038 |  35.0% | 0.048
AbsRel |   S3 | +0.0287 ± 0.0407 |  17.5% | 0.000
AbsRel |  S3b | +0.0133 ± 0.0190 |  25.0% | 0.000
 LPIPS |   S3 | +0.0246 ± 0.0087 |   0.0% | 0.000
 LPIPS |  S3b | +0.0246 ± 0.0087 |   0.0% | 0.000
 sharp |   S3 | -0.0017 ± 0.0008 |   2.5% | 0.000
 sharp |  S3b | -0.0017 ± 0.0008 |   2.5% | 0.000
    CV |   S3 | +0.0110 ± 0.0473 |  35.0% | 0.475
    CV |  S3b | +0.0086 ± 0.0409 |  35.0% | 0.452
   div |   S3 | -0.0009 ± 0.0023 |  50.0% | 0.562
   div |  S3b | -0.0009 ± 0.0023 |  50.0% | 0.562

[샘플별 AbsRel] batch/view | T25 | S3 | S3b
0/l | 0.068 | 0.087 | 0.084
0/r | 0.094 | 0.126 | 0.123
1/l | 0.133 | 0.127 | 0.122
1/r | 0.035 | 0.070 | 0.055
2/l | 0.173 | 0.174 | 0.148
2/r | 0.067 | 0.109 | 0.070
3/l | 0.049 | 0.098 | 0.086
3/r | 0.079 | 0.148 | 0.123
4/l | 0.064 | 0.092 | 0.089
4/r | 0.076 | 0.091 | 0.096
5/l | 0.049 | 0.061 | 0.064
5/r | 0.073 | 0.065 | 0.065
6/l | 0.101 | 0.135 | 0.099
6/r | 0.055 | 0.202 | 0.097
7/l | 0.050 | 0.076 | 0.080
7/r | 0.066 | 0.068 | 0.068
8/l | 0.070 | 0.081 | 0.079
8/r | 0.047 | 0.099 | 0.063
9/l | 0.047 | 0.069 | 0.069
9/r | 0.053 | 0.079 | 0.063
10/l | 0.046 | 0.064 | 0.053
10/r | 0.038 | 0.114 | 0.094
11/l | 0.091 | 0.109 | 0.114
11/r | 0.100 | 0.124 | 0.132
12/l | 0.037 | 0.051 | 0.050
12/r | 0.071 | 0.058 | 0.056
13/l | 0.039 | 0.055 | 0.054
13/r | 0.047 | 0.052 | 0.051
14/l | 0.067 | 0.115 | 0.084
14/r | 0.086 | 0.293 | 0.119
15/l | 0.044 | 0.062 | 0.060
15/r | 0.079 | 0.069 | 0.065
16/l | 0.046 | 0.059 | 0.057
16/r | 0.072 | 0.070 | 0.057
17/l | 0.046 | 0.064 | 0.065
17/r | 0.072 | 0.070 | 0.059
18/l | 0.060 | 0.071 | 0.058
18/r | 0.032 | 0.104 | 0.086
19/l | 0.066 | 0.076 | 0.062
19/r | 0.068 | 0.067 | 0.069

해석 가이드: S3가 T25 대비 PSNR·LPIPS·선명도·다양성은 동급(p>0.05 또는 개선)인데 AbsRel만 유의하게 나쁘면 '픽셀 복원, 기하 미달'이 샘플 수준에서 확정.

저장: ~/Geo4D/bench_out/precise_6a_6d_s2400.txt
[1;34mwandb[0m: 
[1;34mwandb[0m: You can sync this run to the cloud by running:
[1;34mwandb[0m: [1mwandb sync /home/sun4208/Geo4D/bench_out/wandb/offline-run-20260824_035828-3bkx8nd2[0m
[1;34mwandb[0m: Find logs at: [1;35m../Geo4D/bench_out/wandb/offline-run-20260824_035828-3bkx8nd2/logs[0m
[1/3] 모델·LPIPS 로드
/home/sun4208/miniconda3/envs/video_policy/lib/python3.10/site-packages/lightning_fabric/__init__.py:36: UserWarning: pkg_resources is deprecated as an API. See https://setuptools.pypa.io/en/latest/pkg_resources.html. The pkg_resources package is slated for removal as early as 2025-11-30. Refrain from using this package or pin to Setuptools<81.
  __import__("pkg_resources").declare_namespace(__name__)
/home/sun4208/miniconda3/envs/video_policy/lib/python3.10/site-packages/transformers/utils/generic.py:339: FutureWarning: `torch.utils._pytree._register_pytree_node` is deprecated. Please use `torch.utils._pytree.register_pytree_node` instead.
  _torch_pytree._register_pytree_node(
/home/sun4208/miniconda3/envs/video_policy/lib/python3.10/site-packages/transformers/utils/generic.py:339: FutureWarning: `torch.utils._pytree._register_pytree_node` is deprecated. Please use `torch.utils._pytree.register_pytree_node` instead.
  _torch_pytree._register_pytree_node(
/home/sun4208/miniconda3/envs/video_policy/lib/python3.10/site-packages/transformers/utils/generic.py:339: FutureWarning: `torch.utils._pytree._register_pytree_node` is deprecated. Please use `torch.utils._pytree.register_pytree_node` instead.
  _torch_pytree._register_pytree_node(
no module 'xformers'. Processing without...
no module 'xformers'. Processing without...
/home/sun4208/miniconda3/envs/video_policy/lib/python3.10/site-packages/torchdata/datapipes/__init__.py:18: UserWarning: 
################################################################################
WARNING!
The 'datapipes', 'dataloader2' modules are deprecated and will be removed in a
future torchdata release! Please see https://github.com/pytorch/data/issues/1196
to learn more and leave feedback.
################################################################################

  deprecation_warning()
Global seed set to 42
wandb: Tracking run with wandb version 0.28.2
wandb: W&B syncing is set to `offline` in this directory. Run `wandb online` or set WANDB_MODE=online to enable cloud syncing.
wandb: Run data is saved locally in /home/sun4208/Geo4D/bench_out/wandb/offline-run-20260824_041838-gbnkcas3
wandb: View this run in the terminal with `wandb leet`
wandb: WARNING Symlinked 1 file into the W&B run directory; call wandb.save again to sync new files.
Attention mode 'softmax-xformers' is not available. Falling back to native attention. This is not a problem in Pytorch >= 2.0. FYI, you are running with PyTorch version 2.11.0+cu128.
Attention mode 'softmax-xformers' is not available. Falling back to native attention. This is not a problem in Pytorch >= 2.0. FYI, you are running with PyTorch version 2.11.0+cu128.
Attention mode 'softmax-xformers' is not available. Falling back to native attention. This is not a problem in Pytorch >= 2.0. FYI, you are running with PyTorch version 2.11.0+cu128.
Attention mode 'softmax-xformers' is not available. Falling back to native attention. This is not a problem in Pytorch >= 2.0. FYI, you are running with PyTorch version 2.11.0+cu128.
Attention mode 'softmax-xformers' is not available. Falling back to native attention. This is not a problem in Pytorch >= 2.0. FYI, you are running with PyTorch version 2.11.0+cu128.
Attention mode 'softmax-xformers' is not available. Falling back to native attention. This is not a problem in Pytorch >= 2.0. FYI, you are running with PyTorch version 2.11.0+cu128.
Attention mode 'softmax-xformers' is not available. Falling back to native attention. This is not a problem in Pytorch >= 2.0. FYI, you are running with PyTorch version 2.11.0+cu128.
Attention mode 'softmax-xformers' is not available. Falling back to native attention. This is not a problem in Pytorch >= 2.0. FYI, you are running with PyTorch version 2.11.0+cu128.
Attention mode 'softmax-xformers' is not available. Falling back to native attention. This is not a problem in Pytorch >= 2.0. FYI, you are running with PyTorch version 2.11.0+cu128.
Attention mode 'softmax-xformers' is not available. Falling back to native attention. This is not a problem in Pytorch >= 2.0. FYI, you are running with PyTorch version 2.11.0+cu128.
Attention mode 'softmax-xformers' is not available. Falling back to native attention. This is not a problem in Pytorch >= 2.0. FYI, you are running with PyTorch version 2.11.0+cu128.
Attention mode 'softmax-xformers' is not available. Falling back to native attention. This is not a problem in Pytorch >= 2.0. FYI, you are running with PyTorch version 2.11.0+cu128.
Attention mode 'softmax-xformers' is not available. Falling back to native attention. This is not a problem in Pytorch >= 2.0. FYI, you are running with PyTorch version 2.11.0+cu128.
Attention mode 'softmax-xformers' is not available. Falling back to native attention. This is not a problem in Pytorch >= 2.0. FYI, you are running with PyTorch version 2.11.0+cu128.
Attention mode 'softmax-xformers' is not available. Falling back to native attention. This is not a problem in Pytorch >= 2.0. FYI, you are running with PyTorch version 2.11.0+cu128.
Attention mode 'softmax-xformers' is not available. Falling back to native attention. This is not a problem in Pytorch >= 2.0. FYI, you are running with PyTorch version 2.11.0+cu128.
VideoTransformerBlock is using checkpointing
VideoTransformerBlock is using checkpointing
VideoTransformerBlock is using checkpointing
VideoTransformerBlock is using checkpointing
VideoTransformerBlock is using checkpointing
VideoTransformerBlock is using checkpointing
VideoTransformerBlock is using checkpointing
VideoTransformerBlock is using checkpointing
VideoTransformerBlock is using checkpointing
VideoTransformerBlock is using checkpointing
VideoTransformerBlock is using checkpointing
VideoTransformerBlock is using checkpointing
VideoTransformerBlock is using checkpointing
VideoTransformerBlock is using checkpointing
VideoTransformerBlock is using checkpointing
VideoTransformerBlock is using checkpointing
conditioner_config.params.emb_models[1].params.disable_encoder_autocast: True
conditioner_config.params.emb_models[1].params.en_and_decode_n_samples_a_time: 
10
conditioner_config.params.emb_models[2].params.disable_encoder_autocast: True
conditioner_config.params.emb_models[2].params.en_and_decode_n_samples_a_time: 
10
Initialized embedder #0: FrozenOpenCLIPImagePredictionEmbedder with 683800065 params. Trainable: False
Autoencoder ckpt is None, skipping!
Autoencoder ckpt is not None...
missing_keys:
[
    'quant_conv.weight',
    'quant_conv.bias',
    'post_quant_conv.weight',
    'post_quant_conv.bias'
]
Initialized embedder #1: VideoPredictionEmbedderWithEncoder with 83653863 params. Trainable: False
Autoencoder ckpt is None, skipping!
Autoencoder ckpt is not None...
missing_keys:
[
    'quant_conv.weight',
    'quant_conv.bias',
    'post_quant_conv.weight',
    'post_quant_conv.bias'
]
WARNING:sgm.models.autoencoder:Checkpoint path is deprecated, use `checkpoint_egnine` instead
Initialized embedder #2: VideoPredictionEmbedderWithEncoder with 83653863 params. Trainable: False
Autoencoder ckpt is not None...
missing_keys:
[]
WARNING:sgm.models.autoencoder:Checkpoint path is deprecated, use `checkpoint_egnine` instead
Autoencoder ckpt is not None...
missing_keys:
[]
Restored from 
/home/sun4208/Geo4D/checkpoints/checkpoints/outputs/apple/4dgen.ckpt with 0 
missing and 0 unexpected keys
/home/sun4208/miniconda3/envs/video_policy/lib/python3.10/site-packages/torchvision/models/_utils.py:208: UserWarning: The parameter 'pretrained' is deprecated since 0.13 and may be removed in the future, please use 'weights' instead.
  warnings.warn(
/home/sun4208/miniconda3/envs/video_policy/lib/python3.10/site-packages/torchvision/models/_utils.py:223: UserWarning: Arguments other than a weight enum or `None` for 'weights' are deprecated since 0.13 and may be removed in the future. The current behavior is equivalent to passing `weights=AlexNet_Weights.IMAGENET1K_V1`. You can also use `weights=AlexNet_Weights.DEFAULT` to get the most up-to-date weights.
  warnings.warn(msg)
Setting up [LPIPS] perceptual loss: trunk [alex], v[0.1], spatial [off]
Loading model from: /home/sun4208/miniconda3/envs/video_policy/lib/python3.10/site-packages/lpips/weights/v0.1/alex.pth
[2/3] 데이터
/home/sun4208/4dgen/sgm/util.py:54: FutureWarning: `torch.cuda.amp.autocast(args...)` is deprecated. Please use `torch.amp.autocast('cuda', args...)` instead.
  with torch.cuda.amp.autocast(
/home/sun4208/miniconda3/envs/video_policy/lib/python3.10/site-packages/torch/_dynamo/eval_frame.py:1263: UserWarning: torch.utils.checkpoint: the use_reentrant parameter should be passed explicitly. Starting in PyTorch 2.9, calling checkpoint without use_reentrant will raise an exception. use_reentrant=False is recommended, but if you need to preserve the current default behavior, you can pass use_reentrant=True. Refer to docs for more details on the differences between the two variants.
  return fn(*args, **kwargs)
/home/sun4208/miniconda3/envs/video_policy/lib/python3.10/site-packages/torch/utils/checkpoint.py:232: UserWarning: None of the inputs have requires_grad=True. Gradients will be None
  check_backward_validity(args)
/home/sun4208/miniconda3/envs/video_policy/lib/python3.10/contextlib.py:103: FutureWarning: `torch.backends.cuda.sdp_kernel()` is deprecated. In the future, this context manager will be removed. Please see `torch.nn.attention.sdpa_kernel()` for the new context manager, with updated signature.
  self.gen = func(*args, **kwds)


Is relative traj: False

Loading replay buffer from: /home/sun4208/Geo4D/Data/replay_buffer_infer.zarr
[3/3] 측정
[T25] 25.1s/생성 | PSNR 20.62 | AbsRel 0.0664 (L 0.0673 / R 0.0655) | LPIPS 0.1179 | 선명도 0.01340 (GT 0.02137) | CV 0.1694 | 다양성 0.02271
[S3] 4.5s/생성 | PSNR 20.45 | AbsRel 0.0978 (L 0.0928 / R 0.1028) | LPIPS 0.1351 | 선명도 0.01349 (GT 0.02137) | CV 0.1846 | 다양성 0.02129
[S3b] 4.5s/생성 | PSNR 20.45 | AbsRel 0.0777 (L 0.0760 / R 0.0795) | LPIPS 0.1351 | 선명도 0.01349 (GT 0.02137) | CV 0.1809 | 다양성 0.02129

=== 정밀 분석 — paired 비교 (data_seed 1234, 배치 20 = 뷰 샘플 40, 다양성 배치 3×시드 4) ===
student: dmd_gen_step3200.pt | GT 선명도 0.02137

[평균] 설정 | s/생성 | PSNR^ | AbsRel v (L/R) | LPIPS v | 선명도 | CV-Chamfer v | 시드 다양성  (AbsRel: 오른쪽 GT 가짜 픽셀 제외)
 T25 |  25.1 | 20.62 | 0.0664 (L 0.0673/R 0.0655) | 0.1179 | 0.01340 | 0.1694 | 0.02271
  S3 |   4.5 | 20.45 | 0.0978 (L 0.0928/R 0.1028) | 0.1351 | 0.01349 | 0.1846 | 0.02129
 S3b |   4.5 | 20.45 | 0.0777 (L 0.0760/R 0.0795) | 0.1351 | 0.01349 | 0.1809 | 0.02129

[paired: X − T25, 샘플별 차이] 지표 | 설정 | 평균차 ± std | X가 나은 샘플 비율 | Wilcoxon p
  PSNR |   S3 | -0.1627 ± 0.5508 |  32.5% | 0.070
  PSNR |  S3b | -0.1627 ± 0.5508 |  32.5% | 0.070
AbsRel |   S3 | +0.0314 ± 0.0352 |  12.5% | 0.000
AbsRel |  S3b | +0.0113 ± 0.0161 |  27.5% | 0.000
 LPIPS |   S3 | +0.0172 ± 0.0081 |   2.5% | 0.000
 LPIPS |  S3b | +0.0172 ± 0.0081 |   2.5% | 0.000
 sharp |   S3 | +0.0001 ± 0.0008 |  47.5% | 0.936
 sharp |  S3b | +0.0001 ± 0.0008 |  47.5% | 0.936
    CV |   S3 | +0.0152 ± 0.0398 |  35.0% | 0.154
    CV |  S3b | +0.0115 ± 0.0354 |  45.0% | 0.294
   div |   S3 | -0.0014 ± 0.0028 |  50.0% | 0.438
   div |  S3b | -0.0014 ± 0.0028 |  50.0% | 0.438

[샘플별 AbsRel] batch/view | T25 | S3 | S3b
0/l | 0.068 | 0.089 | 0.078
0/r | 0.094 | 0.113 | 0.109
1/l | 0.133 | 0.131 | 0.119
1/r | 0.035 | 0.077 | 0.064
2/l | 0.173 | 0.180 | 0.144
2/r | 0.067 | 0.101 | 0.076
3/l | 0.049 | 0.097 | 0.074
3/r | 0.079 | 0.160 | 0.130
4/l | 0.064 | 0.098 | 0.086
4/r | 0.076 | 0.103 | 0.104
5/l | 0.049 | 0.063 | 0.065
5/r | 0.073 | 0.076 | 0.072
6/l | 0.101 | 0.144 | 0.095
6/r | 0.055 | 0.169 | 0.068
7/l | 0.050 | 0.078 | 0.077
7/r | 0.066 | 0.072 | 0.070
8/l | 0.070 | 0.090 | 0.075
8/r | 0.047 | 0.099 | 0.054
9/l | 0.047 | 0.073 | 0.067
9/r | 0.053 | 0.091 | 0.068
10/l | 0.046 | 0.072 | 0.053
10/r | 0.038 | 0.105 | 0.079
11/l | 0.091 | 0.114 | 0.115
11/r | 0.100 | 0.137 | 0.139
12/l | 0.037 | 0.062 | 0.048
12/r | 0.071 | 0.063 | 0.062
13/l | 0.039 | 0.066 | 0.052
13/r | 0.047 | 0.053 | 0.046
14/l | 0.067 | 0.127 | 0.083
14/r | 0.086 | 0.274 | 0.106
15/l | 0.044 | 0.072 | 0.058
15/r | 0.079 | 0.075 | 0.074
16/l | 0.046 | 0.070 | 0.057
16/r | 0.072 | 0.063 | 0.062
17/l | 0.046 | 0.073 | 0.060
17/r | 0.072 | 0.063 | 0.063
18/l | 0.060 | 0.075 | 0.056
18/r | 0.032 | 0.089 | 0.066
19/l | 0.066 | 0.082 | 0.061
19/r | 0.068 | 0.073 | 0.075

해석 가이드: S3가 T25 대비 PSNR·LPIPS·선명도·다양성은 동급(p>0.05 또는 개선)인데 AbsRel만 유의하게 나쁘면 '픽셀 복원, 기하 미달'이 샘플 수준에서 확정.

저장: ~/Geo4D/bench_out/precise_6a_6d_s3200.txt
[1;34mwandb[0m: 
[1;34mwandb[0m: You can sync this run to the cloud by running:
[1;34mwandb[0m: [1mwandb sync /home/sun4208/Geo4D/bench_out/wandb/offline-run-20260824_041838-gbnkcas3[0m
[1;34mwandb[0m: Find logs at: [1;35m../Geo4D/bench_out/wandb/offline-run-20260824_041838-gbnkcas3/logs[0m
[1/3] 모델·LPIPS 로드
/home/sun4208/miniconda3/envs/video_policy/lib/python3.10/site-packages/lightning_fabric/__init__.py:36: UserWarning: pkg_resources is deprecated as an API. See https://setuptools.pypa.io/en/latest/pkg_resources.html. The pkg_resources package is slated for removal as early as 2025-11-30. Refrain from using this package or pin to Setuptools<81.
  __import__("pkg_resources").declare_namespace(__name__)
/home/sun4208/miniconda3/envs/video_policy/lib/python3.10/site-packages/transformers/utils/generic.py:339: FutureWarning: `torch.utils._pytree._register_pytree_node` is deprecated. Please use `torch.utils._pytree.register_pytree_node` instead.
  _torch_pytree._register_pytree_node(
/home/sun4208/miniconda3/envs/video_policy/lib/python3.10/site-packages/transformers/utils/generic.py:339: FutureWarning: `torch.utils._pytree._register_pytree_node` is deprecated. Please use `torch.utils._pytree.register_pytree_node` instead.
  _torch_pytree._register_pytree_node(
/home/sun4208/miniconda3/envs/video_policy/lib/python3.10/site-packages/transformers/utils/generic.py:339: FutureWarning: `torch.utils._pytree._register_pytree_node` is deprecated. Please use `torch.utils._pytree.register_pytree_node` instead.
  _torch_pytree._register_pytree_node(
no module 'xformers'. Processing without...
no module 'xformers'. Processing without...
/home/sun4208/miniconda3/envs/video_policy/lib/python3.10/site-packages/torchdata/datapipes/__init__.py:18: UserWarning: 
################################################################################
WARNING!
The 'datapipes', 'dataloader2' modules are deprecated and will be removed in a
future torchdata release! Please see https://github.com/pytorch/data/issues/1196
to learn more and leave feedback.
################################################################################

  deprecation_warning()
Global seed set to 42
wandb: Tracking run with wandb version 0.28.2
wandb: W&B syncing is set to `offline` in this directory. Run `wandb online` or set WANDB_MODE=online to enable cloud syncing.
wandb: Run data is saved locally in /home/sun4208/Geo4D/bench_out/wandb/offline-run-20260824_043841-9j8y571b
wandb: View this run in the terminal with `wandb leet`
wandb: WARNING Symlinked 1 file into the W&B run directory; call wandb.save again to sync new files.
Attention mode 'softmax-xformers' is not available. Falling back to native attention. This is not a problem in Pytorch >= 2.0. FYI, you are running with PyTorch version 2.11.0+cu128.
Attention mode 'softmax-xformers' is not available. Falling back to native attention. This is not a problem in Pytorch >= 2.0. FYI, you are running with PyTorch version 2.11.0+cu128.
Attention mode 'softmax-xformers' is not available. Falling back to native attention. This is not a problem in Pytorch >= 2.0. FYI, you are running with PyTorch version 2.11.0+cu128.
Attention mode 'softmax-xformers' is not available. Falling back to native attention. This is not a problem in Pytorch >= 2.0. FYI, you are running with PyTorch version 2.11.0+cu128.
Attention mode 'softmax-xformers' is not available. Falling back to native attention. This is not a problem in Pytorch >= 2.0. FYI, you are running with PyTorch version 2.11.0+cu128.
Attention mode 'softmax-xformers' is not available. Falling back to native attention. This is not a problem in Pytorch >= 2.0. FYI, you are running with PyTorch version 2.11.0+cu128.
Attention mode 'softmax-xformers' is not available. Falling back to native attention. This is not a problem in Pytorch >= 2.0. FYI, you are running with PyTorch version 2.11.0+cu128.
Attention mode 'softmax-xformers' is not available. Falling back to native attention. This is not a problem in Pytorch >= 2.0. FYI, you are running with PyTorch version 2.11.0+cu128.
Attention mode 'softmax-xformers' is not available. Falling back to native attention. This is not a problem in Pytorch >= 2.0. FYI, you are running with PyTorch version 2.11.0+cu128.
Attention mode 'softmax-xformers' is not available. Falling back to native attention. This is not a problem in Pytorch >= 2.0. FYI, you are running with PyTorch version 2.11.0+cu128.
Attention mode 'softmax-xformers' is not available. Falling back to native attention. This is not a problem in Pytorch >= 2.0. FYI, you are running with PyTorch version 2.11.0+cu128.
Attention mode 'softmax-xformers' is not available. Falling back to native attention. This is not a problem in Pytorch >= 2.0. FYI, you are running with PyTorch version 2.11.0+cu128.
Attention mode 'softmax-xformers' is not available. Falling back to native attention. This is not a problem in Pytorch >= 2.0. FYI, you are running with PyTorch version 2.11.0+cu128.
Attention mode 'softmax-xformers' is not available. Falling back to native attention. This is not a problem in Pytorch >= 2.0. FYI, you are running with PyTorch version 2.11.0+cu128.
Attention mode 'softmax-xformers' is not available. Falling back to native attention. This is not a problem in Pytorch >= 2.0. FYI, you are running with PyTorch version 2.11.0+cu128.
Attention mode 'softmax-xformers' is not available. Falling back to native attention. This is not a problem in Pytorch >= 2.0. FYI, you are running with PyTorch version 2.11.0+cu128.
VideoTransformerBlock is using checkpointing
VideoTransformerBlock is using checkpointing
VideoTransformerBlock is using checkpointing
VideoTransformerBlock is using checkpointing
VideoTransformerBlock is using checkpointing
VideoTransformerBlock is using checkpointing
VideoTransformerBlock is using checkpointing
VideoTransformerBlock is using checkpointing
VideoTransformerBlock is using checkpointing
VideoTransformerBlock is using checkpointing
VideoTransformerBlock is using checkpointing
VideoTransformerBlock is using checkpointing
VideoTransformerBlock is using checkpointing
VideoTransformerBlock is using checkpointing
VideoTransformerBlock is using checkpointing
VideoTransformerBlock is using checkpointing
conditioner_config.params.emb_models[1].params.disable_encoder_autocast: True
conditioner_config.params.emb_models[1].params.en_and_decode_n_samples_a_time: 
10
conditioner_config.params.emb_models[2].params.disable_encoder_autocast: True
conditioner_config.params.emb_models[2].params.en_and_decode_n_samples_a_time: 
10
Initialized embedder #0: FrozenOpenCLIPImagePredictionEmbedder with 683800065 params. Trainable: False
Autoencoder ckpt is None, skipping!
Autoencoder ckpt is not None...
missing_keys:
[
    'quant_conv.weight',
    'quant_conv.bias',
    'post_quant_conv.weight',
    'post_quant_conv.bias'
]
Initialized embedder #1: VideoPredictionEmbedderWithEncoder with 83653863 params. Trainable: False
Autoencoder ckpt is None, skipping!
Autoencoder ckpt is not None...
missing_keys:
[
    'quant_conv.weight',
    'quant_conv.bias',
    'post_quant_conv.weight',
    'post_quant_conv.bias'
]
WARNING:sgm.models.autoencoder:Checkpoint path is deprecated, use `checkpoint_egnine` instead
Initialized embedder #2: VideoPredictionEmbedderWithEncoder with 83653863 params. Trainable: False
Autoencoder ckpt is not None...
missing_keys:
[]
WARNING:sgm.models.autoencoder:Checkpoint path is deprecated, use `checkpoint_egnine` instead
Autoencoder ckpt is not None...
missing_keys:
[]
Restored from 
/home/sun4208/Geo4D/checkpoints/checkpoints/outputs/apple/4dgen.ckpt with 0 
missing and 0 unexpected keys
/home/sun4208/miniconda3/envs/video_policy/lib/python3.10/site-packages/torchvision/models/_utils.py:208: UserWarning: The parameter 'pretrained' is deprecated since 0.13 and may be removed in the future, please use 'weights' instead.
  warnings.warn(
/home/sun4208/miniconda3/envs/video_policy/lib/python3.10/site-packages/torchvision/models/_utils.py:223: UserWarning: Arguments other than a weight enum or `None` for 'weights' are deprecated since 0.13 and may be removed in the future. The current behavior is equivalent to passing `weights=AlexNet_Weights.IMAGENET1K_V1`. You can also use `weights=AlexNet_Weights.DEFAULT` to get the most up-to-date weights.
  warnings.warn(msg)
Setting up [LPIPS] perceptual loss: trunk [alex], v[0.1], spatial [off]
Loading model from: /home/sun4208/miniconda3/envs/video_policy/lib/python3.10/site-packages/lpips/weights/v0.1/alex.pth
[2/3] 데이터
/home/sun4208/4dgen/sgm/util.py:54: FutureWarning: `torch.cuda.amp.autocast(args...)` is deprecated. Please use `torch.amp.autocast('cuda', args...)` instead.
  with torch.cuda.amp.autocast(
/home/sun4208/miniconda3/envs/video_policy/lib/python3.10/site-packages/torch/_dynamo/eval_frame.py:1263: UserWarning: torch.utils.checkpoint: the use_reentrant parameter should be passed explicitly. Starting in PyTorch 2.9, calling checkpoint without use_reentrant will raise an exception. use_reentrant=False is recommended, but if you need to preserve the current default behavior, you can pass use_reentrant=True. Refer to docs for more details on the differences between the two variants.
  return fn(*args, **kwargs)
/home/sun4208/miniconda3/envs/video_policy/lib/python3.10/site-packages/torch/utils/checkpoint.py:232: UserWarning: None of the inputs have requires_grad=True. Gradients will be None
  check_backward_validity(args)
/home/sun4208/miniconda3/envs/video_policy/lib/python3.10/contextlib.py:103: FutureWarning: `torch.backends.cuda.sdp_kernel()` is deprecated. In the future, this context manager will be removed. Please see `torch.nn.attention.sdpa_kernel()` for the new context manager, with updated signature.
  self.gen = func(*args, **kwds)


Is relative traj: False

Loading replay buffer from: /home/sun4208/Geo4D/Data/replay_buffer_infer.zarr
[3/3] 측정
[T25] 25.1s/생성 | PSNR 20.62 | AbsRel 0.0664 (L 0.0673 / R 0.0655) | LPIPS 0.1179 | 선명도 0.01340 (GT 0.02137) | CV 0.1694 | 다양성 0.02271
[S3] 4.5s/생성 | PSNR 20.28 | AbsRel 0.0934 (L 0.0887 / R 0.0982) | LPIPS 0.1345 | 선명도 0.01511 (GT 0.02137) | CV 0.1858 | 다양성 0.02178
[S3b] 4.5s/생성 | PSNR 20.28 | AbsRel 0.0789 (L 0.0756 / R 0.0822) | LPIPS 0.1345 | 선명도 0.01511 (GT 0.02137) | CV 0.1846 | 다양성 0.02178

=== 정밀 분석 — paired 비교 (data_seed 1234, 배치 20 = 뷰 샘플 40, 다양성 배치 3×시드 4) ===
student: dmd_gen.pt | GT 선명도 0.02137

[평균] 설정 | s/생성 | PSNR^ | AbsRel v (L/R) | LPIPS v | 선명도 | CV-Chamfer v | 시드 다양성  (AbsRel: 오른쪽 GT 가짜 픽셀 제외)
 T25 |  25.1 | 20.62 | 0.0664 (L 0.0673/R 0.0655) | 0.1179 | 0.01340 | 0.1694 | 0.02271
  S3 |   4.5 | 20.28 | 0.0934 (L 0.0887/R 0.0982) | 0.1345 | 0.01511 | 0.1858 | 0.02178
 S3b |   4.5 | 20.28 | 0.0789 (L 0.0756/R 0.0822) | 0.1345 | 0.01511 | 0.1846 | 0.02178

[paired: X − T25, 샘플별 차이] 지표 | 설정 | 평균차 ± std | X가 나은 샘플 비율 | Wilcoxon p
  PSNR |   S3 | -0.3370 ± 0.5391 |  25.0% | 0.001
  PSNR |  S3b | -0.3370 ± 0.5391 |  25.0% | 0.001
AbsRel |   S3 | +0.0270 ± 0.0291 |  15.0% | 0.000
AbsRel |  S3b | +0.0125 ± 0.0173 |  27.5% | 0.000
 LPIPS |   S3 | +0.0166 ± 0.0081 |   2.5% | 0.000
 LPIPS |  S3b | +0.0166 ± 0.0081 |   2.5% | 0.000
 sharp |   S3 | +0.0017 ± 0.0008 | 100.0% | 0.000
 sharp |  S3b | +0.0017 ± 0.0008 | 100.0% | 0.000
    CV |   S3 | +0.0164 ± 0.0373 |  35.0% | 0.064
    CV |  S3b | +0.0153 ± 0.0349 |  45.0% | 0.097
   div |   S3 | -0.0009 ± 0.0030 |  50.0% | 0.562
   div |  S3b | -0.0009 ± 0.0030 |  50.0% | 0.562

[샘플별 AbsRel] batch/view | T25 | S3 | S3b
0/l | 0.068 | 0.081 | 0.075
0/r | 0.094 | 0.113 | 0.114
1/l | 0.133 | 0.130 | 0.121
1/r | 0.035 | 0.069 | 0.066
2/l | 0.173 | 0.174 | 0.143
2/r | 0.067 | 0.104 | 0.089
3/l | 0.049 | 0.088 | 0.072
3/r | 0.079 | 0.154 | 0.146
4/l | 0.064 | 0.089 | 0.084
4/r | 0.076 | 0.111 | 0.114
5/l | 0.049 | 0.062 | 0.064
5/r | 0.073 | 0.070 | 0.070
6/l | 0.101 | 0.132 | 0.091
6/r | 0.055 | 0.136 | 0.062
7/l | 0.050 | 0.076 | 0.075
7/r | 0.066 | 0.075 | 0.073
8/l | 0.070 | 0.085 | 0.070
8/r | 0.047 | 0.090 | 0.054
9/l | 0.047 | 0.065 | 0.067
9/r | 0.053 | 0.089 | 0.077
10/l | 0.046 | 0.069 | 0.057
10/r | 0.038 | 0.088 | 0.075
11/l | 0.091 | 0.115 | 0.116
11/r | 0.100 | 0.142 | 0.144
12/l | 0.037 | 0.061 | 0.048
12/r | 0.071 | 0.065 | 0.063
13/l | 0.039 | 0.065 | 0.053
13/r | 0.047 | 0.049 | 0.046
14/l | 0.067 | 0.118 | 0.079
14/r | 0.086 | 0.247 | 0.103
15/l | 0.044 | 0.072 | 0.059
15/r | 0.079 | 0.079 | 0.076
16/l | 0.046 | 0.070 | 0.059
16/r | 0.072 | 0.070 | 0.067
17/l | 0.046 | 0.074 | 0.062
17/r | 0.072 | 0.069 | 0.068
18/l | 0.060 | 0.070 | 0.057
18/r | 0.032 | 0.069 | 0.058
19/l | 0.066 | 0.077 | 0.063
19/r | 0.068 | 0.077 | 0.079

해석 가이드: S3가 T25 대비 PSNR·LPIPS·선명도·다양성은 동급(p>0.05 또는 개선)인데 AbsRel만 유의하게 나쁘면 '픽셀 복원, 기하 미달'이 샘플 수준에서 확정.

저장: ~/Geo4D/bench_out/precise_6a_6d_s4000.txt
[1;34mwandb[0m: 
[1;34mwandb[0m: You can sync this run to the cloud by running:
[1;34mwandb[0m: [1mwandb sync /home/sun4208/Geo4D/bench_out/wandb/offline-run-20260824_043841-9j8y571b[0m
[1;34mwandb[0m: Find logs at: [1;35m../Geo4D/bench_out/wandb/offline-run-20260824_043841-9j8y571b/logs[0m
EVAL_6D_LONG_DONE
