[1/5] teacher 로드
/home/sun4208/miniconda3/envs/video_policy/lib/python3.10/site-packages/lightning_fabric/__init__.py:36: UserWarning: pkg_resources is deprecated as an API. See https://setuptools.pypa.io/en/latest/pkg_resources.html. The pkg_resources package is slated for removal as early as 2025-11-30. Refrain from using this package or pin to Setuptools<81.
  __import__("pkg_resources").declare_namespace(__name__)
/home/sun4208/miniconda3/envs/video_policy/lib/python3.10/site-packages/transformers/utils/generic.py:339: FutureWarning: `torch.utils._pytree._register_pytree_node` is deprecated. Please use `torch.utils._pytree.register_pytree_node` instead.
  _torch_pytree._register_pytree_node(
/home/sun4208/miniconda3/envs/video_policy/lib/python3.10/site-packages/transformers/utils/generic.py:339: FutureWarning: `torch.utils._pytree._register_pytree_node` is deprecated. Please use `torch.utils._pytree.register_pytree_node` instead.
  _torch_pytree._register_pytree_node(
/home/sun4208/miniconda3/envs/video_policy/lib/python3.10/site-packages/transformers/utils/generic.py:339: FutureWarning: `torch.utils._pytree._register_pytree_node` is deprecated. Please use `torch.utils._pytree.register_pytree_node` instead.
  _torch_pytree._register_pytree_node(
no module 'xformers'. Processing without...
no module 'xformers'. Processing without...
/home/sun4208/miniconda3/envs/video_policy/lib/python3.10/site-packages/torchdata/datapipes/__init__.py:18: UserWarning: 
################################################################################
WARNING!
The 'datapipes', 'dataloader2' modules are deprecated and will be removed in a
future torchdata release! Please see https://github.com/pytorch/data/issues/1196
to learn more and leave feedback.
################################################################################

  deprecation_warning()
Global seed set to 42
wandb: Tracking run with wandb version 0.28.2
wandb: W&B syncing is set to `offline` in this directory. Run `wandb online` or set WANDB_MODE=online to enable cloud syncing.
wandb: Run data is saved locally in /home/sun4208/Geo4D/bench_out/wandb/offline-run-20260823_192926-n6ydszul
wandb: View this run in the terminal with `wandb leet`
wandb: WARNING Symlinked 1 file into the W&B run directory; call wandb.save again to sync new files.
Attention mode 'softmax-xformers' is not available. Falling back to native attention. This is not a problem in Pytorch >= 2.0. FYI, you are running with PyTorch version 2.11.0+cu128.
Attention mode 'softmax-xformers' is not available. Falling back to native attention. This is not a problem in Pytorch >= 2.0. FYI, you are running with PyTorch version 2.11.0+cu128.
Attention mode 'softmax-xformers' is not available. Falling back to native attention. This is not a problem in Pytorch >= 2.0. FYI, you are running with PyTorch version 2.11.0+cu128.
Attention mode 'softmax-xformers' is not available. Falling back to native attention. This is not a problem in Pytorch >= 2.0. FYI, you are running with PyTorch version 2.11.0+cu128.
Attention mode 'softmax-xformers' is not available. Falling back to native attention. This is not a problem in Pytorch >= 2.0. FYI, you are running with PyTorch version 2.11.0+cu128.
Attention mode 'softmax-xformers' is not available. Falling back to native attention. This is not a problem in Pytorch >= 2.0. FYI, you are running with PyTorch version 2.11.0+cu128.
Attention mode 'softmax-xformers' is not available. Falling back to native attention. This is not a problem in Pytorch >= 2.0. FYI, you are running with PyTorch version 2.11.0+cu128.
Attention mode 'softmax-xformers' is not available. Falling back to native attention. This is not a problem in Pytorch >= 2.0. FYI, you are running with PyTorch version 2.11.0+cu128.
Attention mode 'softmax-xformers' is not available. Falling back to native attention. This is not a problem in Pytorch >= 2.0. FYI, you are running with PyTorch version 2.11.0+cu128.
Attention mode 'softmax-xformers' is not available. Falling back to native attention. This is not a problem in Pytorch >= 2.0. FYI, you are running with PyTorch version 2.11.0+cu128.
Attention mode 'softmax-xformers' is not available. Falling back to native attention. This is not a problem in Pytorch >= 2.0. FYI, you are running with PyTorch version 2.11.0+cu128.
Attention mode 'softmax-xformers' is not available. Falling back to native attention. This is not a problem in Pytorch >= 2.0. FYI, you are running with PyTorch version 2.11.0+cu128.
Attention mode 'softmax-xformers' is not available. Falling back to native attention. This is not a problem in Pytorch >= 2.0. FYI, you are running with PyTorch version 2.11.0+cu128.
Attention mode 'softmax-xformers' is not available. Falling back to native attention. This is not a problem in Pytorch >= 2.0. FYI, you are running with PyTorch version 2.11.0+cu128.
Attention mode 'softmax-xformers' is not available. Falling back to native attention. This is not a problem in Pytorch >= 2.0. FYI, you are running with PyTorch version 2.11.0+cu128.
Attention mode 'softmax-xformers' is not available. Falling back to native attention. This is not a problem in Pytorch >= 2.0. FYI, you are running with PyTorch version 2.11.0+cu128.
VideoTransformerBlock is using checkpointing
VideoTransformerBlock is using checkpointing
VideoTransformerBlock is using checkpointing
VideoTransformerBlock is using checkpointing
VideoTransformerBlock is using checkpointing
VideoTransformerBlock is using checkpointing
VideoTransformerBlock is using checkpointing
VideoTransformerBlock is using checkpointing
VideoTransformerBlock is using checkpointing
VideoTransformerBlock is using checkpointing
VideoTransformerBlock is using checkpointing
VideoTransformerBlock is using checkpointing
VideoTransformerBlock is using checkpointing
VideoTransformerBlock is using checkpointing
VideoTransformerBlock is using checkpointing
VideoTransformerBlock is using checkpointing
conditioner_config.params.emb_models[1].params.disable_encoder_autocast: True
conditioner_config.params.emb_models[1].params.en_and_decode_n_samples_a_time: 
10
conditioner_config.params.emb_models[2].params.disable_encoder_autocast: True
conditioner_config.params.emb_models[2].params.en_and_decode_n_samples_a_time: 
10
Initialized embedder #0: FrozenOpenCLIPImagePredictionEmbedder with 683800065 params. Trainable: False
Autoencoder ckpt is None, skipping!
Autoencoder ckpt is not None...
missing_keys:
[
    'quant_conv.weight',
    'quant_conv.bias',
    'post_quant_conv.weight',
    'post_quant_conv.bias'
]
Initialized embedder #1: VideoPredictionEmbedderWithEncoder with 83653863 params. Trainable: False
Autoencoder ckpt is None, skipping!
Autoencoder ckpt is not None...
missing_keys:
[
    'quant_conv.weight',
    'quant_conv.bias',
    'post_quant_conv.weight',
    'post_quant_conv.bias'
]
WARNING:sgm.models.autoencoder:Checkpoint path is deprecated, use `checkpoint_egnine` instead
Initialized embedder #2: VideoPredictionEmbedderWithEncoder with 83653863 params. Trainable: False
Autoencoder ckpt is not None...
missing_keys:
[]
WARNING:sgm.models.autoencoder:Checkpoint path is deprecated, use `checkpoint_egnine` instead
Autoencoder ckpt is not None...
missing_keys:
[]
Restored from 
/home/sun4208/Geo4D/checkpoints/checkpoints/outputs/apple/4dgen.ckpt with 0 
missing and 0 unexpected keys
UNet 파라미터 1.54B
[MEM teacher bf16] alloc 6.77GB | max 9.65GB | reserved 9.76GB
[2/5] 컨디션 사전계산
ODE 쌍 284개 / 샘플 142개
/home/sun4208/4dgen/sgm/util.py:54: FutureWarning: `torch.cuda.amp.autocast(args...)` is deprecated. Please use `torch.amp.autocast('cuda', args...)` instead.
  with torch.cuda.amp.autocast(


Is relative traj: False

Loading replay buffer from: /home/sun4208/Geo4D/Data/replay_buffer_infer.zarr
latent shape: (20, 8, 32, 40) | cond keys: {'crossattn': (2, 1, 1024), 'concat': (20, 8, 32, 40)}
  50/142 (210s)
  100/142 (419s)
컨디션 142개 사전계산 완료 (596s)
GT 뷰 비 r_gt 평균 0.788 (프레임 std 0.014, 샘플 std 0.164)
[MEM conditioner/VAE 제거 후] alloc 3.38GB | max 9.65GB | reserved 3.46GB
[3/5] generator(v2 student) + fake_score(teacher 사본) 구성
generator 초기화: /home/sun4208/Geo4D/ode_init_geo4d_v2.pt (step 1200, missing=0, unexpected=0)
[MEM 3벌 구성] alloc 9.13GB | max 9.65GB | reserved 9.14GB
student σ 스케줄: ['700.0', '70.5', '2.3']
[5/5] DMD 학습 시작
[MEM 학습 전] alloc 9.13GB | max 9.65GB | reserved 9.14GB
/home/sun4208/miniconda3/envs/video_policy/lib/python3.10/site-packages/torch/_dynamo/eval_frame.py:1263: UserWarning: torch.utils.checkpoint: the use_reentrant parameter should be passed explicitly. Starting in PyTorch 2.9, calling checkpoint without use_reentrant will raise an exception. use_reentrant=False is recommended, but if you need to preserve the current default behavior, you can pass use_reentrant=True. Refer to docs for more details on the differences between the two variants.
  return fn(*args, **kwargs)
/home/sun4208/miniconda3/envs/video_policy/lib/python3.10/site-packages/torch/utils/checkpoint.py:232: UserWarning: None of the inputs have requires_grad=True. Gradients will be None
  check_backward_validity(args)
/home/sun4208/miniconda3/envs/video_policy/lib/python3.10/contextlib.py:103: FutureWarning: `torch.backends.cuda.sdp_kernel()` is deprecated. In the future, this context manager will be removed. Please see `torch.nn.attention.sdpa_kernel()` for the new context manager, with updated signature.
  self.gen = func(*args, **kwds)
[DIAG step 0] full-step MSE(x0,z)=0.4365 | std비 full=0.791 1step=0.695 (1.0=teacher 수준, ↓=안개/평균 붕괴) | 뷰비 r student 1.024 vs teacher 1.518 vs GT 0.919
[MEM 첫 critic step 후] alloc 12.06GB | max 18.61GB | reserved 12.64GB
[MEM 첫 generator step 후] alloc 14.98GB | max 24.35GB | reserved 15.86GB
[step 10/2000] gen 0.0012 gap 0.0033 |g| 0.07 | anchor 0.4075 λ 2.54e-03 (s_L 1.165 s_R 1.194; 1.0=조건과 일치) | critic 0.2316 |g| 3.85 | 1.7s/step | max 27.3GB
[step 20/2000] gen 0.0020 gap 0.0026 |g| 0.23 | anchor 0.4160 λ 3.69e-03 (s_L 1.073 s_R 1.109; 1.0=조건과 일치) | critic 0.2909 |g| 2.79 | 1.7s/step | max 27.3GB
[step 30/2000] gen 0.0013 gap 0.0037 |g| 0.08 | anchor 0.3423 λ 3.43e-03 (s_L 1.103 s_R 1.033; 1.0=조건과 일치) | critic 0.2569 |g| 5.00 | 1.7s/step | max 27.3GB
[step 40/2000] gen 0.0013 gap 0.0041 |g| 0.08 | anchor 0.4093 λ 2.73e-03 (s_L 1.043 s_R 0.974; 1.0=조건과 일치) | critic 0.3074 |g| 3.00 | 1.8s/step | max 27.3GB
[step 50/2000] gen 0.0010 gap 0.0032 |g| 0.07 | anchor 0.4948 λ 1.76e-03 (s_L 1.025 s_R 1.052; 1.0=조건과 일치) | critic 0.2329 |g| 3.38 | 1.7s/step | max 27.3GB
[step 60/2000] gen 0.0010 gap 0.0035 |g| 0.04 | anchor 0.4200 λ 2.04e-03 (s_L 1.019 s_R 1.042; 1.0=조건과 일치) | critic 0.2489 |g| 2.80 | 1.7s/step | max 27.3GB
[step 70/2000] gen 0.0028 gap 0.0029 |g| 0.15 | anchor 0.4847 λ 5.29e-03 (s_L 1.031 s_R 1.005; 1.0=조건과 일치) | critic 0.2467 |g| 3.88 | 1.7s/step | max 27.3GB
[step 80/2000] gen 0.0011 gap 0.0029 |g| 0.07 | anchor 0.3290 λ 2.96e-03 (s_L 1.110 s_R 1.055; 1.0=조건과 일치) | critic 0.2288 |g| 3.28 | 1.7s/step | max 27.3GB
[step 90/2000] gen 0.0033 gap 0.0016 |g| 0.29 | anchor 0.3476 λ 6.85e-03 (s_L 1.158 s_R 0.922; 1.0=조건과 일치) | critic 0.2769 |g| 4.00 | 1.7s/step | max 27.3GB
[step 100/2000] gen 0.0013 gap 0.0034 |g| 0.08 | anchor 0.4274 λ 2.78e-03 (s_L 0.954 s_R 1.080; 1.0=조건과 일치) | critic 0.2776 |g| 2.78 | 1.7s/step | max 27.3GB
[DIAG step 100] full-step MSE(x0,z)=0.4374 | std비 full=0.793 1step=0.695 (1.0=teacher 수준, ↓=안개/평균 붕괴) | 뷰비 r student 1.089 vs teacher 1.518 vs GT 0.919
[step 110/2000] gen 0.0012 gap 0.0037 |g| 0.05 | anchor 0.3866 λ 2.72e-03 (s_L 1.116 s_R 0.911; 1.0=조건과 일치) | critic 0.2718 |g| 3.20 | 1.8s/step | max 27.3GB
[step 120/2000] gen 0.0020 gap 0.0039 |g| 0.10 | anchor 0.3977 λ 4.11e-03 (s_L 1.082 s_R 1.051; 1.0=조건과 일치) | critic 0.2642 |g| 3.88 | 1.8s/step | max 27.3GB
[step 130/2000] gen 0.0030 gap 0.0027 |g| 0.11 | anchor 0.4061 λ 5.86e-03 (s_L 1.137 s_R 0.979; 1.0=조건과 일치) | critic 0.2250 |g| 3.27 | 1.7s/step | max 27.3GB
[step 140/2000] gen 0.0046 gap 0.0043 |g| 0.29 | anchor 0.4061 λ 8.84e-03 (s_L 1.110 s_R 1.162; 1.0=조건과 일치) | critic 0.2796 |g| 2.91 | 1.8s/step | max 27.3GB
[step 150/2000] gen 0.0024 gap 0.0043 |g| 0.10 | anchor 0.4682 λ 4.25e-03 (s_L 0.992 s_R 1.036; 1.0=조건과 일치) | critic 0.2588 |g| 2.69 | 1.7s/step | max 27.3GB
[step 160/2000] gen 0.0046 gap 0.0041 |g| 0.20 | anchor 0.4183 λ 9.01e-03 (s_L 1.001 s_R 0.961; 1.0=조건과 일치) | critic 0.2700 |g| 2.75 | 1.7s/step | max 27.3GB
[step 170/2000] gen 0.0026 gap 0.0046 |g| 0.18 | anchor 0.3415 λ 6.47e-03 (s_L 1.060 s_R 1.024; 1.0=조건과 일치) | critic 0.2781 |g| 3.10 | 1.7s/step | max 27.3GB
[step 180/2000] gen 0.0013 gap 0.0035 |g| 0.06 | anchor 0.3725 λ 3.23e-03 (s_L 1.038 s_R 0.922; 1.0=조건과 일치) | critic 0.2452 |g| 2.94 | 1.7s/step | max 27.3GB
[step 190/2000] gen 0.0033 gap 0.0025 |g| 0.11 | anchor 0.3056 λ 8.39e-03 (s_L 1.008 s_R 0.912; 1.0=조건과 일치) | critic 0.2648 |g| 9.88 | 1.7s/step | max 27.3GB
[step 200/2000] gen 0.0032 gap 0.0037 |g| 0.15 | anchor 0.3952 λ 7.13e-03 (s_L 1.018 s_R 0.959; 1.0=조건과 일치) | critic 0.2348 |g| 3.88 | 1.8s/step | max 27.3GB
[DIAG step 200] full-step MSE(x0,z)=0.4429 | std비 full=0.799 1step=0.706 (1.0=teacher 수준, ↓=안개/평균 붕괴) | 뷰비 r student 1.176 vs teacher 1.518 vs GT 0.919
체크포인트 저장: /home/sun4208/Geo4D/dmd_6d/dmd_gen.pt, dmd_fake.pt (step 200)
[step 210/2000] gen 0.0026 gap 0.0041 |g| 0.16 | anchor 0.3761 λ 5.31e-03 (s_L 0.973 s_R 0.982; 1.0=조건과 일치) | critic 0.2733 |g| 2.74 | 1.8s/step | max 27.3GB
[step 220/2000] gen 0.0026 gap 0.0025 |g| 0.18 | anchor 0.3116 λ 7.68e-03 (s_L 1.020 s_R 0.937; 1.0=조건과 일치) | critic 0.2338 |g| 2.67 | 1.8s/step | max 27.3GB
[step 230/2000] gen 0.0013 gap 0.0032 |g| 0.06 | anchor 0.4402 λ 2.69e-03 (s_L 0.964 s_R 0.955; 1.0=조건과 일치) | critic 0.2392 |g| 3.52 | 1.8s/step | max 27.3GB
[step 240/2000] gen 0.0009 gap 0.0030 |g| 0.03 | anchor 0.3662 λ 2.28e-03 (s_L 1.042 s_R 0.789; 1.0=조건과 일치) | critic 0.2503 |g| 3.52 | 1.8s/step | max 27.3GB
[step 250/2000] gen 0.0026 gap 0.0038 |g| 0.28 | anchor 0.4333 λ 4.66e-03 (s_L 0.951 s_R 0.946; 1.0=조건과 일치) | critic 0.2530 |g| 2.81 | 1.8s/step | max 27.3GB
[step 260/2000] gen 0.0012 gap 0.0034 |g| 0.08 | anchor 0.4193 λ 2.69e-03 (s_L 0.973 s_R 0.882; 1.0=조건과 일치) | critic 0.2862 |g| 3.58 | 1.8s/step | max 27.3GB
[step 270/2000] gen 0.0028 gap 0.0055 |g| 0.10 | anchor 0.3278 λ 7.66e-03 (s_L 1.013 s_R 0.919; 1.0=조건과 일치) | critic 0.2246 |g| 6.14 | 1.8s/step | max 27.3GB
[step 280/2000] gen 0.0053 gap 0.0036 |g| 0.15 | anchor 0.3924 λ 1.02e-02 (s_L 0.984 s_R 0.918; 1.0=조건과 일치) | critic 0.2582 |g| 3.91 | 1.8s/step | max 27.3GB
[step 290/2000] gen 0.0020 gap 0.0027 |g| 0.16 | anchor 0.4062 λ 3.83e-03 (s_L 0.973 s_R 0.857; 1.0=조건과 일치) | critic 0.2497 |g| 3.87 | 1.8s/step | max 27.3GB
[step 300/2000] gen 0.0022 gap 0.0050 |g| 0.24 | anchor 0.2839 λ 6.61e-03 (s_L 0.980 s_R 0.930; 1.0=조건과 일치) | critic 0.2728 |g| 3.87 | 1.8s/step | max 27.3GB
[DIAG step 300] full-step MSE(x0,z)=0.4497 | std비 full=0.807 1step=0.706 (1.0=teacher 수준, ↓=안개/평균 붕괴) | 뷰비 r student 1.223 vs teacher 1.518 vs GT 0.919
[step 310/2000] gen 0.0024 gap 0.0044 |g| 0.12 | anchor 0.3500 λ 6.40e-03 (s_L 1.013 s_R 0.795; 1.0=조건과 일치) | critic 0.2288 |g| 3.12 | 1.8s/step | max 27.3GB
[step 320/2000] gen 0.0014 gap 0.0038 |g| 0.07 | anchor 0.3539 λ 3.28e-03 (s_L 0.931 s_R 0.904; 1.0=조건과 일치) | critic 0.2401 |g| 3.09 | 1.8s/step | max 27.3GB
[step 330/2000] gen 0.0026 gap 0.0053 |g| 0.16 | anchor 0.3449 λ 6.51e-03 (s_L 0.973 s_R 0.806; 1.0=조건과 일치) | critic 0.2308 |g| 2.92 | 1.8s/step | max 27.3GB
[step 340/2000] gen 0.0013 gap 0.0034 |g| 0.23 | anchor 0.3739 λ 3.36e-03 (s_L 0.921 s_R 0.953; 1.0=조건과 일치) | critic 0.2512 |g| 2.88 | 1.8s/step | max 27.3GB
[step 350/2000] gen 0.0042 gap 0.0048 |g| 0.16 | anchor 0.2503 λ 1.34e-02 (s_L 1.040 s_R 1.004; 1.0=조건과 일치) | critic 0.2480 |g| 2.92 | 1.8s/step | max 27.3GB
[step 360/2000] gen 0.0035 gap 0.0037 |g| 0.12 | anchor 0.3737 λ 7.57e-03 (s_L 1.016 s_R 0.846; 1.0=조건과 일치) | critic 0.2148 |g| 9.62 | 1.8s/step | max 27.3GB
[step 370/2000] gen 0.0044 gap 0.0041 |g| 0.24 | anchor 0.4125 λ 6.90e-03 (s_L 1.032 s_R 0.735; 1.0=조건과 일치) | critic 0.2871 |g| 3.00 | 1.8s/step | max 27.3GB
[step 380/2000] gen 0.0011 gap 0.0037 |g| 0.09 | anchor 0.3657 λ 2.64e-03 (s_L 0.949 s_R 0.856; 1.0=조건과 일치) | critic 0.2183 |g| 2.90 | 1.8s/step | max 27.3GB
[step 390/2000] gen 0.0035 gap 0.0052 |g| 0.18 | anchor 0.3099 λ 8.09e-03 (s_L 1.040 s_R 0.898; 1.0=조건과 일치) | critic 0.2475 |g| 3.09 | 1.8s/step | max 27.3GB
[step 400/2000] gen 0.0020 gap 0.0049 |g| 0.18 | anchor 0.2317 λ 7.10e-03 (s_L 0.991 s_R 0.955; 1.0=조건과 일치) | critic 0.2296 |g| 2.99 | 1.8s/step | max 27.3GB
[DIAG step 400] full-step MSE(x0,z)=0.4562 | std비 full=0.813 1step=0.703 (1.0=teacher 수준, ↓=안개/평균 붕괴) | 뷰비 r student 1.229 vs teacher 1.518 vs GT 0.919
체크포인트 저장: /home/sun4208/Geo4D/dmd_6d/dmd_gen.pt, dmd_fake.pt (step 400)
[step 410/2000] gen 0.0038 gap 0.0057 |g| 0.17 | anchor 0.3678 λ 7.13e-03 (s_L 0.942 s_R 0.935; 1.0=조건과 일치) | critic 0.2094 |g| 3.04 | 1.8s/step | max 27.3GB
[step 420/2000] gen 0.0024 gap 0.0036 |g| 0.11 | anchor 0.4202 λ 4.29e-03 (s_L 0.914 s_R 0.775; 1.0=조건과 일치) | critic 0.2505 |g| 2.52 | 1.8s/step | max 27.3GB
[step 430/2000] gen 0.0036 gap 0.0047 |g| 0.13 | anchor 0.2406 λ 1.06e-02 (s_L 1.045 s_R 1.016; 1.0=조건과 일치) | critic 0.2678 |g| 2.65 | 1.8s/step | max 27.3GB
[step 440/2000] gen 0.0047 gap 0.0067 |g| 0.34 | anchor 0.2944 λ 1.41e-02 (s_L 0.907 s_R 0.768; 1.0=조건과 일치) | critic 0.2360 |g| 4.16 | 1.8s/step | max 27.3GB
[step 450/2000] gen 0.0063 gap 0.0047 |g| 0.36 | anchor 0.2798 λ 1.54e-02 (s_L 1.028 s_R 0.861; 1.0=조건과 일치) | critic 0.2198 |g| 2.84 | 1.8s/step | max 27.3GB
[step 460/2000] gen 0.0013 gap 0.0033 |g| 0.08 | anchor 0.2901 λ 4.13e-03 (s_L 1.081 s_R 0.932; 1.0=조건과 일치) | critic 0.2348 |g| 2.47 | 1.8s/step | max 27.3GB
[step 470/2000] gen 0.0049 gap 0.0040 |g| 0.13 | anchor 0.3440 λ 1.08e-02 (s_L 0.993 s_R 0.849; 1.0=조건과 일치) | critic 0.2276 |g| 3.53 | 1.8s/step | max 27.3GB
[step 480/2000] gen 0.0032 gap 0.0034 |g| 0.26 | anchor 0.2861 λ 1.05e-02 (s_L 0.942 s_R 0.855; 1.0=조건과 일치) | critic 0.2251 |g| 3.19 | 1.8s/step | max 27.3GB
[step 490/2000] gen 0.0017 gap 0.0041 |g| 0.06 | anchor 0.3820 λ 3.84e-03 (s_L 0.924 s_R 0.758; 1.0=조건과 일치) | critic 0.2290 |g| 3.80 | 1.8s/step | max 27.3GB
[step 500/2000] gen 0.0021 gap 0.0044 |g| 0.16 | anchor 0.3782 λ 4.78e-03 (s_L 0.914 s_R 0.821; 1.0=조건과 일치) | critic 0.2382 |g| 3.59 | 1.8s/step | max 27.3GB
[DIAG step 500] full-step MSE(x0,z)=0.4655 | std비 full=0.822 1step=0.714 (1.0=teacher 수준, ↓=안개/평균 붕괴) | 뷰비 r student 1.240 vs teacher 1.518 vs GT 0.919
[step 510/2000] gen 0.0039 gap 0.0031 |g| 0.14 | anchor 0.2757 λ 1.33e-02 (s_L 0.986 s_R 1.043; 1.0=조건과 일치) | critic 0.3016 |g| 2.83 | 1.8s/step | max 27.3GB
[step 520/2000] gen 0.0033 gap 0.0041 |g| 0.19 | anchor 0.2677 λ 1.26e-02 (s_L 0.993 s_R 0.901; 1.0=조건과 일치) | critic 0.2124 |g| 4.19 | 1.8s/step | max 27.3GB
[step 530/2000] gen 0.0042 gap 0.0025 |g| 0.15 | anchor 0.3002 λ 1.04e-02 (s_L 0.963 s_R 0.906; 1.0=조건과 일치) | critic 0.1989 |g| 9.49 | 1.8s/step | max 27.3GB
[step 540/2000] gen 0.0013 gap 0.0034 |g| 0.07 | anchor 0.3662 λ 3.23e-03 (s_L 0.993 s_R 0.916; 1.0=조건과 일치) | critic 0.2379 |g| 2.38 | 1.8s/step | max 27.3GB
[step 550/2000] gen 0.0016 gap 0.0043 |g| 0.06 | anchor 0.3030 λ 4.27e-03 (s_L 1.052 s_R 0.921; 1.0=조건과 일치) | critic 0.2439 |g| 3.57 | 1.8s/step | max 27.3GB
[step 560/2000] gen 0.0059 gap 0.0044 |g| 0.44 | anchor 0.2256 λ 1.97e-02 (s_L 0.996 s_R 0.952; 1.0=조건과 일치) | critic 0.2145 |g| 2.51 | 1.8s/step | max 27.3GB
[step 570/2000] gen 0.0061 gap 0.0068 |g| 0.30 | anchor 0.3446 λ 1.19e-02 (s_L 1.026 s_R 0.820; 1.0=조건과 일치) | critic 0.2008 |g| 2.61 | 1.8s/step | max 27.3GB
[step 580/2000] gen 0.0028 gap 0.0052 |g| 0.18 | anchor 0.2825 λ 8.31e-03 (s_L 1.023 s_R 1.005; 1.0=조건과 일치) | critic 0.1890 |g| 2.40 | 1.8s/step | max 27.3GB
[step 590/2000] gen 0.0035 gap 0.0049 |g| 0.20 | anchor 0.2564 λ 1.01e-02 (s_L 1.123 s_R 0.963; 1.0=조건과 일치) | critic 0.2061 |g| 2.53 | 1.8s/step | max 27.3GB
[step 600/2000] gen 0.0027 gap 0.0050 |g| 0.12 | anchor 0.2854 λ 7.62e-03 (s_L 0.978 s_R 0.950; 1.0=조건과 일치) | critic 0.2125 |g| 4.01 | 1.8s/step | max 27.3GB
[DIAG step 600] full-step MSE(x0,z)=0.4887 | std비 full=0.844 1step=0.730 (1.0=teacher 수준, ↓=안개/평균 붕괴) | 뷰비 r student 1.283 vs teacher 1.518 vs GT 0.919
체크포인트 저장: /home/sun4208/Geo4D/dmd_6d/dmd_gen.pt, dmd_fake.pt (step 600)
[step 610/2000] gen 0.0016 gap 0.0042 |g| 0.07 | anchor 0.3134 λ 4.60e-03 (s_L 0.939 s_R 0.799; 1.0=조건과 일치) | critic 0.2399 |g| 2.80 | 1.8s/step | max 27.3GB
[step 620/2000] gen 0.0033 gap 0.0060 |g| 0.12 | anchor 0.2847 λ 9.19e-03 (s_L 0.961 s_R 0.888; 1.0=조건과 일치) | critic 0.2146 |g| 3.38 | 1.8s/step | max 27.3GB
[step 630/2000] gen 0.0025 gap 0.0049 |g| 0.12 | anchor 0.2129 λ 9.37e-03 (s_L 1.002 s_R 0.843; 1.0=조건과 일치) | critic 0.2357 |g| 2.79 | 1.8s/step | max 27.3GB
[step 640/2000] gen 0.0028 gap 0.0053 |g| 0.11 | anchor 0.2267 λ 9.99e-03 (s_L 0.936 s_R 0.907; 1.0=조건과 일치) | critic 0.2008 |g| 2.32 | 1.8s/step | max 27.3GB
[step 650/2000] gen 0.0037 gap 0.0058 |g| 0.24 | anchor 0.2292 λ 1.19e-02 (s_L 1.068 s_R 0.889; 1.0=조건과 일치) | critic 0.1873 |g| 4.16 | 1.8s/step | max 27.3GB
[step 660/2000] gen 0.0034 gap 0.0049 |g| 0.16 | anchor 0.2401 λ 1.06e-02 (s_L 0.952 s_R 0.899; 1.0=조건과 일치) | critic 0.2197 |g| 2.89 | 1.8s/step | max 27.3GB
[step 670/2000] gen 0.0014 gap 0.0042 |g| 0.20 | anchor 0.2790 λ 4.44e-03 (s_L 1.032 s_R 0.928; 1.0=조건과 일치) | critic 0.2005 |g| 2.18 | 1.8s/step | max 27.3GB
[step 680/2000] gen 0.0030 gap 0.0046 |g| 0.14 | anchor 0.2143 λ 1.02e-02 (s_L 1.046 s_R 0.930; 1.0=조건과 일치) | critic 0.2042 |g| 1.92 | 1.8s/step | max 27.3GB
[step 690/2000] gen 0.0048 gap 0.0053 |g| 0.23 | anchor 0.2557 λ 1.51e-02 (s_L 0.993 s_R 0.931; 1.0=조건과 일치) | critic 0.2015 |g| 3.16 | 1.8s/step | max 27.3GB
[step 700/2000] gen 0.0039 gap 0.0042 |g| 0.20 | anchor 0.2243 λ 1.34e-02 (s_L 1.165 s_R 1.012; 1.0=조건과 일치) | critic 0.1926 |g| 2.33 | 1.8s/step | max 27.3GB
[DIAG step 700] full-step MSE(x0,z)=0.5136 | std비 full=0.866 1step=0.739 (1.0=teacher 수준, ↓=안개/평균 붕괴) | 뷰비 r student 1.298 vs teacher 1.518 vs GT 0.919
[step 710/2000] gen 0.0050 gap 0.0063 |g| 0.47 | anchor 0.2455 λ 1.48e-02 (s_L 0.940 s_R 0.885; 1.0=조건과 일치) | critic 0.1838 |g| 2.10 | 1.8s/step | max 27.3GB
[step 720/2000] gen 0.0051 gap 0.0064 |g| 0.30 | anchor 0.2389 λ 1.42e-02 (s_L 0.933 s_R 0.883; 1.0=조건과 일치) | critic 0.1907 |g| 2.35 | 1.8s/step | max 27.3GB
[step 730/2000] gen 0.0033 gap 0.0051 |g| 0.12 | anchor 0.3126 λ 8.12e-03 (s_L 0.974 s_R 0.919; 1.0=조건과 일치) | critic 0.2012 |g| 3.06 | 1.8s/step | max 27.3GB
[step 740/2000] gen 0.0025 gap 0.0047 |g| 0.19 | anchor 0.1840 λ 1.08e-02 (s_L 1.018 s_R 0.933; 1.0=조건과 일치) | critic 0.1747 |g| 2.51 | 1.8s/step | max 27.3GB
[step 750/2000] gen 0.0017 gap 0.0042 |g| 0.10 | anchor 0.1679 λ 9.17e-03 (s_L 1.048 s_R 0.915; 1.0=조건과 일치) | critic 0.1709 |g| 2.57 | 1.8s/step | max 27.3GB
[step 760/2000] gen 0.0021 gap 0.0041 |g| 0.42 | anchor 0.2038 λ 8.74e-03 (s_L 1.015 s_R 0.917; 1.0=조건과 일치) | critic 0.1970 |g| 2.36 | 1.8s/step | max 27.3GB
[step 770/2000] gen 0.0052 gap 0.0046 |g| 0.29 | anchor 0.2475 λ 1.46e-02 (s_L 0.971 s_R 0.787; 1.0=조건과 일치) | critic 0.1507 |g| 2.55 | 1.8s/step | max 27.3GB
[step 780/2000] gen 0.0041 gap 0.0053 |g| 0.23 | anchor 0.2324 λ 1.27e-02 (s_L 0.973 s_R 0.848; 1.0=조건과 일치) | critic 0.1722 |g| 2.00 | 1.8s/step | max 27.3GB
[step 790/2000] gen 0.0025 gap 0.0047 |g| 0.16 | anchor 0.2494 λ 7.74e-03 (s_L 0.952 s_R 0.883; 1.0=조건과 일치) | critic 0.1708 |g| 1.76 | 1.8s/step | max 27.3GB
[step 800/2000] gen 0.0025 gap 0.0043 |g| 0.25 | anchor 0.1995 λ 1.03e-02 (s_L 0.975 s_R 0.873; 1.0=조건과 일치) | critic 0.1821 |g| 2.79 | 1.8s/step | max 27.3GB
[DIAG step 800] full-step MSE(x0,z)=0.5462 | std비 full=0.889 1step=0.756 (1.0=teacher 수준, ↓=안개/평균 붕괴) | 뷰비 r student 1.294 vs teacher 1.518 vs GT 0.919
체크포인트 저장: /home/sun4208/Geo4D/dmd_6d/dmd_gen.pt, dmd_fake.pt (step 800)
[step 810/2000] gen 0.0040 gap 0.0047 |g| 0.29 | anchor 0.2081 λ 1.40e-02 (s_L 0.982 s_R 0.901; 1.0=조건과 일치) | critic 0.1517 |g| 1.96 | 1.8s/step | max 27.3GB
[step 820/2000] gen 0.0026 gap 0.0049 |g| 0.15 | anchor 0.1976 λ 1.22e-02 (s_L 0.932 s_R 0.821; 1.0=조건과 일치) | critic 0.1516 |g| 2.58 | 1.8s/step | max 27.3GB
[step 830/2000] gen 0.0034 gap 0.0041 |g| 0.19 | anchor 0.1595 λ 1.56e-02 (s_L 0.994 s_R 0.981; 1.0=조건과 일치) | critic 0.1484 |g| 1.67 | 1.8s/step | max 27.3GB
[step 840/2000] gen 0.0047 gap 0.0019 |g| 0.17 | anchor 0.2372 λ 1.50e-02 (s_L 0.939 s_R 0.832; 1.0=조건과 일치) | critic 0.1316 |g| 1.74 | 1.8s/step | max 27.3GB
[step 850/2000] gen 0.0035 gap 0.0037 |g| 0.27 | anchor 0.2181 λ 1.20e-02 (s_L 0.956 s_R 0.930; 1.0=조건과 일치) | critic 0.1356 |g| 1.77 | 1.8s/step | max 27.3GB
[step 860/2000] gen 0.0031 gap 0.0044 |g| 0.25 | anchor 0.1296 λ 1.66e-02 (s_L 0.986 s_R 0.981; 1.0=조건과 일치) | critic 0.1659 |g| 2.19 | 1.8s/step | max 27.3GB
[step 870/2000] gen 0.0023 gap 0.0046 |g| 0.16 | anchor 0.2650 λ 6.10e-03 (s_L 0.941 s_R 0.803; 1.0=조건과 일치) | critic 0.1471 |g| 2.01 | 1.8s/step | max 27.3GB
[step 880/2000] gen 0.0017 gap 0.0041 |g| 0.20 | anchor 0.2086 λ 6.65e-03 (s_L 0.955 s_R 0.909; 1.0=조건과 일치) | critic 0.1352 |g| 1.93 | 1.8s/step | max 27.3GB
[step 890/2000] gen 0.0036 gap 0.0053 |g| 0.63 | anchor 0.1731 λ 1.35e-02 (s_L 0.989 s_R 0.935; 1.0=조건과 일치) | critic 0.1287 |g| 3.63 | 1.8s/step | max 27.3GB
[step 900/2000] gen 0.0023 gap 0.0045 |g| 0.13 | anchor 0.2553 λ 7.14e-03 (s_L 0.924 s_R 0.842; 1.0=조건과 일치) | critic 0.1243 |g| 1.85 | 1.8s/step | max 27.3GB
[DIAG step 900] full-step MSE(x0,z)=0.5638 | std비 full=0.900 1step=0.758 (1.0=teacher 수준, ↓=안개/평균 붕괴) | 뷰비 r student 1.276 vs teacher 1.518 vs GT 0.919
[step 910/2000] gen 0.0029 gap 0.0053 |g| 0.27 | anchor 0.2164 λ 9.21e-03 (s_L 0.955 s_R 0.899; 1.0=조건과 일치) | critic 0.1391 |g| 2.85 | 1.8s/step | max 27.3GB
[step 920/2000] gen 0.0036 gap 0.0046 |g| 0.18 | anchor 0.2077 λ 1.21e-02 (s_L 0.974 s_R 0.939; 1.0=조건과 일치) | critic 0.1507 |g| 2.11 | 1.8s/step | max 27.3GB
[step 930/2000] gen 0.0027 gap 0.0048 |g| 0.16 | anchor 0.2087 λ 1.12e-02 (s_L 0.997 s_R 0.951; 1.0=조건과 일치) | critic 0.1528 |g| 4.27 | 1.8s/step | max 27.3GB
[step 940/2000] gen 0.0036 gap 0.0044 |g| 0.19 | anchor 0.2534 λ 1.06e-02 (s_L 0.910 s_R 0.831; 1.0=조건과 일치) | critic 0.1702 |g| 2.79 | 1.8s/step | max 27.3GB
[step 950/2000] gen 0.0017 gap 0.0041 |g| 0.12 | anchor 0.1757 λ 8.44e-03 (s_L 0.960 s_R 0.934; 1.0=조건과 일치) | critic 0.1318 |g| 1.87 | 1.8s/step | max 27.3GB
[step 960/2000] gen 0.0018 gap 0.0045 |g| 0.09 | anchor 0.2417 λ 6.49e-03 (s_L 0.966 s_R 0.966; 1.0=조건과 일치) | critic 0.1294 |g| 1.88 | 1.8s/step | max 27.3GB
[step 970/2000] gen 0.0029 gap 0.0052 |g| 0.17 | anchor 0.2205 λ 1.03e-02 (s_L 1.054 s_R 0.935; 1.0=조건과 일치) | critic 0.1161 |g| 2.04 | 1.8s/step | max 27.3GB
[step 980/2000] gen 0.0032 gap 0.0044 |g| 0.16 | anchor 0.2193 λ 1.06e-02 (s_L 1.017 s_R 0.954; 1.0=조건과 일치) | critic 0.1413 |g| 1.67 | 1.8s/step | max 27.3GB
[step 990/2000] gen 0.0028 gap 0.0043 |g| 0.20 | anchor 0.1623 λ 1.36e-02 (s_L 0.986 s_R 1.013; 1.0=조건과 일치) | critic 0.1123 |g| 1.95 | 1.8s/step | max 27.3GB
[step 1000/2000] gen 0.0023 gap 0.0046 |g| 0.13 | anchor 0.1564 λ 1.10e-02 (s_L 1.021 s_R 0.965; 1.0=조건과 일치) | critic 0.1547 |g| 2.53 | 1.8s/step | max 27.3GB
[DIAG step 1000] full-step MSE(x0,z)=0.5842 | std비 full=0.913 1step=0.778 (1.0=teacher 수준, ↓=안개/평균 붕괴) | 뷰비 r student 1.263 vs teacher 1.518 vs GT 0.919
체크포인트 저장: /home/sun4208/Geo4D/dmd_6d/dmd_gen.pt, dmd_fake.pt (step 1000)
[step 1010/2000] gen 0.0022 gap 0.0046 |g| 0.16 | anchor 0.1429 λ 1.18e-02 (s_L 1.078 s_R 0.996; 1.0=조건과 일치) | critic 0.1118 |g| 1.87 | 1.8s/step | max 27.3GB
[step 1020/2000] gen 0.0032 gap 0.0044 |g| 0.24 | anchor 0.1590 λ 1.50e-02 (s_L 1.057 s_R 0.986; 1.0=조건과 일치) | critic 0.1239 |g| 2.04 | 1.8s/step | max 27.3GB
[step 1030/2000] gen 0.0035 gap 0.0053 |g| 0.22 | anchor 0.2578 λ 9.94e-03 (s_L 0.956 s_R 0.886; 1.0=조건과 일치) | critic 0.1106 |g| 1.82 | 1.8s/step | max 27.3GB
[step 1040/2000] gen 0.0022 gap 0.0042 |g| 0.13 | anchor 0.2267 λ 8.42e-03 (s_L 0.947 s_R 0.939; 1.0=조건과 일치) | critic 0.1213 |g| 1.44 | 1.8s/step | max 27.3GB
[step 1050/2000] gen 0.0034 gap 0.0053 |g| 0.20 | anchor 0.1790 λ 1.33e-02 (s_L 1.022 s_R 0.930; 1.0=조건과 일치) | critic 0.1049 |g| 1.73 | 1.8s/step | max 27.3GB
[step 1060/2000] gen 0.0019 gap 0.0047 |g| 0.18 | anchor 0.1469 λ 9.29e-03 (s_L 0.963 s_R 0.961; 1.0=조건과 일치) | critic 0.1251 |g| 1.62 | 1.8s/step | max 27.3GB
[step 1070/2000] gen 0.0030 gap 0.0042 |g| 0.21 | anchor 0.1735 λ 1.52e-02 (s_L 0.979 s_R 0.875; 1.0=조건과 일치) | critic 0.1204 |g| 2.35 | 1.8s/step | max 27.3GB
[step 1080/2000] gen 0.0033 gap 0.0036 |g| 0.17 | anchor 0.1435 λ 1.58e-02 (s_L 1.016 s_R 0.951; 1.0=조건과 일치) | critic 0.1263 |g| 1.76 | 1.8s/step | max 27.3GB
[step 1090/2000] gen 0.0034 gap 0.0040 |g| 0.76 | anchor 0.1582 λ 1.58e-02 (s_L 1.045 s_R 1.044; 1.0=조건과 일치) | critic 0.1147 |g| 2.62 | 1.8s/step | max 27.3GB
[step 1100/2000] gen 0.0031 gap 0.0046 |g| 0.21 | anchor 0.1339 λ 1.61e-02 (s_L 0.988 s_R 0.919; 1.0=조건과 일치) | critic 0.1062 |g| 2.50 | 1.8s/step | max 27.3GB
[DIAG step 1100] full-step MSE(x0,z)=0.6091 | std비 full=0.928 1step=0.789 (1.0=teacher 수준, ↓=안개/평균 붕괴) | 뷰비 r student 1.259 vs teacher 1.518 vs GT 0.919
[step 1110/2000] gen 0.0045 gap 0.0047 |g| 0.19 | anchor 0.1119 λ 2.34e-02 (s_L 1.008 s_R 1.039; 1.0=조건과 일치) | critic 0.1097 |g| 1.46 | 1.8s/step | max 27.3GB
[step 1120/2000] gen 0.0029 gap 0.0050 |g| 0.17 | anchor 0.1636 λ 1.41e-02 (s_L 1.096 s_R 0.964; 1.0=조건과 일치) | critic 0.1131 |g| 1.52 | 1.8s/step | max 27.3GB
[step 1130/2000] gen 0.0037 gap 0.0053 |g| 0.19 | anchor 0.1858 λ 1.37e-02 (s_L 0.994 s_R 0.938; 1.0=조건과 일치) | critic 0.1073 |g| 2.18 | 1.8s/step | max 27.3GB
[step 1140/2000] gen 0.0040 gap 0.0046 |g| 0.19 | anchor 0.2080 λ 1.37e-02 (s_L 0.988 s_R 0.931; 1.0=조건과 일치) | critic 0.0885 |g| 1.48 | 1.8s/step | max 27.3GB
[step 1150/2000] gen 0.0032 gap 0.0051 |g| 0.22 | anchor 0.1691 λ 1.40e-02 (s_L 1.051 s_R 1.007; 1.0=조건과 일치) | critic 0.0814 |g| 1.49 | 1.8s/step | max 27.3GB
[step 1160/2000] gen 0.0044 gap 0.0042 |g| 0.28 | anchor 0.2557 λ 1.22e-02 (s_L 0.892 s_R 0.743; 1.0=조건과 일치) | critic 0.0958 |g| 1.47 | 1.8s/step | max 27.3GB
[step 1170/2000] gen 0.0028 gap 0.0049 |g| 0.17 | anchor 0.1599 λ 1.38e-02 (s_L 1.001 s_R 0.973; 1.0=조건과 일치) | critic 0.1045 |g| 1.60 | 1.8s/step | max 27.3GB
[step 1180/2000] gen 0.0031 gap 0.0042 |g| 0.24 | anchor 0.1412 λ 1.27e-02 (s_L 0.990 s_R 0.904; 1.0=조건과 일치) | critic 0.0891 |g| 1.43 | 1.8s/step | max 27.3GB
[step 1190/2000] gen 0.0040 gap 0.0041 |g| 0.20 | anchor 0.1847 λ 1.52e-02 (s_L 0.956 s_R 0.890; 1.0=조건과 일치) | critic 0.0857 |g| 1.40 | 1.8s/step | max 27.3GB
[step 1200/2000] gen 0.0043 gap 0.0047 |g| 0.18 | anchor 0.1135 λ 2.07e-02 (s_L 0.960 s_R 0.915; 1.0=조건과 일치) | critic 0.0806 |g| 1.75 | 1.8s/step | max 27.3GB
[DIAG step 1200] full-step MSE(x0,z)=0.6289 | std비 full=0.940 1step=0.802 (1.0=teacher 수준, ↓=안개/평균 붕괴) | 뷰비 r student 1.251 vs teacher 1.518 vs GT 0.919
체크포인트 저장: /home/sun4208/Geo4D/dmd_6d/dmd_gen.pt, dmd_fake.pt (step 1200)
[step 1210/2000] gen 0.0034 gap 0.0043 |g| 0.42 | anchor 0.1186 λ 1.66e-02 (s_L 1.021 s_R 0.999; 1.0=조건과 일치) | critic 0.1375 |g| 1.62 | 1.8s/step | max 27.3GB
[step 1220/2000] gen 0.0045 gap 0.0041 |g| 0.27 | anchor 0.1568 λ 1.90e-02 (s_L 0.958 s_R 0.858; 1.0=조건과 일치) | critic 0.0839 |g| 1.29 | 1.8s/step | max 27.3GB
[step 1230/2000] gen 0.0045 gap 0.0043 |g| 0.69 | anchor 0.1583 λ 1.84e-02 (s_L 0.989 s_R 1.045; 1.0=조건과 일치) | critic 0.1116 |g| 1.61 | 1.8s/step | max 27.3GB
[step 1240/2000] gen 0.0042 gap 0.0045 |g| 0.20 | anchor 0.1633 λ 1.80e-02 (s_L 0.976 s_R 0.887; 1.0=조건과 일치) | critic 0.1224 |g| 1.77 | 1.8s/step | max 27.3GB
[step 1250/2000] gen 0.0038 gap 0.0047 |g| 0.36 | anchor 0.1653 λ 1.67e-02 (s_L 0.980 s_R 0.971; 1.0=조건과 일치) | critic 0.1029 |g| 1.53 | 1.8s/step | max 27.3GB
[step 1260/2000] gen 0.0034 gap 0.0056 |g| 0.62 | anchor 0.1651 λ 1.32e-02 (s_L 1.001 s_R 0.956; 1.0=조건과 일치) | critic 0.0863 |g| 1.47 | 1.8s/step | max 27.3GB
[step 1270/2000] gen 0.0044 gap 0.0045 |g| 0.21 | anchor 0.1511 λ 1.83e-02 (s_L 1.013 s_R 0.928; 1.0=조건과 일치) | critic 0.0778 |g| 1.76 | 1.8s/step | max 27.3GB
[step 1280/2000] gen 0.0040 gap 0.0052 |g| 0.17 | anchor 0.1750 λ 1.44e-02 (s_L 0.972 s_R 0.878; 1.0=조건과 일치) | critic 0.1048 |g| 2.25 | 1.8s/step | max 27.3GB
[step 1290/2000] gen 0.0035 gap 0.0045 |g| 0.18 | anchor 0.1463 λ 1.83e-02 (s_L 0.946 s_R 0.965; 1.0=조건과 일치) | critic 0.0687 |g| 1.50 | 1.8s/step | max 27.3GB
[step 1300/2000] gen 0.0034 gap 0.0051 |g| 0.44 | anchor 0.2077 λ 1.17e-02 (s_L 0.970 s_R 0.911; 1.0=조건과 일치) | critic 0.0814 |g| 1.30 | 1.8s/step | max 27.3GB
[DIAG step 1300] full-step MSE(x0,z)=0.6506 | std비 full=0.951 1step=0.816 (1.0=teacher 수준, ↓=안개/평균 붕괴) | 뷰비 r student 1.234 vs teacher 1.518 vs GT 0.919
[step 1310/2000] gen 0.0042 gap 0.0048 |g| 0.20 | anchor 0.0911 λ 2.45e-02 (s_L 0.990 s_R 1.036; 1.0=조건과 일치) | critic 0.0960 |g| 1.53 | 1.8s/step | max 27.3GB
[step 1320/2000] gen 0.0039 gap 0.0041 |g| 0.19 | anchor 0.1179 λ 2.04e-02 (s_L 0.990 s_R 0.978; 1.0=조건과 일치) | critic 0.0877 |g| 1.57 | 1.8s/step | max 27.3GB
[step 1330/2000] gen 0.0039 gap 0.0037 |g| 0.25 | anchor 0.1330 λ 2.01e-02 (s_L 1.065 s_R 1.056; 1.0=조건과 일치) | critic 0.0898 |g| 2.27 | 1.8s/step | max 27.3GB
[step 1340/2000] gen 0.0047 gap 0.0051 |g| 0.25 | anchor 0.1844 λ 1.21e-02 (s_L 1.011 s_R 0.942; 1.0=조건과 일치) | critic 0.0702 |g| 1.34 | 1.8s/step | max 27.3GB
[step 1350/2000] gen 0.0029 gap 0.0045 |g| 0.34 | anchor 0.1240 λ 1.58e-02 (s_L 1.050 s_R 0.943; 1.0=조건과 일치) | critic 0.1077 |g| 1.71 | 1.8s/step | max 27.3GB
[step 1360/2000] gen 0.0031 gap 0.0050 |g| 0.23 | anchor 0.1675 λ 1.38e-02 (s_L 1.003 s_R 0.903; 1.0=조건과 일치) | critic 0.0770 |g| 1.91 | 1.8s/step | max 27.3GB
[step 1370/2000] gen 0.0047 gap 0.0031 |g| 0.21 | anchor 0.1363 λ 2.15e-02 (s_L 1.011 s_R 1.014; 1.0=조건과 일치) | critic 0.0828 |g| 2.34 | 1.8s/step | max 27.3GB
[step 1380/2000] gen 0.0031 gap 0.0049 |g| 0.20 | anchor 0.1442 λ 1.30e-02 (s_L 0.982 s_R 0.956; 1.0=조건과 일치) | critic 0.0675 |g| 2.61 | 1.8s/step | max 27.3GB
[step 1390/2000] gen 0.0042 gap 0.0043 |g| 0.21 | anchor 0.1379 λ 1.91e-02 (s_L 0.949 s_R 0.927; 1.0=조건과 일치) | critic 0.1092 |g| 1.33 | 1.8s/step | max 27.3GB
[step 1400/2000] gen 0.0034 gap 0.0050 |g| 0.18 | anchor 0.1363 λ 1.62e-02 (s_L 0.998 s_R 0.939; 1.0=조건과 일치) | critic 0.0766 |g| 1.33 | 1.8s/step | max 27.3GB
[DIAG step 1400] full-step MSE(x0,z)=0.6642 | std비 full=0.961 1step=0.824 (1.0=teacher 수준, ↓=안개/평균 붕괴) | 뷰비 r student 1.246 vs teacher 1.518 vs GT 0.919
체크포인트 저장: /home/sun4208/Geo4D/dmd_6d/dmd_gen.pt, dmd_fake.pt (step 1400)
[step 1410/2000] gen 0.0036 gap 0.0046 |g| 0.21 | anchor 0.1496 λ 1.47e-02 (s_L 1.007 s_R 0.954; 1.0=조건과 일치) | critic 0.0723 |g| 1.55 | 1.8s/step | max 27.3GB
[step 1420/2000] gen 0.0039 gap 0.0058 |g| 0.22 | anchor 0.1782 λ 1.42e-02 (s_L 0.987 s_R 0.971; 1.0=조건과 일치) | critic 0.0900 |g| 1.36 | 1.8s/step | max 27.3GB
[step 1430/2000] gen 0.0037 gap 0.0053 |g| 0.49 | anchor 0.1444 λ 1.47e-02 (s_L 0.907 s_R 0.886; 1.0=조건과 일치) | critic 0.0665 |g| 1.49 | 1.8s/step | max 27.3GB
[step 1440/2000] gen 0.0046 gap 0.0033 |g| 0.32 | anchor 0.1685 λ 1.91e-02 (s_L 1.050 s_R 0.933; 1.0=조건과 일치) | critic 0.0709 |g| 1.44 | 1.8s/step | max 27.3GB
[step 1450/2000] gen 0.0048 gap 0.0020 |g| 0.22 | anchor 0.1604 λ 1.97e-02 (s_L 0.963 s_R 0.950; 1.0=조건과 일치) | critic 0.0886 |g| 1.57 | 1.8s/step | max 27.3GB
[step 1460/2000] gen 0.0036 gap 0.0057 |g| 1.77 | anchor 0.1568 λ 1.44e-02 (s_L 0.976 s_R 1.026; 1.0=조건과 일치) | critic 0.0929 |g| 1.42 | 1.8s/step | max 27.3GB
[step 1470/2000] gen 0.0041 gap 0.0043 |g| 0.25 | anchor 0.1158 λ 2.11e-02 (s_L 1.084 s_R 1.035; 1.0=조건과 일치) | critic 0.0618 |g| 1.64 | 1.8s/step | max 27.3GB
[step 1480/2000] gen 0.0031 gap 0.0050 |g| 0.20 | anchor 0.1308 λ 1.59e-02 (s_L 1.015 s_R 0.955; 1.0=조건과 일치) | critic 0.0662 |g| 1.85 | 1.8s/step | max 27.3GB
[step 1490/2000] gen 0.0049 gap 0.0053 |g| 0.29 | anchor 0.1395 λ 2.03e-02 (s_L 1.043 s_R 0.984; 1.0=조건과 일치) | critic 0.0713 |g| 1.34 | 1.8s/step | max 27.3GB
[step 1500/2000] gen 0.0039 gap 0.0047 |g| 0.34 | anchor 0.1624 λ 1.58e-02 (s_L 0.976 s_R 0.963; 1.0=조건과 일치) | critic 0.0723 |g| 2.88 | 1.8s/step | max 27.3GB
[DIAG step 1500] full-step MSE(x0,z)=0.6815 | std비 full=0.972 1step=0.838 (1.0=teacher 수준, ↓=안개/평균 붕괴) | 뷰비 r student 1.254 vs teacher 1.518 vs GT 0.919
[step 1510/2000] gen 0.0033 gap 0.0053 |g| 0.23 | anchor 0.1544 λ 1.43e-02 (s_L 0.964 s_R 1.000; 1.0=조건과 일치) | critic 0.0727 |g| 1.29 | 1.8s/step | max 27.3GB
[step 1520/2000] gen 0.0028 gap 0.0046 |g| 0.19 | anchor 0.1246 λ 1.55e-02 (s_L 0.982 s_R 0.988; 1.0=조건과 일치) | critic 0.0483 |g| 1.11 | 1.8s/step | max 27.3GB
[step 1530/2000] gen 0.0036 gap 0.0051 |g| 0.21 | anchor 0.1627 λ 1.46e-02 (s_L 0.983 s_R 0.925; 1.0=조건과 일치) | critic 0.0510 |g| 1.16 | 1.8s/step | max 27.3GB
[step 1540/2000] gen 0.0038 gap 0.0051 |g| 0.30 | anchor 0.1452 λ 1.64e-02 (s_L 0.967 s_R 0.896; 1.0=조건과 일치) | critic 0.0674 |g| 1.26 | 1.8s/step | max 27.3GB
[step 1550/2000] gen 0.0044 gap 0.0049 |g| 0.65 | anchor 0.1371 λ 1.93e-02 (s_L 0.992 s_R 0.970; 1.0=조건과 일치) | critic 0.0664 |g| 0.94 | 1.8s/step | max 27.3GB
[step 1560/2000] gen 0.0048 gap 0.0020 |g| 0.34 | anchor 0.1232 λ 2.51e-02 (s_L 0.970 s_R 0.887; 1.0=조건과 일치) | critic 0.0671 |g| 1.22 | 1.8s/step | max 27.3GB
[step 1570/2000] gen 0.0061 gap 0.0043 |g| 0.30 | anchor 0.1792 λ 1.94e-02 (s_L 0.907 s_R 0.858; 1.0=조건과 일치) | critic 0.0641 |g| 1.35 | 1.8s/step | max 27.3GB
[step 1580/2000] gen 0.0038 gap 0.0030 |g| 0.17 | anchor 0.0960 λ 2.24e-02 (s_L 0.984 s_R 0.988; 1.0=조건과 일치) | critic 0.0464 |g| 1.09 | 1.8s/step | max 27.3GB
[step 1590/2000] gen 0.0057 gap 0.0051 |g| 0.57 | anchor 0.1182 λ 2.33e-02 (s_L 1.003 s_R 0.975; 1.0=조건과 일치) | critic 0.0644 |g| 1.22 | 1.8s/step | max 27.3GB
[step 1600/2000] gen 0.0049 gap 0.0050 |g| 0.36 | anchor 0.1194 λ 2.33e-02 (s_L 0.995 s_R 0.996; 1.0=조건과 일치) | critic 0.0612 |g| 1.20 | 1.8s/step | max 27.3GB
[DIAG step 1600] full-step MSE(x0,z)=0.6922 | std비 full=0.980 1step=0.855 (1.0=teacher 수준, ↓=안개/평균 붕괴) | 뷰비 r student 1.267 vs teacher 1.518 vs GT 0.919
체크포인트 저장: /home/sun4208/Geo4D/dmd_6d/dmd_gen.pt, dmd_fake.pt (step 1600)
[step 1610/2000] gen 0.0050 gap 0.0057 |g| 0.29 | anchor 0.1149 λ 2.24e-02 (s_L 0.969 s_R 0.977; 1.0=조건과 일치) | critic 0.0596 |g| 1.06 | 1.8s/step | max 27.3GB
[step 1620/2000] gen 0.0036 gap 0.0048 |g| 0.40 | anchor 0.1065 λ 1.95e-02 (s_L 1.010 s_R 0.961; 1.0=조건과 일치) | critic 0.0629 |g| 1.36 | 1.8s/step | max 27.3GB
[step 1630/2000] gen 0.0042 gap 0.0034 |g| 0.43 | anchor 0.0819 λ 2.67e-02 (s_L 1.043 s_R 0.995; 1.0=조건과 일치) | critic 0.0964 |g| 1.47 | 1.8s/step | max 27.3GB
[step 1640/2000] gen 0.0045 gap 0.0046 |g| 0.33 | anchor 0.0899 λ 2.73e-02 (s_L 1.018 s_R 1.039; 1.0=조건과 일치) | critic 0.0590 |g| 4.33 | 1.8s/step | max 27.3GB
[step 1650/2000] gen 0.0040 gap 0.0040 |g| 0.23 | anchor 0.1509 λ 1.53e-02 (s_L 0.925 s_R 0.972; 1.0=조건과 일치) | critic 0.0617 |g| 1.70 | 1.8s/step | max 27.3GB
[step 1660/2000] gen 0.0046 gap 0.0049 |g| 0.23 | anchor 0.1261 λ 1.54e-02 (s_L 0.921 s_R 0.950; 1.0=조건과 일치) | critic 0.0761 |g| 1.96 | 1.8s/step | max 27.3GB
[step 1670/2000] gen 0.0031 gap 0.0043 |g| 0.29 | anchor 0.1036 λ 1.62e-02 (s_L 1.019 s_R 1.057; 1.0=조건과 일치) | critic 0.0684 |g| 1.20 | 1.8s/step | max 27.3GB
[step 1680/2000] gen 0.0038 gap 0.0052 |g| 0.26 | anchor 0.0871 λ 2.39e-02 (s_L 1.019 s_R 1.002; 1.0=조건과 일치) | critic 0.0697 |g| 1.23 | 1.8s/step | max 27.3GB
[step 1690/2000] gen 0.0051 gap 0.0048 |g| 0.26 | anchor 0.1472 λ 2.09e-02 (s_L 0.943 s_R 0.938; 1.0=조건과 일치) | critic 0.0776 |g| 1.87 | 1.8s/step | max 27.3GB
[step 1700/2000] gen 0.0042 gap 0.0050 |g| 0.30 | anchor 0.1517 λ 1.77e-02 (s_L 0.989 s_R 0.973; 1.0=조건과 일치) | critic 0.0792 |g| 1.43 | 1.8s/step | max 27.3GB
[DIAG step 1700] full-step MSE(x0,z)=0.7016 | std비 full=0.985 1step=0.862 (1.0=teacher 수준, ↓=안개/평균 붕괴) | 뷰비 r student 1.297 vs teacher 1.518 vs GT 0.919
[step 1710/2000] gen 0.0055 gap 0.0066 |g| 0.42 | anchor 0.1120 λ 2.40e-02 (s_L 1.046 s_R 1.004; 1.0=조건과 일치) | critic 0.0625 |g| 1.50 | 1.8s/step | max 27.3GB
[step 1720/2000] gen 0.0050 gap 0.0038 |g| 0.20 | anchor 0.1399 λ 2.48e-02 (s_L 0.947 s_R 0.910; 1.0=조건과 일치) | critic 0.0541 |g| 0.96 | 1.8s/step | max 27.3GB
[step 1730/2000] gen 0.0037 gap 0.0046 |g| 0.23 | anchor 0.0948 λ 2.16e-02 (s_L 1.046 s_R 0.990; 1.0=조건과 일치) | critic 0.0674 |g| 1.60 | 1.8s/step | max 27.3GB
[step 1740/2000] gen 0.0050 gap 0.0049 |g| 0.22 | anchor 0.1217 λ 2.26e-02 (s_L 0.989 s_R 0.980; 1.0=조건과 일치) | critic 0.0472 |g| 2.90 | 1.8s/step | max 27.3GB
[step 1750/2000] gen 0.0058 gap 0.0053 |g| 0.38 | anchor 0.0866 λ 2.89e-02 (s_L 0.999 s_R 1.034; 1.0=조건과 일치) | critic 0.0449 |g| 0.99 | 1.8s/step | max 27.3GB
[step 1760/2000] gen 0.0040 gap 0.0049 |g| 0.26 | anchor 0.1304 λ 1.95e-02 (s_L 0.967 s_R 0.933; 1.0=조건과 일치) | critic 0.0505 |g| 1.53 | 1.8s/step | max 27.3GB
[step 1770/2000] gen 0.0044 gap 0.0047 |g| 0.20 | anchor 0.1133 λ 2.24e-02 (s_L 0.992 s_R 1.046; 1.0=조건과 일치) | critic 0.0588 |g| 1.11 | 1.8s/step | max 27.3GB
[step 1780/2000] gen 0.0049 gap 0.0050 |g| 0.41 | anchor 0.1399 λ 2.15e-02 (s_L 1.009 s_R 0.940; 1.0=조건과 일치) | critic 0.0758 |g| 1.81 | 1.8s/step | max 27.3GB
[step 1790/2000] gen 0.0057 gap 0.0045 |g| 0.19 | anchor 0.1228 λ 2.35e-02 (s_L 1.007 s_R 0.928; 1.0=조건과 일치) | critic 0.0423 |g| 0.82 | 1.8s/step | max 27.3GB
[step 1800/2000] gen 0.0047 gap 0.0037 |g| 0.35 | anchor 0.1256 λ 2.21e-02 (s_L 1.000 s_R 0.985; 1.0=조건과 일치) | critic 0.0646 |g| 1.11 | 1.8s/step | max 27.3GB
[DIAG step 1800] full-step MSE(x0,z)=0.7123 | std비 full=0.992 1step=0.879 (1.0=teacher 수준, ↓=안개/평균 붕괴) | 뷰비 r student 1.318 vs teacher 1.518 vs GT 0.919
체크포인트 저장: /home/sun4208/Geo4D/dmd_6d/dmd_gen.pt, dmd_fake.pt (step 1800)
[step 1810/2000] gen 0.0052 gap 0.0048 |g| 0.24 | anchor 0.0858 λ 2.80e-02 (s_L 0.990 s_R 0.967; 1.0=조건과 일치) | critic 0.0739 |g| 1.72 | 1.8s/step | max 27.3GB
[step 1820/2000] gen 0.0054 gap 0.0051 |g| 0.32 | anchor 0.0840 λ 2.73e-02 (s_L 1.032 s_R 1.032; 1.0=조건과 일치) | critic 0.0370 |g| 0.87 | 1.8s/step | max 27.3GB
[step 1830/2000] gen 0.0051 gap 0.0054 |g| 0.99 | anchor 0.1420 λ 1.77e-02 (s_L 0.956 s_R 0.956; 1.0=조건과 일치) | critic 0.0664 |g| 1.53 | 1.8s/step | max 27.3GB
[step 1840/2000] gen 0.0047 gap 0.0053 |g| 0.23 | anchor 0.1219 λ 2.28e-02 (s_L 0.993 s_R 0.972; 1.0=조건과 일치) | critic 0.0656 |g| 1.08 | 1.8s/step | max 27.3GB
[step 1850/2000] gen 0.0056 gap 0.0042 |g| 0.24 | anchor 0.1047 λ 2.62e-02 (s_L 1.014 s_R 1.013; 1.0=조건과 일치) | critic 0.0462 |g| 1.34 | 1.8s/step | max 27.3GB
[step 1860/2000] gen 0.0048 gap 0.0052 |g| 0.24 | anchor 0.1173 λ 2.42e-02 (s_L 0.973 s_R 1.011; 1.0=조건과 일치) | critic 0.0531 |g| 0.93 | 1.8s/step | max 27.3GB
[step 1870/2000] gen 0.0046 gap 0.0051 |g| 0.31 | anchor 0.0760 λ 2.71e-02 (s_L 0.989 s_R 0.985; 1.0=조건과 일치) | critic 0.0422 |g| 1.30 | 1.8s/step | max 27.3GB
[step 1880/2000] gen 0.0051 gap 0.0036 |g| 0.41 | anchor 0.1276 λ 2.39e-02 (s_L 1.024 s_R 0.971; 1.0=조건과 일치) | critic 0.0597 |g| 0.94 | 1.8s/step | max 27.3GB
[step 1890/2000] gen 0.0050 gap 0.0050 |g| 0.20 | anchor 0.0845 λ 2.62e-02 (s_L 0.966 s_R 0.994; 1.0=조건과 일치) | critic 0.0659 |g| 1.03 | 1.8s/step | max 27.3GB
[step 1900/2000] gen 0.0049 gap 0.0050 |g| 0.27 | anchor 0.1226 λ 2.02e-02 (s_L 0.948 s_R 0.944; 1.0=조건과 일치) | critic 0.0904 |g| 1.12 | 1.8s/step | max 27.3GB
[DIAG step 1900] full-step MSE(x0,z)=0.7214 | std비 full=0.998 1step=0.888 (1.0=teacher 수준, ↓=안개/평균 붕괴) | 뷰비 r student 1.326 vs teacher 1.518 vs GT 0.919
[step 1910/2000] gen 0.0047 gap 0.0057 |g| 0.28 | anchor 0.1193 λ 2.21e-02 (s_L 1.000 s_R 1.013; 1.0=조건과 일치) | critic 0.0438 |g| 1.19 | 1.8s/step | max 27.3GB
[step 1920/2000] gen 0.0056 gap 0.0050 |g| 0.27 | anchor 0.0591 λ 3.50e-02 (s_L 0.988 s_R 1.009; 1.0=조건과 일치) | critic 0.0362 |g| 1.59 | 1.8s/step | max 27.3GB
[step 1930/2000] gen 0.0041 gap 0.0053 |g| 0.23 | anchor 0.0817 λ 2.17e-02 (s_L 0.987 s_R 0.966; 1.0=조건과 일치) | critic 0.0485 |g| 1.07 | 1.8s/step | max 27.3GB
[step 1940/2000] gen 0.0044 gap 0.0056 |g| 0.32 | anchor 0.0825 λ 2.32e-02 (s_L 1.020 s_R 0.994; 1.0=조건과 일치) | critic 0.0920 |g| 4.19 | 1.8s/step | max 27.3GB
[step 1950/2000] gen 0.0045 gap 0.0052 |g| 0.23 | anchor 0.0874 λ 2.53e-02 (s_L 0.965 s_R 0.995; 1.0=조건과 일치) | critic 0.0367 |g| 1.63 | 1.8s/step | max 27.3GB
[step 1960/2000] gen 0.0047 gap 0.0037 |g| 0.36 | anchor 0.0955 λ 2.53e-02 (s_L 1.019 s_R 1.009; 1.0=조건과 일치) | critic 0.0377 |g| 0.91 | 1.8s/step | max 27.3GB
[step 1970/2000] gen 0.0054 gap 0.0047 |g| 0.29 | anchor 0.1199 λ 2.51e-02 (s_L 0.986 s_R 0.967; 1.0=조건과 일치) | critic 0.0451 |g| 2.15 | 1.8s/step | max 27.3GB
[step 1980/2000] gen 0.0060 gap 0.0049 |g| 0.49 | anchor 0.0868 λ 3.13e-02 (s_L 0.995 s_R 0.964; 1.0=조건과 일치) | critic 0.0354 |g| 1.33 | 1.8s/step | max 27.3GB
[step 1990/2000] gen 0.0053 gap 0.0046 |g| 0.37 | anchor 0.0973 λ 2.66e-02 (s_L 0.966 s_R 0.951; 1.0=조건과 일치) | critic 0.0588 |g| 0.99 | 1.8s/step | max 27.3GB
[step 2000/2000] gen 0.0048 gap 0.0048 |g| 0.47 | anchor 0.1054 λ 2.04e-02 (s_L 0.938 s_R 0.964; 1.0=조건과 일치) | critic 0.0393 |g| 1.69 | 1.8s/step | max 27.3GB
[DIAG step 2000] full-step MSE(x0,z)=0.7313 | std비 full=1.005 1step=0.901 (1.0=teacher 수준, ↓=안개/평균 붕괴) | 뷰비 r student 1.329 vs teacher 1.518 vs GT 0.919
체크포인트 저장: /home/sun4208/Geo4D/dmd_6d/dmd_gen.pt, dmd_fake.pt (step 2000)
완료
[1;34mwandb[0m: 
[1;34mwandb[0m: You can sync this run to the cloud by running:
[1;34mwandb[0m: [1mwandb sync /home/sun4208/Geo4D/bench_out/wandb/offline-run-20260823_192926-n6ydszul[0m
[1;34mwandb[0m: Find logs at: [1;35m../Geo4D/bench_out/wandb/offline-run-20260823_192926-n6ydszul/logs[0m
TRAIN_6D_DONE
[1/3] 모델·LPIPS 로드
/home/sun4208/miniconda3/envs/video_policy/lib/python3.10/site-packages/lightning_fabric/__init__.py:36: UserWarning: pkg_resources is deprecated as an API. See https://setuptools.pypa.io/en/latest/pkg_resources.html. The pkg_resources package is slated for removal as early as 2025-11-30. Refrain from using this package or pin to Setuptools<81.
  __import__("pkg_resources").declare_namespace(__name__)
/home/sun4208/miniconda3/envs/video_policy/lib/python3.10/site-packages/transformers/utils/generic.py:339: FutureWarning: `torch.utils._pytree._register_pytree_node` is deprecated. Please use `torch.utils._pytree.register_pytree_node` instead.
  _torch_pytree._register_pytree_node(
/home/sun4208/miniconda3/envs/video_policy/lib/python3.10/site-packages/transformers/utils/generic.py:339: FutureWarning: `torch.utils._pytree._register_pytree_node` is deprecated. Please use `torch.utils._pytree.register_pytree_node` instead.
  _torch_pytree._register_pytree_node(
/home/sun4208/miniconda3/envs/video_policy/lib/python3.10/site-packages/transformers/utils/generic.py:339: FutureWarning: `torch.utils._pytree._register_pytree_node` is deprecated. Please use `torch.utils._pytree.register_pytree_node` instead.
  _torch_pytree._register_pytree_node(
no module 'xformers'. Processing without...
no module 'xformers'. Processing without...
/home/sun4208/miniconda3/envs/video_policy/lib/python3.10/site-packages/torchdata/datapipes/__init__.py:18: UserWarning: 
################################################################################
WARNING!
The 'datapipes', 'dataloader2' modules are deprecated and will be removed in a
future torchdata release! Please see https://github.com/pytorch/data/issues/1196
to learn more and leave feedback.
################################################################################

  deprecation_warning()
Global seed set to 42
wandb: Tracking run with wandb version 0.28.2
wandb: W&B syncing is set to `offline` in this directory. Run `wandb online` or set WANDB_MODE=online to enable cloud syncing.
wandb: Run data is saved locally in /home/sun4208/Geo4D/bench_out/wandb/offline-run-20260823_204017-uoqsn9gj
wandb: View this run in the terminal with `wandb leet`
wandb: WARNING Symlinked 1 file into the W&B run directory; call wandb.save again to sync new files.
Attention mode 'softmax-xformers' is not available. Falling back to native attention. This is not a problem in Pytorch >= 2.0. FYI, you are running with PyTorch version 2.11.0+cu128.
Attention mode 'softmax-xformers' is not available. Falling back to native attention. This is not a problem in Pytorch >= 2.0. FYI, you are running with PyTorch version 2.11.0+cu128.
Attention mode 'softmax-xformers' is not available. Falling back to native attention. This is not a problem in Pytorch >= 2.0. FYI, you are running with PyTorch version 2.11.0+cu128.
Attention mode 'softmax-xformers' is not available. Falling back to native attention. This is not a problem in Pytorch >= 2.0. FYI, you are running with PyTorch version 2.11.0+cu128.
Attention mode 'softmax-xformers' is not available. Falling back to native attention. This is not a problem in Pytorch >= 2.0. FYI, you are running with PyTorch version 2.11.0+cu128.
Attention mode 'softmax-xformers' is not available. Falling back to native attention. This is not a problem in Pytorch >= 2.0. FYI, you are running with PyTorch version 2.11.0+cu128.
Attention mode 'softmax-xformers' is not available. Falling back to native attention. This is not a problem in Pytorch >= 2.0. FYI, you are running with PyTorch version 2.11.0+cu128.
Attention mode 'softmax-xformers' is not available. Falling back to native attention. This is not a problem in Pytorch >= 2.0. FYI, you are running with PyTorch version 2.11.0+cu128.
Attention mode 'softmax-xformers' is not available. Falling back to native attention. This is not a problem in Pytorch >= 2.0. FYI, you are running with PyTorch version 2.11.0+cu128.
Attention mode 'softmax-xformers' is not available. Falling back to native attention. This is not a problem in Pytorch >= 2.0. FYI, you are running with PyTorch version 2.11.0+cu128.
Attention mode 'softmax-xformers' is not available. Falling back to native attention. This is not a problem in Pytorch >= 2.0. FYI, you are running with PyTorch version 2.11.0+cu128.
Attention mode 'softmax-xformers' is not available. Falling back to native attention. This is not a problem in Pytorch >= 2.0. FYI, you are running with PyTorch version 2.11.0+cu128.
Attention mode 'softmax-xformers' is not available. Falling back to native attention. This is not a problem in Pytorch >= 2.0. FYI, you are running with PyTorch version 2.11.0+cu128.
Attention mode 'softmax-xformers' is not available. Falling back to native attention. This is not a problem in Pytorch >= 2.0. FYI, you are running with PyTorch version 2.11.0+cu128.
Attention mode 'softmax-xformers' is not available. Falling back to native attention. This is not a problem in Pytorch >= 2.0. FYI, you are running with PyTorch version 2.11.0+cu128.
Attention mode 'softmax-xformers' is not available. Falling back to native attention. This is not a problem in Pytorch >= 2.0. FYI, you are running with PyTorch version 2.11.0+cu128.
VideoTransformerBlock is using checkpointing
VideoTransformerBlock is using checkpointing
VideoTransformerBlock is using checkpointing
VideoTransformerBlock is using checkpointing
VideoTransformerBlock is using checkpointing
VideoTransformerBlock is using checkpointing
VideoTransformerBlock is using checkpointing
VideoTransformerBlock is using checkpointing
VideoTransformerBlock is using checkpointing
VideoTransformerBlock is using checkpointing
VideoTransformerBlock is using checkpointing
VideoTransformerBlock is using checkpointing
VideoTransformerBlock is using checkpointing
VideoTransformerBlock is using checkpointing
VideoTransformerBlock is using checkpointing
VideoTransformerBlock is using checkpointing
conditioner_config.params.emb_models[1].params.disable_encoder_autocast: True
conditioner_config.params.emb_models[1].params.en_and_decode_n_samples_a_time: 
10
conditioner_config.params.emb_models[2].params.disable_encoder_autocast: True
conditioner_config.params.emb_models[2].params.en_and_decode_n_samples_a_time: 
10
Initialized embedder #0: FrozenOpenCLIPImagePredictionEmbedder with 683800065 params. Trainable: False
Autoencoder ckpt is None, skipping!
Autoencoder ckpt is not None...
missing_keys:
[
    'quant_conv.weight',
    'quant_conv.bias',
    'post_quant_conv.weight',
    'post_quant_conv.bias'
]
Initialized embedder #1: VideoPredictionEmbedderWithEncoder with 83653863 params. Trainable: False
Autoencoder ckpt is None, skipping!
Autoencoder ckpt is not None...
missing_keys:
[
    'quant_conv.weight',
    'quant_conv.bias',
    'post_quant_conv.weight',
    'post_quant_conv.bias'
]
WARNING:sgm.models.autoencoder:Checkpoint path is deprecated, use `checkpoint_egnine` instead
Initialized embedder #2: VideoPredictionEmbedderWithEncoder with 83653863 params. Trainable: False
Autoencoder ckpt is not None...
missing_keys:
[]
WARNING:sgm.models.autoencoder:Checkpoint path is deprecated, use `checkpoint_egnine` instead
Autoencoder ckpt is not None...
missing_keys:
[]
Restored from 
/home/sun4208/Geo4D/checkpoints/checkpoints/outputs/apple/4dgen.ckpt with 0 
missing and 0 unexpected keys
/home/sun4208/miniconda3/envs/video_policy/lib/python3.10/site-packages/torchvision/models/_utils.py:208: UserWarning: The parameter 'pretrained' is deprecated since 0.13 and may be removed in the future, please use 'weights' instead.
  warnings.warn(
/home/sun4208/miniconda3/envs/video_policy/lib/python3.10/site-packages/torchvision/models/_utils.py:223: UserWarning: Arguments other than a weight enum or `None` for 'weights' are deprecated since 0.13 and may be removed in the future. The current behavior is equivalent to passing `weights=AlexNet_Weights.IMAGENET1K_V1`. You can also use `weights=AlexNet_Weights.DEFAULT` to get the most up-to-date weights.
  warnings.warn(msg)
Setting up [LPIPS] perceptual loss: trunk [alex], v[0.1], spatial [off]
Loading model from: /home/sun4208/miniconda3/envs/video_policy/lib/python3.10/site-packages/lpips/weights/v0.1/alex.pth
[2/3] 데이터
/home/sun4208/4dgen/sgm/util.py:54: FutureWarning: `torch.cuda.amp.autocast(args...)` is deprecated. Please use `torch.amp.autocast('cuda', args...)` instead.
  with torch.cuda.amp.autocast(
/home/sun4208/miniconda3/envs/video_policy/lib/python3.10/site-packages/torch/_dynamo/eval_frame.py:1263: UserWarning: torch.utils.checkpoint: the use_reentrant parameter should be passed explicitly. Starting in PyTorch 2.9, calling checkpoint without use_reentrant will raise an exception. use_reentrant=False is recommended, but if you need to preserve the current default behavior, you can pass use_reentrant=True. Refer to docs for more details on the differences between the two variants.
  return fn(*args, **kwargs)
/home/sun4208/miniconda3/envs/video_policy/lib/python3.10/site-packages/torch/utils/checkpoint.py:232: UserWarning: None of the inputs have requires_grad=True. Gradients will be None
  check_backward_validity(args)
/home/sun4208/miniconda3/envs/video_policy/lib/python3.10/contextlib.py:103: FutureWarning: `torch.backends.cuda.sdp_kernel()` is deprecated. In the future, this context manager will be removed. Please see `torch.nn.attention.sdpa_kernel()` for the new context manager, with updated signature.
  self.gen = func(*args, **kwds)


Is relative traj: False

Loading replay buffer from: /home/sun4208/Geo4D/Data/replay_buffer_infer.zarr
[3/3] 측정
[T25] 24.9s/생성 | PSNR 20.62 | AbsRel 0.0664 (L 0.0673 / R 0.0655) | LPIPS 0.1179 | 선명도 0.01340 (GT 0.02137) | CV 0.1694 | 다양성 0.02271
[S3] 4.4s/생성 | PSNR 20.25 | AbsRel 0.1176 (L 0.0994 / R 0.1358) | LPIPS 0.1623 | 선명도 0.00960 (GT 0.02137) | CV 0.1725 | 다양성 0.02501
[S3b] 4.4s/생성 | PSNR 20.25 | AbsRel 0.0895 (L 0.0856 / R 0.0934) | LPIPS 0.1623 | 선명도 0.00960 (GT 0.02137) | CV 0.1632 | 다양성 0.02501

=== 정밀 분석 — paired 비교 (data_seed 1234, 배치 20 = 뷰 샘플 40, 다양성 배치 3×시드 4) ===
student: dmd_gen_step1600.pt | GT 선명도 0.02137

[평균] 설정 | s/생성 | PSNR^ | AbsRel v (L/R) | LPIPS v | 선명도 | CV-Chamfer v | 시드 다양성  (AbsRel: 오른쪽 GT 가짜 픽셀 제외)
 T25 |  24.9 | 20.62 | 0.0664 (L 0.0673/R 0.0655) | 0.1179 | 0.01340 | 0.1694 | 0.02271
  S3 |   4.4 | 20.25 | 0.1176 (L 0.0994/R 0.1358) | 0.1623 | 0.00960 | 0.1725 | 0.02501
 S3b |   4.4 | 20.25 | 0.0895 (L 0.0856/R 0.0934) | 0.1623 | 0.00960 | 0.1632 | 0.02501

[paired: X − T25, 샘플별 차이] 지표 | 설정 | 평균차 ± std | X가 나은 샘플 비율 | Wilcoxon p
  PSNR |   S3 | -0.3630 ± 0.7285 |  37.5% | 0.005
  PSNR |  S3b | -0.3630 ± 0.7285 |  37.5% | 0.005
AbsRel |   S3 | +0.0512 ± 0.0574 |   7.5% | 0.000
AbsRel |  S3b | +0.0231 ± 0.0260 |  17.5% | 0.000
 LPIPS |   S3 | +0.0444 ± 0.0119 |   0.0% | 0.000
 LPIPS |  S3b | +0.0444 ± 0.0119 |   0.0% | 0.000
 sharp |   S3 | -0.0038 ± 0.0008 |   0.0% | 0.000
 sharp |  S3b | -0.0038 ± 0.0008 |   0.0% | 0.000
    CV |   S3 | +0.0031 ± 0.0553 |  45.0% | 0.784
    CV |  S3b | -0.0062 ± 0.0488 |  55.0% | 0.812
   div |   S3 | +0.0023 ± 0.0029 |  66.7% | 0.156
   div |  S3b | +0.0023 ± 0.0029 |  66.7% | 0.156

[샘플별 AbsRel] batch/view | T25 | S3 | S3b
0/l | 0.068 | 0.107 | 0.094
0/r | 0.094 | 0.199 | 0.178
1/l | 0.133 | 0.143 | 0.134
1/r | 0.035 | 0.136 | 0.084
2/l | 0.173 | 0.183 | 0.157
2/r | 0.067 | 0.165 | 0.067
3/l | 0.049 | 0.118 | 0.097
3/r | 0.079 | 0.199 | 0.148
4/l | 0.064 | 0.104 | 0.095
4/r | 0.076 | 0.099 | 0.094
5/l | 0.049 | 0.070 | 0.068
5/r | 0.073 | 0.070 | 0.064
6/l | 0.101 | 0.154 | 0.111
6/r | 0.055 | 0.256 | 0.118
7/l | 0.050 | 0.080 | 0.083
7/r | 0.066 | 0.088 | 0.063
8/l | 0.070 | 0.082 | 0.078
8/r | 0.047 | 0.139 | 0.079
9/l | 0.047 | 0.084 | 0.076
9/r | 0.053 | 0.109 | 0.092
10/l | 0.046 | 0.095 | 0.058
10/r | 0.038 | 0.165 | 0.114
11/l | 0.091 | 0.106 | 0.110
11/r | 0.100 | 0.121 | 0.127
12/l | 0.037 | 0.059 | 0.058
12/r | 0.071 | 0.077 | 0.053
13/l | 0.039 | 0.061 | 0.060
13/r | 0.047 | 0.070 | 0.062
14/l | 0.067 | 0.133 | 0.098
14/r | 0.086 | 0.368 | 0.140
15/l | 0.044 | 0.067 | 0.065
15/r | 0.079 | 0.083 | 0.059
16/l | 0.046 | 0.066 | 0.064
16/r | 0.072 | 0.070 | 0.064
17/l | 0.046 | 0.074 | 0.073
17/r | 0.072 | 0.070 | 0.071
18/l | 0.060 | 0.099 | 0.065
18/r | 0.032 | 0.157 | 0.111
19/l | 0.066 | 0.104 | 0.069
19/r | 0.068 | 0.075 | 0.080

해석 가이드: S3가 T25 대비 PSNR·LPIPS·선명도·다양성은 동급(p>0.05 또는 개선)인데 AbsRel만 유의하게 나쁘면 '픽셀 복원, 기하 미달'이 샘플 수준에서 확정.

저장: ~/Geo4D/bench_out/precise_6a_6d_s1600.txt
[1;34mwandb[0m: 
[1;34mwandb[0m: You can sync this run to the cloud by running:
[1;34mwandb[0m: [1mwandb sync /home/sun4208/Geo4D/bench_out/wandb/offline-run-20260823_204017-uoqsn9gj[0m
[1;34mwandb[0m: Find logs at: [1;35m../Geo4D/bench_out/wandb/offline-run-20260823_204017-uoqsn9gj/logs[0m
[1/3] 모델·LPIPS 로드
/home/sun4208/miniconda3/envs/video_policy/lib/python3.10/site-packages/lightning_fabric/__init__.py:36: UserWarning: pkg_resources is deprecated as an API. See https://setuptools.pypa.io/en/latest/pkg_resources.html. The pkg_resources package is slated for removal as early as 2025-11-30. Refrain from using this package or pin to Setuptools<81.
  __import__("pkg_resources").declare_namespace(__name__)
/home/sun4208/miniconda3/envs/video_policy/lib/python3.10/site-packages/transformers/utils/generic.py:339: FutureWarning: `torch.utils._pytree._register_pytree_node` is deprecated. Please use `torch.utils._pytree.register_pytree_node` instead.
  _torch_pytree._register_pytree_node(
/home/sun4208/miniconda3/envs/video_policy/lib/python3.10/site-packages/transformers/utils/generic.py:339: FutureWarning: `torch.utils._pytree._register_pytree_node` is deprecated. Please use `torch.utils._pytree.register_pytree_node` instead.
  _torch_pytree._register_pytree_node(
/home/sun4208/miniconda3/envs/video_policy/lib/python3.10/site-packages/transformers/utils/generic.py:339: FutureWarning: `torch.utils._pytree._register_pytree_node` is deprecated. Please use `torch.utils._pytree.register_pytree_node` instead.
  _torch_pytree._register_pytree_node(
no module 'xformers'. Processing without...
no module 'xformers'. Processing without...
/home/sun4208/miniconda3/envs/video_policy/lib/python3.10/site-packages/torchdata/datapipes/__init__.py:18: UserWarning: 
################################################################################
WARNING!
The 'datapipes', 'dataloader2' modules are deprecated and will be removed in a
future torchdata release! Please see https://github.com/pytorch/data/issues/1196
to learn more and leave feedback.
################################################################################

  deprecation_warning()
Global seed set to 42
wandb: Tracking run with wandb version 0.28.2
wandb: W&B syncing is set to `offline` in this directory. Run `wandb online` or set WANDB_MODE=online to enable cloud syncing.
wandb: Run data is saved locally in /home/sun4208/Geo4D/bench_out/wandb/offline-run-20260823_205936-806krtwq
wandb: View this run in the terminal with `wandb leet`
wandb: WARNING Symlinked 1 file into the W&B run directory; call wandb.save again to sync new files.
Attention mode 'softmax-xformers' is not available. Falling back to native attention. This is not a problem in Pytorch >= 2.0. FYI, you are running with PyTorch version 2.11.0+cu128.
Attention mode 'softmax-xformers' is not available. Falling back to native attention. This is not a problem in Pytorch >= 2.0. FYI, you are running with PyTorch version 2.11.0+cu128.
Attention mode 'softmax-xformers' is not available. Falling back to native attention. This is not a problem in Pytorch >= 2.0. FYI, you are running with PyTorch version 2.11.0+cu128.
Attention mode 'softmax-xformers' is not available. Falling back to native attention. This is not a problem in Pytorch >= 2.0. FYI, you are running with PyTorch version 2.11.0+cu128.
Attention mode 'softmax-xformers' is not available. Falling back to native attention. This is not a problem in Pytorch >= 2.0. FYI, you are running with PyTorch version 2.11.0+cu128.
Attention mode 'softmax-xformers' is not available. Falling back to native attention. This is not a problem in Pytorch >= 2.0. FYI, you are running with PyTorch version 2.11.0+cu128.
Attention mode 'softmax-xformers' is not available. Falling back to native attention. This is not a problem in Pytorch >= 2.0. FYI, you are running with PyTorch version 2.11.0+cu128.
Attention mode 'softmax-xformers' is not available. Falling back to native attention. This is not a problem in Pytorch >= 2.0. FYI, you are running with PyTorch version 2.11.0+cu128.
Attention mode 'softmax-xformers' is not available. Falling back to native attention. This is not a problem in Pytorch >= 2.0. FYI, you are running with PyTorch version 2.11.0+cu128.
Attention mode 'softmax-xformers' is not available. Falling back to native attention. This is not a problem in Pytorch >= 2.0. FYI, you are running with PyTorch version 2.11.0+cu128.
Attention mode 'softmax-xformers' is not available. Falling back to native attention. This is not a problem in Pytorch >= 2.0. FYI, you are running with PyTorch version 2.11.0+cu128.
Attention mode 'softmax-xformers' is not available. Falling back to native attention. This is not a problem in Pytorch >= 2.0. FYI, you are running with PyTorch version 2.11.0+cu128.
Attention mode 'softmax-xformers' is not available. Falling back to native attention. This is not a problem in Pytorch >= 2.0. FYI, you are running with PyTorch version 2.11.0+cu128.
Attention mode 'softmax-xformers' is not available. Falling back to native attention. This is not a problem in Pytorch >= 2.0. FYI, you are running with PyTorch version 2.11.0+cu128.
Attention mode 'softmax-xformers' is not available. Falling back to native attention. This is not a problem in Pytorch >= 2.0. FYI, you are running with PyTorch version 2.11.0+cu128.
Attention mode 'softmax-xformers' is not available. Falling back to native attention. This is not a problem in Pytorch >= 2.0. FYI, you are running with PyTorch version 2.11.0+cu128.
VideoTransformerBlock is using checkpointing
VideoTransformerBlock is using checkpointing
VideoTransformerBlock is using checkpointing
VideoTransformerBlock is using checkpointing
VideoTransformerBlock is using checkpointing
VideoTransformerBlock is using checkpointing
VideoTransformerBlock is using checkpointing
VideoTransformerBlock is using checkpointing
VideoTransformerBlock is using checkpointing
VideoTransformerBlock is using checkpointing
VideoTransformerBlock is using checkpointing
VideoTransformerBlock is using checkpointing
VideoTransformerBlock is using checkpointing
VideoTransformerBlock is using checkpointing
VideoTransformerBlock is using checkpointing
VideoTransformerBlock is using checkpointing
conditioner_config.params.emb_models[1].params.disable_encoder_autocast: True
conditioner_config.params.emb_models[1].params.en_and_decode_n_samples_a_time: 
10
conditioner_config.params.emb_models[2].params.disable_encoder_autocast: True
conditioner_config.params.emb_models[2].params.en_and_decode_n_samples_a_time: 
10
Initialized embedder #0: FrozenOpenCLIPImagePredictionEmbedder with 683800065 params. Trainable: False
Autoencoder ckpt is None, skipping!
Autoencoder ckpt is not None...
missing_keys:
[
    'quant_conv.weight',
    'quant_conv.bias',
    'post_quant_conv.weight',
    'post_quant_conv.bias'
]
Initialized embedder #1: VideoPredictionEmbedderWithEncoder with 83653863 params. Trainable: False
Autoencoder ckpt is None, skipping!
Autoencoder ckpt is not None...
missing_keys:
[
    'quant_conv.weight',
    'quant_conv.bias',
    'post_quant_conv.weight',
    'post_quant_conv.bias'
]
WARNING:sgm.models.autoencoder:Checkpoint path is deprecated, use `checkpoint_egnine` instead
Initialized embedder #2: VideoPredictionEmbedderWithEncoder with 83653863 params. Trainable: False
Autoencoder ckpt is not None...
missing_keys:
[]
WARNING:sgm.models.autoencoder:Checkpoint path is deprecated, use `checkpoint_egnine` instead
Autoencoder ckpt is not None...
missing_keys:
[]
Restored from 
/home/sun4208/Geo4D/checkpoints/checkpoints/outputs/apple/4dgen.ckpt with 0 
missing and 0 unexpected keys
/home/sun4208/miniconda3/envs/video_policy/lib/python3.10/site-packages/torchvision/models/_utils.py:208: UserWarning: The parameter 'pretrained' is deprecated since 0.13 and may be removed in the future, please use 'weights' instead.
  warnings.warn(
/home/sun4208/miniconda3/envs/video_policy/lib/python3.10/site-packages/torchvision/models/_utils.py:223: UserWarning: Arguments other than a weight enum or `None` for 'weights' are deprecated since 0.13 and may be removed in the future. The current behavior is equivalent to passing `weights=AlexNet_Weights.IMAGENET1K_V1`. You can also use `weights=AlexNet_Weights.DEFAULT` to get the most up-to-date weights.
  warnings.warn(msg)
Setting up [LPIPS] perceptual loss: trunk [alex], v[0.1], spatial [off]
Loading model from: /home/sun4208/miniconda3/envs/video_policy/lib/python3.10/site-packages/lpips/weights/v0.1/alex.pth
[2/3] 데이터
/home/sun4208/4dgen/sgm/util.py:54: FutureWarning: `torch.cuda.amp.autocast(args...)` is deprecated. Please use `torch.amp.autocast('cuda', args...)` instead.
  with torch.cuda.amp.autocast(
/home/sun4208/miniconda3/envs/video_policy/lib/python3.10/site-packages/torch/_dynamo/eval_frame.py:1263: UserWarning: torch.utils.checkpoint: the use_reentrant parameter should be passed explicitly. Starting in PyTorch 2.9, calling checkpoint without use_reentrant will raise an exception. use_reentrant=False is recommended, but if you need to preserve the current default behavior, you can pass use_reentrant=True. Refer to docs for more details on the differences between the two variants.
  return fn(*args, **kwargs)
/home/sun4208/miniconda3/envs/video_policy/lib/python3.10/site-packages/torch/utils/checkpoint.py:232: UserWarning: None of the inputs have requires_grad=True. Gradients will be None
  check_backward_validity(args)
/home/sun4208/miniconda3/envs/video_policy/lib/python3.10/contextlib.py:103: FutureWarning: `torch.backends.cuda.sdp_kernel()` is deprecated. In the future, this context manager will be removed. Please see `torch.nn.attention.sdpa_kernel()` for the new context manager, with updated signature.
  self.gen = func(*args, **kwds)


Is relative traj: False

Loading replay buffer from: /home/sun4208/Geo4D/Data/replay_buffer_infer.zarr
[3/3] 측정
[T25] 24.9s/생성 | PSNR 20.62 | AbsRel 0.0664 (L 0.0673 / R 0.0655) | LPIPS 0.1179 | 선명도 0.01340 (GT 0.02137) | CV 0.1694 | 다양성 0.02271
[S3] 4.4s/생성 | PSNR 20.41 | AbsRel 0.1022 (L 0.0912 / R 0.1133) | LPIPS 0.1478 | 선명도 0.01096 (GT 0.02137) | CV 0.1779 | 다양성 0.02257
[S3b] 4.4s/생성 | PSNR 20.41 | AbsRel 0.0814 (L 0.0807 / R 0.0821) | LPIPS 0.1478 | 선명도 0.01096 (GT 0.02137) | CV 0.1725 | 다양성 0.02257

=== 정밀 분석 — paired 비교 (data_seed 1234, 배치 20 = 뷰 샘플 40, 다양성 배치 3×시드 4) ===
student: dmd_gen.pt | GT 선명도 0.02137

[평균] 설정 | s/생성 | PSNR^ | AbsRel v (L/R) | LPIPS v | 선명도 | CV-Chamfer v | 시드 다양성  (AbsRel: 오른쪽 GT 가짜 픽셀 제외)
 T25 |  24.9 | 20.62 | 0.0664 (L 0.0673/R 0.0655) | 0.1179 | 0.01340 | 0.1694 | 0.02271
  S3 |   4.4 | 20.41 | 0.1022 (L 0.0912/R 0.1133) | 0.1478 | 0.01096 | 0.1779 | 0.02257
 S3b |   4.4 | 20.41 | 0.0814 (L 0.0807/R 0.0821) | 0.1478 | 0.01096 | 0.1725 | 0.02257

[paired: X − T25, 샘플별 차이] 지표 | 설정 | 평균차 ± std | X가 나은 샘플 비율 | Wilcoxon p
  PSNR |   S3 | -0.2071 ± 0.6288 |  30.0% | 0.034
  PSNR |  S3b | -0.2071 ± 0.6288 |  30.0% | 0.034
AbsRel |   S3 | +0.0358 ± 0.0483 |  20.0% | 0.000
AbsRel |  S3b | +0.0150 ± 0.0211 |  22.5% | 0.000
 LPIPS |   S3 | +0.0299 ± 0.0094 |   0.0% | 0.000
 LPIPS |  S3b | +0.0299 ± 0.0094 |   0.0% | 0.000
 sharp |   S3 | -0.0024 ± 0.0007 |   0.0% | 0.000
 sharp |  S3b | -0.0024 ± 0.0007 |   0.0% | 0.000
    CV |   S3 | +0.0085 ± 0.0481 |  40.0% | 0.571
    CV |  S3b | +0.0031 ± 0.0416 |  45.0% | 0.729
   div |   S3 | -0.0001 ± 0.0024 |  50.0% | 1.000
   div |  S3b | -0.0001 ± 0.0024 |  50.0% | 1.000

[샘플별 AbsRel] batch/view | T25 | S3 | S3b
0/l | 0.068 | 0.094 | 0.087
0/r | 0.094 | 0.152 | 0.138
1/l | 0.133 | 0.132 | 0.125
1/r | 0.035 | 0.092 | 0.055
2/l | 0.173 | 0.177 | 0.150
2/r | 0.067 | 0.129 | 0.063
3/l | 0.049 | 0.107 | 0.091
3/r | 0.079 | 0.165 | 0.129
4/l | 0.064 | 0.097 | 0.092
4/r | 0.076 | 0.087 | 0.091
5/l | 0.049 | 0.063 | 0.066
5/r | 0.073 | 0.069 | 0.063
6/l | 0.101 | 0.145 | 0.105
6/r | 0.055 | 0.225 | 0.101
7/l | 0.050 | 0.077 | 0.081
7/r | 0.066 | 0.065 | 0.066
8/l | 0.070 | 0.082 | 0.077
8/r | 0.047 | 0.115 | 0.067
9/l | 0.047 | 0.074 | 0.070
9/r | 0.053 | 0.089 | 0.068
10/l | 0.046 | 0.073 | 0.054
10/r | 0.038 | 0.136 | 0.102
11/l | 0.091 | 0.109 | 0.113
11/r | 0.100 | 0.126 | 0.130
12/l | 0.037 | 0.055 | 0.051
12/r | 0.071 | 0.052 | 0.052
13/l | 0.039 | 0.058 | 0.054
13/r | 0.047 | 0.058 | 0.053
14/l | 0.067 | 0.119 | 0.086
14/r | 0.086 | 0.325 | 0.126
15/l | 0.044 | 0.064 | 0.061
15/r | 0.079 | 0.060 | 0.060
16/l | 0.046 | 0.062 | 0.058
16/r | 0.072 | 0.065 | 0.055
17/l | 0.046 | 0.069 | 0.068
17/r | 0.072 | 0.064 | 0.059
18/l | 0.060 | 0.080 | 0.060
18/r | 0.032 | 0.125 | 0.093
19/l | 0.066 | 0.085 | 0.064
19/r | 0.068 | 0.067 | 0.070

해석 가이드: S3가 T25 대비 PSNR·LPIPS·선명도·다양성은 동급(p>0.05 또는 개선)인데 AbsRel만 유의하게 나쁘면 '픽셀 복원, 기하 미달'이 샘플 수준에서 확정.

저장: ~/Geo4D/bench_out/precise_6a_6d_s2000.txt
[1;34mwandb[0m: 
[1;34mwandb[0m: You can sync this run to the cloud by running:
[1;34mwandb[0m: [1mwandb sync /home/sun4208/Geo4D/bench_out/wandb/offline-run-20260823_205936-806krtwq[0m
[1;34mwandb[0m: Find logs at: [1;35m../Geo4D/bench_out/wandb/offline-run-20260823_205936-806krtwq/logs[0m
EVAL_6D_DONE
