[1/5] teacher 로드
/home/sun4208/miniconda3/envs/video_policy/lib/python3.10/site-packages/lightning_fabric/__init__.py:36: UserWarning: pkg_resources is deprecated as an API. See https://setuptools.pypa.io/en/latest/pkg_resources.html. The pkg_resources package is slated for removal as early as 2025-11-30. Refrain from using this package or pin to Setuptools<81.
  __import__("pkg_resources").declare_namespace(__name__)
/home/sun4208/miniconda3/envs/video_policy/lib/python3.10/site-packages/transformers/utils/generic.py:339: FutureWarning: `torch.utils._pytree._register_pytree_node` is deprecated. Please use `torch.utils._pytree.register_pytree_node` instead.
  _torch_pytree._register_pytree_node(
/home/sun4208/miniconda3/envs/video_policy/lib/python3.10/site-packages/transformers/utils/generic.py:339: FutureWarning: `torch.utils._pytree._register_pytree_node` is deprecated. Please use `torch.utils._pytree.register_pytree_node` instead.
  _torch_pytree._register_pytree_node(
/home/sun4208/miniconda3/envs/video_policy/lib/python3.10/site-packages/transformers/utils/generic.py:339: FutureWarning: `torch.utils._pytree._register_pytree_node` is deprecated. Please use `torch.utils._pytree.register_pytree_node` instead.
  _torch_pytree._register_pytree_node(
no module 'xformers'. Processing without...
no module 'xformers'. Processing without...
/home/sun4208/miniconda3/envs/video_policy/lib/python3.10/site-packages/torchdata/datapipes/__init__.py:18: UserWarning: 
################################################################################
WARNING!
The 'datapipes', 'dataloader2' modules are deprecated and will be removed in a
future torchdata release! Please see https://github.com/pytorch/data/issues/1196
to learn more and leave feedback.
################################################################################

  deprecation_warning()
Global seed set to 42
wandb: Tracking run with wandb version 0.28.2
wandb: W&B syncing is set to `offline` in this directory. Run `wandb online` or set WANDB_MODE=online to enable cloud syncing.
wandb: Run data is saved locally in /home/sun4208/Geo4D/bench_out/wandb/offline-run-20260824_052628-yassakif
wandb: View this run in the terminal with `wandb leet`
wandb: WARNING Symlinked 1 file into the W&B run directory; call wandb.save again to sync new files.
Attention mode 'softmax-xformers' is not available. Falling back to native attention. This is not a problem in Pytorch >= 2.0. FYI, you are running with PyTorch version 2.11.0+cu128.
Attention mode 'softmax-xformers' is not available. Falling back to native attention. This is not a problem in Pytorch >= 2.0. FYI, you are running with PyTorch version 2.11.0+cu128.
Attention mode 'softmax-xformers' is not available. Falling back to native attention. This is not a problem in Pytorch >= 2.0. FYI, you are running with PyTorch version 2.11.0+cu128.
Attention mode 'softmax-xformers' is not available. Falling back to native attention. This is not a problem in Pytorch >= 2.0. FYI, you are running with PyTorch version 2.11.0+cu128.
Attention mode 'softmax-xformers' is not available. Falling back to native attention. This is not a problem in Pytorch >= 2.0. FYI, you are running with PyTorch version 2.11.0+cu128.
Attention mode 'softmax-xformers' is not available. Falling back to native attention. This is not a problem in Pytorch >= 2.0. FYI, you are running with PyTorch version 2.11.0+cu128.
Attention mode 'softmax-xformers' is not available. Falling back to native attention. This is not a problem in Pytorch >= 2.0. FYI, you are running with PyTorch version 2.11.0+cu128.
Attention mode 'softmax-xformers' is not available. Falling back to native attention. This is not a problem in Pytorch >= 2.0. FYI, you are running with PyTorch version 2.11.0+cu128.
Attention mode 'softmax-xformers' is not available. Falling back to native attention. This is not a problem in Pytorch >= 2.0. FYI, you are running with PyTorch version 2.11.0+cu128.
Attention mode 'softmax-xformers' is not available. Falling back to native attention. This is not a problem in Pytorch >= 2.0. FYI, you are running with PyTorch version 2.11.0+cu128.
Attention mode 'softmax-xformers' is not available. Falling back to native attention. This is not a problem in Pytorch >= 2.0. FYI, you are running with PyTorch version 2.11.0+cu128.
Attention mode 'softmax-xformers' is not available. Falling back to native attention. This is not a problem in Pytorch >= 2.0. FYI, you are running with PyTorch version 2.11.0+cu128.
Attention mode 'softmax-xformers' is not available. Falling back to native attention. This is not a problem in Pytorch >= 2.0. FYI, you are running with PyTorch version 2.11.0+cu128.
Attention mode 'softmax-xformers' is not available. Falling back to native attention. This is not a problem in Pytorch >= 2.0. FYI, you are running with PyTorch version 2.11.0+cu128.
Attention mode 'softmax-xformers' is not available. Falling back to native attention. This is not a problem in Pytorch >= 2.0. FYI, you are running with PyTorch version 2.11.0+cu128.
Attention mode 'softmax-xformers' is not available. Falling back to native attention. This is not a problem in Pytorch >= 2.0. FYI, you are running with PyTorch version 2.11.0+cu128.
VideoTransformerBlock is using checkpointing
VideoTransformerBlock is using checkpointing
VideoTransformerBlock is using checkpointing
VideoTransformerBlock is using checkpointing
VideoTransformerBlock is using checkpointing
VideoTransformerBlock is using checkpointing
VideoTransformerBlock is using checkpointing
VideoTransformerBlock is using checkpointing
VideoTransformerBlock is using checkpointing
VideoTransformerBlock is using checkpointing
VideoTransformerBlock is using checkpointing
VideoTransformerBlock is using checkpointing
VideoTransformerBlock is using checkpointing
VideoTransformerBlock is using checkpointing
VideoTransformerBlock is using checkpointing
VideoTransformerBlock is using checkpointing
conditioner_config.params.emb_models[1].params.disable_encoder_autocast: True
conditioner_config.params.emb_models[1].params.en_and_decode_n_samples_a_time: 
10
conditioner_config.params.emb_models[2].params.disable_encoder_autocast: True
conditioner_config.params.emb_models[2].params.en_and_decode_n_samples_a_time: 
10
Initialized embedder #0: FrozenOpenCLIPImagePredictionEmbedder with 683800065 params. Trainable: False
Autoencoder ckpt is None, skipping!
Autoencoder ckpt is not None...
missing_keys:
[
    'quant_conv.weight',
    'quant_conv.bias',
    'post_quant_conv.weight',
    'post_quant_conv.bias'
]
Initialized embedder #1: VideoPredictionEmbedderWithEncoder with 83653863 params. Trainable: False
Autoencoder ckpt is None, skipping!
Autoencoder ckpt is not None...
missing_keys:
[
    'quant_conv.weight',
    'quant_conv.bias',
    'post_quant_conv.weight',
    'post_quant_conv.bias'
]
WARNING:sgm.models.autoencoder:Checkpoint path is deprecated, use `checkpoint_egnine` instead
Initialized embedder #2: VideoPredictionEmbedderWithEncoder with 83653863 params. Trainable: False
Autoencoder ckpt is not None...
missing_keys:
[]
WARNING:sgm.models.autoencoder:Checkpoint path is deprecated, use `checkpoint_egnine` instead
Autoencoder ckpt is not None...
missing_keys:
[]
Restored from 
/home/sun4208/Geo4D/checkpoints/checkpoints/outputs/apple/4dgen.ckpt with 0 
missing and 0 unexpected keys
UNet 파라미터 1.54B
[MEM teacher bf16] alloc 6.77GB | max 9.65GB | reserved 9.76GB
[2/5] 컨디션 사전계산
ODE 쌍 284개 / 샘플 142개
/home/sun4208/4dgen/sgm/util.py:54: FutureWarning: `torch.cuda.amp.autocast(args...)` is deprecated. Please use `torch.amp.autocast('cuda', args...)` instead.
  with torch.cuda.amp.autocast(


Is relative traj: False

Loading replay buffer from: /home/sun4208/Geo4D/Data/replay_buffer_infer.zarr
latent shape: (20, 8, 32, 40) | cond keys: {'crossattn': (2, 1, 1024), 'concat': (20, 8, 32, 40)}
  50/142 (231s)
  100/142 (468s)
컨디션 142개 사전계산 완료 (670s)
GT 뷰 비 r_gt 평균 0.788 (프레임 std 0.014, 샘플 std 0.164)
[MEM conditioner/VAE 제거 후] alloc 3.38GB | max 9.65GB | reserved 3.46GB
[3/5] generator(v2 student) + fake_score(teacher 사본) 구성
generator 초기화: /home/sun4208/Geo4D/ode_init_geo4d_v2.pt (step 1200, missing=0, unexpected=0)
[MEM 3벌 구성] alloc 9.13GB | max 9.65GB | reserved 9.14GB
student σ 스케줄: ['700.0', '70.5', '2.3']
[5/5] DMD 학습 시작
[MEM 학습 전] alloc 9.13GB | max 9.65GB | reserved 9.14GB
/home/sun4208/miniconda3/envs/video_policy/lib/python3.10/site-packages/torch/_dynamo/eval_frame.py:1263: UserWarning: torch.utils.checkpoint: the use_reentrant parameter should be passed explicitly. Starting in PyTorch 2.9, calling checkpoint without use_reentrant will raise an exception. use_reentrant=False is recommended, but if you need to preserve the current default behavior, you can pass use_reentrant=True. Refer to docs for more details on the differences between the two variants.
  return fn(*args, **kwargs)
/home/sun4208/miniconda3/envs/video_policy/lib/python3.10/site-packages/torch/utils/checkpoint.py:232: UserWarning: None of the inputs have requires_grad=True. Gradients will be None
  check_backward_validity(args)
/home/sun4208/miniconda3/envs/video_policy/lib/python3.10/contextlib.py:103: FutureWarning: `torch.backends.cuda.sdp_kernel()` is deprecated. In the future, this context manager will be removed. Please see `torch.nn.attention.sdpa_kernel()` for the new context manager, with updated signature.
  self.gen = func(*args, **kwds)
[DIAG step 0] full-step MSE(x0,z)=0.4365 | std비 full=0.791 1step=0.695 (1.0=teacher 수준, ↓=안개/평균 붕괴) | 뷰비 r student 1.024 vs teacher 1.518 vs GT 0.919
[MEM 첫 critic step 후] alloc 12.06GB | max 18.61GB | reserved 12.64GB
[MEM 첫 generator step 후] alloc 14.98GB | max 24.35GB | reserved 15.86GB
[step 10/4000] gen 0.0012 gap 0.0033 |g| 0.17 | anchor 0.4186 λ 2.56e-03 (s_L 1.148 s_R 1.219; 1.0=조건과 일치) | critic 0.2317 |g| 3.38 | 1.8s/step | max 27.3GB
[step 20/4000] gen 0.0020 gap 0.0026 |g| 0.15 | anchor 0.4041 λ 3.98e-03 (s_L 1.057 s_R 1.113; 1.0=조건과 일치) | critic 0.2913 |g| 4.10 | 1.8s/step | max 27.3GB
[step 30/4000] gen 0.0013 gap 0.0038 |g| 0.06 | anchor 0.3146 λ 3.69e-03 (s_L 1.073 s_R 1.008; 1.0=조건과 일치) | critic 0.2569 |g| 2.97 | 1.8s/step | max 27.3GB
[step 40/4000] gen 0.0013 gap 0.0041 |g| 0.09 | anchor 0.4051 λ 2.70e-03 (s_L 1.037 s_R 0.977; 1.0=조건과 일치) | critic 0.3076 |g| 4.42 | 1.8s/step | max 27.3GB
[step 50/4000] gen 0.0010 gap 0.0033 |g| 0.13 | anchor 0.5010 λ 1.75e-03 (s_L 1.007 s_R 1.028; 1.0=조건과 일치) | critic 0.2330 |g| 3.02 | 1.8s/step | max 27.3GB
[step 60/4000] gen 0.0009 gap 0.0033 |g| 0.05 | anchor 0.4251 λ 2.02e-03 (s_L 1.001 s_R 1.087; 1.0=조건과 일치) | critic 0.2491 |g| 8.42 | 1.8s/step | max 27.3GB
[step 70/4000] gen 0.0027 gap 0.0029 |g| 0.12 | anchor 0.4946 λ 5.07e-03 (s_L 1.018 s_R 0.969; 1.0=조건과 일치) | critic 0.2468 |g| 4.02 | 1.8s/step | max 27.3GB
[step 80/4000] gen 0.0010 gap 0.0030 |g| 0.06 | anchor 0.2992 λ 3.15e-03 (s_L 1.096 s_R 1.023; 1.0=조건과 일치) | critic 0.2289 |g| 3.75 | 1.8s/step | max 27.3GB
[step 90/4000] gen 0.0032 gap 0.0016 |g| 0.11 | anchor 0.3546 λ 6.37e-03 (s_L 1.193 s_R 0.920; 1.0=조건과 일치) | critic 0.2770 |g| 3.36 | 1.8s/step | max 27.3GB
[step 100/4000] gen 0.0013 gap 0.0035 |g| 0.08 | anchor 0.4404 λ 2.75e-03 (s_L 0.950 s_R 1.033; 1.0=조건과 일치) | critic 0.2776 |g| 2.73 | 1.8s/step | max 27.3GB
[DIAG step 100] full-step MSE(x0,z)=0.4381 | std비 full=0.793 1step=0.695 (1.0=teacher 수준, ↓=안개/평균 붕괴) | 뷰비 r student 1.089 vs teacher 1.518 vs GT 0.919
[step 110/4000] gen 0.0014 gap 0.0038 |g| 0.41 | anchor 0.3545 λ 3.26e-03 (s_L 1.087 s_R 0.878; 1.0=조건과 일치) | critic 0.2718 |g| 3.52 | 1.8s/step | max 27.3GB
[step 120/4000] gen 0.0020 gap 0.0040 |g| 0.10 | anchor 0.3898 λ 4.23e-03 (s_L 1.080 s_R 1.027; 1.0=조건과 일치) | critic 0.2641 |g| 3.55 | 1.8s/step | max 27.3GB
[step 130/4000] gen 0.0032 gap 0.0028 |g| 0.21 | anchor 0.4263 λ 6.00e-03 (s_L 1.096 s_R 1.013; 1.0=조건과 일치) | critic 0.2249 |g| 5.49 | 1.8s/step | max 27.3GB
[step 140/4000] gen 0.0045 gap 0.0042 |g| 0.32 | anchor 0.4050 λ 8.89e-03 (s_L 1.119 s_R 1.174; 1.0=조건과 일치) | critic 0.2798 |g| 2.87 | 1.8s/step | max 27.3GB
[step 150/4000] gen 0.0025 gap 0.0045 |g| 0.11 | anchor 0.4490 λ 4.52e-03 (s_L 0.972 s_R 1.012; 1.0=조건과 일치) | critic 0.2586 |g| 2.63 | 1.8s/step | max 27.3GB
[step 160/4000] gen 0.0047 gap 0.0041 |g| 0.22 | anchor 0.4247 λ 9.14e-03 (s_L 0.987 s_R 0.949; 1.0=조건과 일치) | critic 0.2696 |g| 2.86 | 1.8s/step | max 27.3GB
[step 170/4000] gen 0.0028 gap 0.0047 |g| 0.15 | anchor 0.3271 λ 6.92e-03 (s_L 1.033 s_R 1.007; 1.0=조건과 일치) | critic 0.2783 |g| 2.96 | 1.8s/step | max 27.3GB
[step 180/4000] gen 0.0014 gap 0.0035 |g| 0.05 | anchor 0.3569 λ 3.43e-03 (s_L 1.002 s_R 0.896; 1.0=조건과 일치) | critic 0.2451 |g| 3.01 | 1.8s/step | max 27.3GB
[step 190/4000] gen 0.0034 gap 0.0025 |g| 0.10 | anchor 0.2952 λ 9.15e-03 (s_L 0.993 s_R 0.902; 1.0=조건과 일치) | critic 0.2645 |g| 2.82 | 1.8s/step | max 27.3GB
[step 200/4000] gen 0.0032 gap 0.0036 |g| 0.13 | anchor 0.3990 λ 7.17e-03 (s_L 1.005 s_R 0.919; 1.0=조건과 일치) | critic 0.2348 |g| 4.47 | 1.8s/step | max 27.3GB
[DIAG step 200] full-step MSE(x0,z)=0.4425 | std비 full=0.798 1step=0.706 (1.0=teacher 수준, ↓=안개/평균 붕괴) | 뷰비 r student 1.180 vs teacher 1.518 vs GT 0.919
체크포인트 저장: /home/sun4208/Geo4D/dmd_6e/dmd_gen.pt, dmd_fake.pt (step 200)
[step 210/4000] gen 0.0025 gap 0.0040 |g| 0.11 | anchor 0.3524 λ 5.53e-03 (s_L 0.958 s_R 0.927; 1.0=조건과 일치) | critic 0.2735 |g| 3.32 | 1.8s/step | max 27.3GB
[step 220/4000] gen 0.0025 gap 0.0025 |g| 0.13 | anchor 0.3084 λ 7.16e-03 (s_L 1.013 s_R 0.920; 1.0=조건과 일치) | critic 0.2339 |g| 3.05 | 1.8s/step | max 27.3GB
[step 230/4000] gen 0.0013 gap 0.0032 |g| 0.07 | anchor 0.4294 λ 2.75e-03 (s_L 0.943 s_R 0.924; 1.0=조건과 일치) | critic 0.2396 |g| 3.31 | 1.8s/step | max 27.3GB
[step 240/4000] gen 0.0009 gap 0.0032 |g| 0.04 | anchor 0.3587 λ 2.47e-03 (s_L 1.027 s_R 0.769; 1.0=조건과 일치) | critic 0.2505 |g| 5.09 | 1.8s/step | max 27.3GB
[step 250/4000] gen 0.0026 gap 0.0038 |g| 0.19 | anchor 0.4334 λ 4.62e-03 (s_L 0.956 s_R 0.903; 1.0=조건과 일치) | critic 0.2531 |g| 3.19 | 1.8s/step | max 27.3GB
[step 260/4000] gen 0.0012 gap 0.0034 |g| 0.06 | anchor 0.4218 λ 2.54e-03 (s_L 0.976 s_R 0.863; 1.0=조건과 일치) | critic 0.2870 |g| 3.22 | 1.8s/step | max 27.3GB
[step 270/4000] gen 0.0027 gap 0.0052 |g| 0.11 | anchor 0.3107 λ 7.57e-03 (s_L 1.004 s_R 0.901; 1.0=조건과 일치) | critic 0.2253 |g| 4.69 | 1.8s/step | max 27.3GB
[step 280/4000] gen 0.0057 gap 0.0036 |g| 0.19 | anchor 0.3908 λ 1.13e-02 (s_L 0.969 s_R 0.903; 1.0=조건과 일치) | critic 0.2580 |g| 3.28 | 1.8s/step | max 27.3GB
[step 290/4000] gen 0.0025 gap 0.0028 |g| 0.19 | anchor 0.3712 λ 5.64e-03 (s_L 0.961 s_R 0.845; 1.0=조건과 일치) | critic 0.2495 |g| 2.49 | 1.8s/step | max 27.3GB
[step 300/4000] gen 0.0023 gap 0.0050 |g| 0.16 | anchor 0.2601 λ 7.11e-03 (s_L 0.950 s_R 0.912; 1.0=조건과 일치) | critic 0.2726 |g| 4.19 | 1.8s/step | max 27.3GB
[DIAG step 300] full-step MSE(x0,z)=0.4483 | std비 full=0.804 1step=0.705 (1.0=teacher 수준, ↓=안개/평균 붕괴) | 뷰비 r student 1.228 vs teacher 1.518 vs GT 0.919
[step 310/4000] gen 0.0024 gap 0.0044 |g| 0.11 | anchor 0.3411 λ 6.43e-03 (s_L 1.025 s_R 0.789; 1.0=조건과 일치) | critic 0.2289 |g| 3.02 | 1.8s/step | max 27.3GB
[step 320/4000] gen 0.0014 gap 0.0038 |g| 0.06 | anchor 0.3498 λ 3.51e-03 (s_L 0.927 s_R 0.896; 1.0=조건과 일치) | critic 0.2405 |g| 2.44 | 1.8s/step | max 27.3GB
[step 330/4000] gen 0.0025 gap 0.0052 |g| 0.12 | anchor 0.3353 λ 6.61e-03 (s_L 0.963 s_R 0.796; 1.0=조건과 일치) | critic 0.2311 |g| 3.49 | 1.8s/step | max 27.3GB
[step 340/4000] gen 0.0012 gap 0.0033 |g| 0.05 | anchor 0.3610 λ 3.22e-03 (s_L 0.914 s_R 0.922; 1.0=조건과 일치) | critic 0.2513 |g| 2.75 | 1.8s/step | max 27.3GB
[step 350/4000] gen 0.0039 gap 0.0047 |g| 0.30 | anchor 0.2354 λ 1.32e-02 (s_L 1.031 s_R 0.991; 1.0=조건과 일치) | critic 0.2478 |g| 3.35 | 1.8s/step | max 27.3GB
[step 360/4000] gen 0.0038 gap 0.0038 |g| 0.10 | anchor 0.3655 λ 8.62e-03 (s_L 1.013 s_R 0.842; 1.0=조건과 일치) | critic 0.2148 |g| 4.25 | 1.8s/step | max 27.3GB
[step 370/4000] gen 0.0044 gap 0.0043 |g| 0.75 | anchor 0.4132 λ 6.75e-03 (s_L 1.039 s_R 0.737; 1.0=조건과 일치) | critic 0.2870 |g| 3.53 | 1.8s/step | max 27.3GB
[step 380/4000] gen 0.0013 gap 0.0040 |g| 0.05 | anchor 0.3444 λ 3.21e-03 (s_L 0.937 s_R 0.843; 1.0=조건과 일치) | critic 0.2176 |g| 3.90 | 1.8s/step | max 27.3GB
[step 390/4000] gen 0.0038 gap 0.0054 |g| 0.14 | anchor 0.3045 λ 8.59e-03 (s_L 1.029 s_R 0.888; 1.0=조건과 일치) | critic 0.2465 |g| 2.50 | 1.8s/step | max 27.3GB
[step 400/4000] gen 0.0022 gap 0.0052 |g| 0.12 | anchor 0.2240 λ 7.68e-03 (s_L 0.984 s_R 0.946; 1.0=조건과 일치) | critic 0.2291 |g| 3.15 | 1.8s/step | max 27.3GB
[DIAG step 400] full-step MSE(x0,z)=0.4553 | std비 full=0.809 1step=0.703 (1.0=teacher 수준, ↓=안개/평균 붕괴) | 뷰비 r student 1.218 vs teacher 1.518 vs GT 0.919
체크포인트 저장: /home/sun4208/Geo4D/dmd_6e/dmd_gen.pt, dmd_fake.pt (step 400)
[step 410/4000] gen 0.0038 gap 0.0058 |g| 0.29 | anchor 0.3667 λ 7.00e-03 (s_L 0.933 s_R 0.921; 1.0=조건과 일치) | critic 0.2087 |g| 3.47 | 1.8s/step | max 27.3GB
[step 420/4000] gen 0.0023 gap 0.0036 |g| 0.18 | anchor 0.4235 λ 4.05e-03 (s_L 0.928 s_R 0.781; 1.0=조건과 일치) | critic 0.2500 |g| 2.69 | 1.9s/step | max 27.3GB
[step 430/4000] gen 0.0038 gap 0.0049 |g| 0.29 | anchor 0.2217 λ 1.18e-02 (s_L 1.036 s_R 0.984; 1.0=조건과 일치) | critic 0.2659 |g| 2.37 | 1.8s/step | max 27.3GB
[step 440/4000] gen 0.0044 gap 0.0065 |g| 0.18 | anchor 0.2978 λ 1.34e-02 (s_L 0.908 s_R 0.766; 1.0=조건과 일치) | critic 0.2337 |g| 3.60 | 1.9s/step | max 27.3GB
[step 450/4000] gen 0.0064 gap 0.0045 |g| 0.24 | anchor 0.2708 λ 1.62e-02 (s_L 1.020 s_R 0.853; 1.0=조건과 일치) | critic 0.2186 |g| 2.76 | 1.9s/step | max 27.3GB
[step 460/4000] gen 0.0013 gap 0.0034 |g| 0.06 | anchor 0.2700 λ 4.30e-03 (s_L 1.083 s_R 0.934; 1.0=조건과 일치) | critic 0.2331 |g| 2.98 | 1.8s/step | max 27.3GB
[step 470/4000] gen 0.0049 gap 0.0039 |g| 0.14 | anchor 0.3314 λ 1.10e-02 (s_L 0.980 s_R 0.825; 1.0=조건과 일치) | critic 0.2263 |g| 2.79 | 1.8s/step | max 27.3GB
[step 480/4000] gen 0.0035 gap 0.0035 |g| 0.19 | anchor 0.2811 λ 1.11e-02 (s_L 0.931 s_R 0.841; 1.0=조건과 일치) | critic 0.2236 |g| 2.80 | 1.8s/step | max 27.3GB
[step 490/4000] gen 0.0017 gap 0.0040 |g| 0.12 | anchor 0.3791 λ 3.76e-03 (s_L 0.936 s_R 0.760; 1.0=조건과 일치) | critic 0.2275 |g| 3.49 | 1.8s/step | max 27.3GB
[step 500/4000] gen 0.0020 gap 0.0043 |g| 0.19 | anchor 0.3700 λ 4.63e-03 (s_L 0.913 s_R 0.809; 1.0=조건과 일치) | critic 0.2362 |g| 3.45 | 1.8s/step | max 27.3GB
[DIAG step 500] full-step MSE(x0,z)=0.4643 | std비 full=0.820 1step=0.714 (1.0=teacher 수준, ↓=안개/평균 붕괴) | 뷰비 r student 1.238 vs teacher 1.518 vs GT 0.919
[step 510/4000] gen 0.0038 gap 0.0030 |g| 0.23 | anchor 0.2740 λ 1.29e-02 (s_L 0.994 s_R 1.040; 1.0=조건과 일치) | critic 0.2990 |g| 3.54 | 1.9s/step | max 27.3GB
[step 520/4000] gen 0.0032 gap 0.0042 |g| 0.20 | anchor 0.2637 λ 1.27e-02 (s_L 0.978 s_R 0.879; 1.0=조건과 일치) | critic 0.2110 |g| 6.07 | 1.8s/step | max 27.3GB
[step 530/4000] gen 0.0041 gap 0.0025 |g| 0.12 | anchor 0.2891 λ 1.03e-02 (s_L 0.959 s_R 0.909; 1.0=조건과 일치) | critic 0.1975 |g| 2.59 | 1.8s/step | max 27.3GB
[step 540/4000] gen 0.0013 gap 0.0035 |g| 0.07 | anchor 0.3596 λ 3.17e-03 (s_L 1.007 s_R 0.911; 1.0=조건과 일치) | critic 0.2360 |g| 3.05 | 1.8s/step | max 27.3GB
[step 550/4000] gen 0.0016 gap 0.0044 |g| 0.07 | anchor 0.3082 λ 4.20e-03 (s_L 1.075 s_R 0.904; 1.0=조건과 일치) | critic 0.2422 |g| 2.71 | 1.8s/step | max 27.3GB
[step 560/4000] gen 0.0057 gap 0.0044 |g| 0.38 | anchor 0.2238 λ 1.89e-02 (s_L 0.996 s_R 0.952; 1.0=조건과 일치) | critic 0.2123 |g| 2.87 | 1.8s/step | max 27.3GB
[step 570/4000] gen 0.0060 gap 0.0068 |g| 0.27 | anchor 0.3498 λ 1.14e-02 (s_L 1.012 s_R 0.812; 1.0=조건과 일치) | critic 0.1992 |g| 2.75 | 1.8s/step | max 27.3GB
[step 580/4000] gen 0.0028 gap 0.0052 |g| 0.18 | anchor 0.2681 λ 8.42e-03 (s_L 1.015 s_R 0.999; 1.0=조건과 일치) | critic 0.1875 |g| 2.80 | 1.8s/step | max 27.3GB
[step 590/4000] gen 0.0034 gap 0.0048 |g| 0.16 | anchor 0.2503 λ 9.90e-03 (s_L 1.114 s_R 0.960; 1.0=조건과 일치) | critic 0.2040 |g| 6.20 | 1.8s/step | max 27.3GB
[step 600/4000] gen 0.0025 gap 0.0049 |g| 0.14 | anchor 0.2709 λ 7.58e-03 (s_L 0.973 s_R 0.936; 1.0=조건과 일치) | critic 0.2106 |g| 2.28 | 1.8s/step | max 27.3GB
[DIAG step 600] full-step MSE(x0,z)=0.4860 | std비 full=0.842 1step=0.728 (1.0=teacher 수준, ↓=안개/평균 붕괴) | 뷰비 r student 1.285 vs teacher 1.518 vs GT 0.919
체크포인트 저장: /home/sun4208/Geo4D/dmd_6e/dmd_gen.pt, dmd_fake.pt (step 600)
[step 610/4000] gen 0.0015 gap 0.0041 |g| 0.06 | anchor 0.3165 λ 4.43e-03 (s_L 0.936 s_R 0.800; 1.0=조건과 일치) | critic 0.2381 |g| 3.68 | 1.9s/step | max 27.3GB
[step 620/4000] gen 0.0036 gap 0.0061 |g| 0.18 | anchor 0.2870 λ 9.22e-03 (s_L 0.945 s_R 0.879; 1.0=조건과 일치) | critic 0.2130 |g| 2.43 | 1.8s/step | max 27.3GB
[step 630/4000] gen 0.0024 gap 0.0047 |g| 0.26 | anchor 0.2105 λ 9.03e-03 (s_L 0.998 s_R 0.846; 1.0=조건과 일치) | critic 0.2329 |g| 2.62 | 1.8s/step | max 27.3GB
[step 640/4000] gen 0.0027 gap 0.0053 |g| 0.22 | anchor 0.2215 λ 9.88e-03 (s_L 0.936 s_R 0.904; 1.0=조건과 일치) | critic 0.1985 |g| 2.34 | 1.8s/step | max 27.3GB
[step 650/4000] gen 0.0035 gap 0.0056 |g| 0.17 | anchor 0.2239 λ 1.15e-02 (s_L 1.062 s_R 0.886; 1.0=조건과 일치) | critic 0.1867 |g| 2.29 | 1.8s/step | max 27.3GB
[step 660/4000] gen 0.0033 gap 0.0049 |g| 0.26 | anchor 0.2283 λ 1.07e-02 (s_L 0.953 s_R 0.891; 1.0=조건과 일치) | critic 0.2170 |g| 3.03 | 1.8s/step | max 27.3GB
[step 670/4000] gen 0.0014 gap 0.0042 |g| 0.08 | anchor 0.2710 λ 4.49e-03 (s_L 1.025 s_R 0.943; 1.0=조건과 일치) | critic 0.1976 |g| 2.82 | 1.8s/step | max 27.3GB
[step 680/4000] gen 0.0028 gap 0.0046 |g| 0.29 | anchor 0.2126 λ 9.82e-03 (s_L 1.051 s_R 0.919; 1.0=조건과 일치) | critic 0.2002 |g| 2.05 | 1.8s/step | max 27.3GB
[step 690/4000] gen 0.0046 gap 0.0052 |g| 0.41 | anchor 0.2544 λ 1.45e-02 (s_L 0.980 s_R 0.929; 1.0=조건과 일치) | critic 0.1988 |g| 2.41 | 1.8s/step | max 27.3GB
[step 700/4000] gen 0.0037 gap 0.0042 |g| 0.19 | anchor 0.2181 λ 1.28e-02 (s_L 1.159 s_R 1.012; 1.0=조건과 일치) | critic 0.1911 |g| 2.54 | 1.8s/step | max 27.3GB
[DIAG step 700] full-step MSE(x0,z)=0.5102 | std비 full=0.862 1step=0.737 (1.0=teacher 수준, ↓=안개/평균 붕괴) | 뷰비 r student 1.299 vs teacher 1.518 vs GT 0.919
[step 710/4000] gen 0.0053 gap 0.0065 |g| 0.38 | anchor 0.2454 λ 1.50e-02 (s_L 0.949 s_R 0.895; 1.0=조건과 일치) | critic 0.1831 |g| 2.73 | 1.8s/step | max 27.3GB
[step 720/4000] gen 0.0049 gap 0.0064 |g| 0.27 | anchor 0.2329 λ 1.38e-02 (s_L 0.934 s_R 0.875; 1.0=조건과 일치) | critic 0.1916 |g| 2.18 | 1.8s/step | max 27.3GB
[step 730/4000] gen 0.0031 gap 0.0050 |g| 0.12 | anchor 0.3139 λ 7.61e-03 (s_L 0.966 s_R 0.917; 1.0=조건과 일치) | critic 0.2007 |g| 2.54 | 1.8s/step | max 27.3GB
[step 740/4000] gen 0.0023 gap 0.0046 |g| 0.19 | anchor 0.1777 λ 1.02e-02 (s_L 1.008 s_R 0.929; 1.0=조건과 일치) | critic 0.1764 |g| 2.52 | 1.8s/step | max 27.3GB
[step 750/4000] gen 0.0017 gap 0.0042 |g| 0.11 | anchor 0.1711 λ 8.71e-03 (s_L 1.043 s_R 0.915; 1.0=조건과 일치) | critic 0.1717 |g| 2.91 | 1.8s/step | max 27.3GB
[step 760/4000] gen 0.0022 gap 0.0043 |g| 0.19 | anchor 0.1983 λ 9.17e-03 (s_L 1.026 s_R 0.915; 1.0=조건과 일치) | critic 0.1982 |g| 1.89 | 1.8s/step | max 27.3GB
[step 770/4000] gen 0.0051 gap 0.0046 |g| 0.26 | anchor 0.2471 λ 1.43e-02 (s_L 0.967 s_R 0.783; 1.0=조건과 일치) | critic 0.1525 |g| 2.62 | 1.8s/step | max 27.3GB
[step 780/4000] gen 0.0041 gap 0.0054 |g| 0.22 | anchor 0.2270 λ 1.26e-02 (s_L 0.972 s_R 0.840; 1.0=조건과 일치) | critic 0.1743 |g| 2.19 | 1.8s/step | max 27.3GB
[step 790/4000] gen 0.0025 gap 0.0048 |g| 0.14 | anchor 0.2391 λ 7.80e-03 (s_L 0.953 s_R 0.880; 1.0=조건과 일치) | critic 0.1747 |g| 1.91 | 1.8s/step | max 27.3GB
[step 800/4000] gen 0.0027 gap 0.0046 |g| 0.29 | anchor 0.2019 λ 1.04e-02 (s_L 0.977 s_R 0.876; 1.0=조건과 일치) | critic 0.1844 |g| 2.38 | 1.8s/step | max 27.3GB
[DIAG step 800] full-step MSE(x0,z)=0.5390 | std비 full=0.884 1step=0.752 (1.0=teacher 수준, ↓=안개/평균 붕괴) | 뷰비 r student 1.291 vs teacher 1.518 vs GT 0.919
체크포인트 저장: /home/sun4208/Geo4D/dmd_6e/dmd_gen.pt, dmd_fake.pt (step 800)
[step 810/4000] gen 0.0041 gap 0.0048 |g| 0.22 | anchor 0.2065 λ 1.37e-02 (s_L 0.985 s_R 0.901; 1.0=조건과 일치) | critic 0.1553 |g| 2.93 | 1.8s/step | max 27.3GB
[step 820/4000] gen 0.0028 gap 0.0049 |g| 0.18 | anchor 0.1905 λ 1.29e-02 (s_L 0.938 s_R 0.846; 1.0=조건과 일치) | critic 0.1553 |g| 1.74 | 1.8s/step | max 27.3GB
[step 830/4000] gen 0.0033 gap 0.0041 |g| 0.22 | anchor 0.1500 λ 1.54e-02 (s_L 0.990 s_R 0.983; 1.0=조건과 일치) | critic 0.1533 |g| 3.54 | 1.8s/step | max 27.3GB
[step 840/4000] gen 0.0046 gap 0.0019 |g| 0.50 | anchor 0.2344 λ 1.48e-02 (s_L 0.938 s_R 0.826; 1.0=조건과 일치) | critic 0.1351 |g| 1.88 | 1.8s/step | max 27.3GB
[step 850/4000] gen 0.0033 gap 0.0037 |g| 0.21 | anchor 0.2189 λ 1.13e-02 (s_L 0.954 s_R 0.934; 1.0=조건과 일치) | critic 0.1386 |g| 2.50 | 1.8s/step | max 27.3GB
[step 860/4000] gen 0.0027 gap 0.0043 |g| 0.13 | anchor 0.1276 λ 1.57e-02 (s_L 0.986 s_R 0.978; 1.0=조건과 일치) | critic 0.1682 |g| 2.42 | 1.8s/step | max 27.3GB
[step 870/4000] gen 0.0026 gap 0.0049 |g| 0.31 | anchor 0.2640 λ 6.13e-03 (s_L 0.942 s_R 0.808; 1.0=조건과 일치) | critic 0.1495 |g| 1.98 | 1.8s/step | max 27.3GB
[step 880/4000] gen 0.0017 gap 0.0041 |g| 0.12 | anchor 0.1984 λ 6.60e-03 (s_L 0.963 s_R 0.919; 1.0=조건과 일치) | critic 0.1377 |g| 2.04 | 1.8s/step | max 27.3GB
[step 890/4000] gen 0.0031 gap 0.0051 |g| 0.20 | anchor 0.1671 λ 1.31e-02 (s_L 0.985 s_R 0.928; 1.0=조건과 일치) | critic 0.1319 |g| 2.23 | 1.8s/step | max 27.3GB
[step 900/4000] gen 0.0021 gap 0.0044 |g| 0.13 | anchor 0.2577 λ 6.59e-03 (s_L 0.931 s_R 0.822; 1.0=조건과 일치) | critic 0.1271 |g| 2.00 | 1.8s/step | max 27.3GB
[DIAG step 900] full-step MSE(x0,z)=0.5592 | std비 full=0.899 1step=0.755 (1.0=teacher 수준, ↓=안개/평균 붕괴) | 뷰비 r student 1.275 vs teacher 1.518 vs GT 0.919
[step 910/4000] gen 0.0025 gap 0.0051 |g| 0.17 | anchor 0.2138 λ 8.64e-03 (s_L 0.952 s_R 0.898; 1.0=조건과 일치) | critic 0.1434 |g| 2.44 | 1.8s/step | max 27.3GB
[step 920/4000] gen 0.0034 gap 0.0045 |g| 0.37 | anchor 0.1977 λ 1.23e-02 (s_L 0.967 s_R 0.930; 1.0=조건과 일치) | critic 0.1521 |g| 8.48 | 1.8s/step | max 27.3GB
[step 930/4000] gen 0.0026 gap 0.0047 |g| 0.15 | anchor 0.2087 λ 1.05e-02 (s_L 1.000 s_R 0.968; 1.0=조건과 일치) | critic 0.1529 |g| 2.38 | 1.8s/step | max 27.3GB
[step 940/4000] gen 0.0038 gap 0.0045 |g| 0.17 | anchor 0.2569 λ 1.05e-02 (s_L 0.905 s_R 0.822; 1.0=조건과 일치) | critic 0.1706 |g| 2.07 | 1.8s/step | max 27.3GB
[step 950/4000] gen 0.0017 gap 0.0042 |g| 0.12 | anchor 0.1668 λ 8.52e-03 (s_L 0.958 s_R 0.919; 1.0=조건과 일치) | critic 0.1316 |g| 1.77 | 1.8s/step | max 27.3GB
[step 960/4000] gen 0.0017 gap 0.0044 |g| 0.10 | anchor 0.2423 λ 6.13e-03 (s_L 0.953 s_R 0.962; 1.0=조건과 일치) | critic 0.1297 |g| 1.83 | 1.8s/step | max 27.3GB
[step 970/4000] gen 0.0028 gap 0.0053 |g| 0.16 | anchor 0.2196 λ 1.00e-02 (s_L 1.046 s_R 0.935; 1.0=조건과 일치) | critic 0.1166 |g| 2.09 | 1.8s/step | max 27.3GB
[step 980/4000] gen 0.0034 gap 0.0046 |g| 0.21 | anchor 0.2100 λ 1.11e-02 (s_L 1.001 s_R 0.955; 1.0=조건과 일치) | critic 0.1424 |g| 1.98 | 1.8s/step | max 27.3GB
[step 990/4000] gen 0.0026 gap 0.0044 |g| 0.15 | anchor 0.1501 λ 1.40e-02 (s_L 0.987 s_R 0.990; 1.0=조건과 일치) | critic 0.1139 |g| 1.77 | 1.8s/step | max 27.3GB
[step 1000/4000] gen 0.0023 gap 0.0047 |g| 0.19 | anchor 0.1545 λ 1.11e-02 (s_L 1.016 s_R 0.955; 1.0=조건과 일치) | critic 0.1552 |g| 1.90 | 1.8s/step | max 27.3GB
[DIAG step 1000] full-step MSE(x0,z)=0.5807 | std비 full=0.913 1step=0.775 (1.0=teacher 수준, ↓=안개/평균 붕괴) | 뷰비 r student 1.268 vs teacher 1.518 vs GT 0.919
체크포인트 저장: /home/sun4208/Geo4D/dmd_6e/dmd_gen.pt, dmd_fake.pt (step 1000)
[step 1010/4000] gen 0.0022 gap 0.0047 |g| 0.15 | anchor 0.1434 λ 1.15e-02 (s_L 1.079 s_R 0.993; 1.0=조건과 일치) | critic 0.1137 |g| 1.92 | 1.8s/step | max 27.3GB
[step 1020/4000] gen 0.0028 gap 0.0041 |g| 0.23 | anchor 0.1530 λ 1.39e-02 (s_L 1.053 s_R 0.976; 1.0=조건과 일치) | critic 0.1249 |g| 2.02 | 1.8s/step | max 27.3GB
[step 1030/4000] gen 0.0036 gap 0.0054 |g| 0.25 | anchor 0.2471 λ 9.83e-03 (s_L 0.972 s_R 0.893; 1.0=조건과 일치) | critic 0.1130 |g| 1.87 | 1.8s/step | max 27.3GB
[step 1040/4000] gen 0.0022 gap 0.0043 |g| 0.13 | anchor 0.2276 λ 8.37e-03 (s_L 0.946 s_R 0.936; 1.0=조건과 일치) | critic 0.1237 |g| 1.76 | 1.8s/step | max 27.3GB
[step 1050/4000] gen 0.0033 gap 0.0053 |g| 0.25 | anchor 0.1766 λ 1.27e-02 (s_L 1.019 s_R 0.929; 1.0=조건과 일치) | critic 0.1074 |g| 2.73 | 1.8s/step | max 27.3GB
[step 1060/4000] gen 0.0018 gap 0.0048 |g| 0.17 | anchor 0.1334 λ 9.95e-03 (s_L 0.954 s_R 0.958; 1.0=조건과 일치) | critic 0.1278 |g| 1.95 | 1.8s/step | max 27.3GB
[step 1070/4000] gen 0.0030 gap 0.0042 |g| 0.17 | anchor 0.1756 λ 1.50e-02 (s_L 0.975 s_R 0.871; 1.0=조건과 일치) | critic 0.1240 |g| 1.58 | 1.8s/step | max 27.3GB
[step 1080/4000] gen 0.0031 gap 0.0037 |g| 0.15 | anchor 0.1360 λ 1.56e-02 (s_L 1.010 s_R 0.948; 1.0=조건과 일치) | critic 0.1299 |g| 1.57 | 1.8s/step | max 27.3GB
[step 1090/4000] gen 0.0033 gap 0.0041 |g| 0.32 | anchor 0.1562 λ 1.55e-02 (s_L 1.044 s_R 1.039; 1.0=조건과 일치) | critic 0.1172 |g| 1.68 | 1.8s/step | max 27.3GB
[step 1100/4000] gen 0.0030 gap 0.0046 |g| 0.20 | anchor 0.1326 λ 1.57e-02 (s_L 0.982 s_R 0.915; 1.0=조건과 일치) | critic 0.1097 |g| 1.88 | 1.8s/step | max 27.3GB
[DIAG step 1100] full-step MSE(x0,z)=0.6038 | std비 full=0.926 1step=0.786 (1.0=teacher 수준, ↓=안개/평균 붕괴) | 뷰비 r student 1.261 vs teacher 1.518 vs GT 0.919
[step 1110/4000] gen 0.0041 gap 0.0046 |g| 0.24 | anchor 0.1002 λ 2.32e-02 (s_L 1.010 s_R 1.032; 1.0=조건과 일치) | critic 0.1111 |g| 1.45 | 1.8s/step | max 27.3GB
[step 1120/4000] gen 0.0029 gap 0.0051 |g| 0.18 | anchor 0.1640 λ 1.35e-02 (s_L 1.093 s_R 0.966; 1.0=조건과 일치) | critic 0.1158 |g| 1.56 | 1.8s/step | max 27.3GB
[step 1130/4000] gen 0.0031 gap 0.0051 |g| 0.20 | anchor 0.1837 λ 1.24e-02 (s_L 0.991 s_R 0.930; 1.0=조건과 일치) | critic 0.1105 |g| 1.89 | 1.8s/step | max 27.3GB
[step 1140/4000] gen 0.0038 gap 0.0045 |g| 0.65 | anchor 0.2061 λ 1.32e-02 (s_L 0.980 s_R 0.925; 1.0=조건과 일치) | critic 0.0898 |g| 1.60 | 1.8s/step | max 27.3GB
[step 1150/4000] gen 0.0033 gap 0.0052 |g| 0.19 | anchor 0.1711 λ 1.37e-02 (s_L 1.046 s_R 0.999; 1.0=조건과 일치) | critic 0.0821 |g| 1.25 | 1.8s/step | max 27.3GB
[step 1160/4000] gen 0.0045 gap 0.0043 |g| 0.32 | anchor 0.2474 λ 1.27e-02 (s_L 0.895 s_R 0.746; 1.0=조건과 일치) | critic 0.0977 |g| 1.40 | 1.8s/step | max 27.3GB
[step 1170/4000] gen 0.0026 gap 0.0048 |g| 0.15 | anchor 0.1549 λ 1.33e-02 (s_L 0.997 s_R 0.977; 1.0=조건과 일치) | critic 0.1063 |g| 1.87 | 1.8s/step | max 27.3GB
[step 1180/4000] gen 0.0030 gap 0.0041 |g| 0.17 | anchor 0.1315 λ 1.28e-02 (s_L 0.988 s_R 0.903; 1.0=조건과 일치) | critic 0.0921 |g| 1.69 | 1.8s/step | max 27.3GB
[step 1190/4000] gen 0.0041 gap 0.0042 |g| 0.25 | anchor 0.1866 λ 1.56e-02 (s_L 0.957 s_R 0.886; 1.0=조건과 일치) | critic 0.0868 |g| 1.34 | 1.8s/step | max 27.3GB
[step 1200/4000] gen 0.0040 gap 0.0046 |g| 0.60 | anchor 0.1115 λ 2.01e-02 (s_L 0.960 s_R 0.908; 1.0=조건과 일치) | critic 0.0828 |g| 2.71 | 1.8s/step | max 27.3GB
[DIAG step 1200] full-step MSE(x0,z)=0.6263 | std비 full=0.939 1step=0.798 (1.0=teacher 수준, ↓=안개/평균 붕괴) | 뷰비 r student 1.256 vs teacher 1.518 vs GT 0.919
체크포인트 저장: /home/sun4208/Geo4D/dmd_6e/dmd_gen.pt, dmd_fake.pt (step 1200)
[step 1210/4000] gen 0.0033 gap 0.0043 |g| 1.25 | anchor 0.1159 λ 1.63e-02 (s_L 1.020 s_R 1.005; 1.0=조건과 일치) | critic 0.1377 |g| 1.97 | 1.8s/step | max 27.3GB
[step 1220/4000] gen 0.0046 gap 0.0043 |g| 0.28 | anchor 0.1570 λ 1.91e-02 (s_L 0.952 s_R 0.854; 1.0=조건과 일치) | critic 0.0840 |g| 2.22 | 1.8s/step | max 27.3GB
[step 1230/4000] gen 0.0045 gap 0.0044 |g| 0.23 | anchor 0.1505 λ 1.88e-02 (s_L 0.984 s_R 1.037; 1.0=조건과 일치) | critic 0.1126 |g| 1.68 | 1.8s/step | max 27.3GB
[step 1240/4000] gen 0.0040 gap 0.0044 |g| 0.24 | anchor 0.1551 λ 1.80e-02 (s_L 0.968 s_R 0.881; 1.0=조건과 일치) | critic 0.1237 |g| 41.09 | 1.8s/step | max 27.3GB
[step 1250/4000] gen 0.0035 gap 0.0047 |g| 0.15 | anchor 0.1538 λ 1.67e-02 (s_L 0.977 s_R 0.953; 1.0=조건과 일치) | critic 0.1033 |g| 1.82 | 1.8s/step | max 27.3GB
[step 1260/4000] gen 0.0033 gap 0.0057 |g| 0.47 | anchor 0.1582 λ 1.29e-02 (s_L 0.996 s_R 0.941; 1.0=조건과 일치) | critic 0.0879 |g| 6.06 | 1.8s/step | max 27.3GB
[step 1270/4000] gen 0.0040 gap 0.0044 |g| 0.27 | anchor 0.1472 λ 1.74e-02 (s_L 1.011 s_R 0.919; 1.0=조건과 일치) | critic 0.0785 |g| 1.92 | 1.8s/step | max 27.3GB
[step 1280/4000] gen 0.0038 gap 0.0052 |g| 0.18 | anchor 0.1740 λ 1.36e-02 (s_L 0.964 s_R 0.873; 1.0=조건과 일치) | critic 0.1063 |g| 1.44 | 1.8s/step | max 27.3GB
[step 1290/4000] gen 0.0042 gap 0.0047 |g| 0.54 | anchor 0.1453 λ 1.92e-02 (s_L 0.941 s_R 0.954; 1.0=조건과 일치) | critic 0.0695 |g| 1.56 | 1.8s/step | max 27.3GB
[step 1300/4000] gen 0.0033 gap 0.0050 |g| 0.22 | anchor 0.2001 λ 1.15e-02 (s_L 0.957 s_R 0.909; 1.0=조건과 일치) | critic 0.0820 |g| 1.50 | 1.8s/step | max 27.3GB
[DIAG step 1300] full-step MSE(x0,z)=0.6466 | std비 full=0.950 1step=0.811 (1.0=teacher 수준, ↓=안개/평균 붕괴) | 뷰비 r student 1.246 vs teacher 1.518 vs GT 0.919
[step 1310/4000] gen 0.0041 gap 0.0049 |g| 0.28 | anchor 0.0852 λ 2.48e-02 (s_L 0.982 s_R 1.027; 1.0=조건과 일치) | critic 0.0987 |g| 1.51 | 1.8s/step | max 27.3GB
[step 1320/4000] gen 0.0041 gap 0.0044 |g| 0.39 | anchor 0.1141 λ 2.08e-02 (s_L 0.974 s_R 0.969; 1.0=조건과 일치) | critic 0.0894 |g| 1.31 | 1.8s/step | max 27.3GB
[step 1330/4000] gen 0.0039 gap 0.0039 |g| 0.26 | anchor 0.1290 λ 1.99e-02 (s_L 1.060 s_R 1.059; 1.0=조건과 일치) | critic 0.0906 |g| 1.51 | 1.8s/step | max 27.3GB
[step 1340/4000] gen 0.0044 gap 0.0049 |g| 0.23 | anchor 0.1722 λ 1.26e-02 (s_L 1.007 s_R 0.931; 1.0=조건과 일치) | critic 0.0718 |g| 1.22 | 1.8s/step | max 27.3GB
[step 1350/4000] gen 0.0027 gap 0.0045 |g| 1.21 | anchor 0.1214 λ 1.51e-02 (s_L 1.047 s_R 0.937; 1.0=조건과 일치) | critic 0.1091 |g| 1.73 | 1.8s/step | max 27.3GB
[step 1360/4000] gen 0.0031 gap 0.0050 |g| 0.17 | anchor 0.1647 λ 1.39e-02 (s_L 0.998 s_R 0.898; 1.0=조건과 일치) | critic 0.0771 |g| 1.94 | 1.8s/step | max 27.3GB
[step 1370/4000] gen 0.0047 gap 0.0032 |g| 0.34 | anchor 0.1337 λ 2.16e-02 (s_L 1.012 s_R 0.996; 1.0=조건과 일치) | critic 0.0832 |g| 2.62 | 1.8s/step | max 27.3GB
[step 1380/4000] gen 0.0031 gap 0.0049 |g| 0.25 | anchor 0.1422 λ 1.26e-02 (s_L 0.978 s_R 0.953; 1.0=조건과 일치) | critic 0.0693 |g| 2.71 | 1.8s/step | max 27.3GB
[step 1390/4000] gen 0.0043 gap 0.0043 |g| 0.23 | anchor 0.1398 λ 1.96e-02 (s_L 0.946 s_R 0.924; 1.0=조건과 일치) | critic 0.1101 |g| 1.56 | 1.8s/step | max 27.3GB
[step 1400/4000] gen 0.0032 gap 0.0049 |g| 0.17 | anchor 0.1369 λ 1.51e-02 (s_L 0.995 s_R 0.937; 1.0=조건과 일치) | critic 0.0786 |g| 1.36 | 1.8s/step | max 27.3GB
[DIAG step 1400] full-step MSE(x0,z)=0.6609 | std비 full=0.961 1step=0.819 (1.0=teacher 수준, ↓=안개/평균 붕괴) | 뷰비 r student 1.259 vs teacher 1.518 vs GT 0.919
체크포인트 저장: /home/sun4208/Geo4D/dmd_6e/dmd_gen.pt, dmd_fake.pt (step 1400)
[step 1410/4000] gen 0.0035 gap 0.0048 |g| 0.23 | anchor 0.1441 λ 1.49e-02 (s_L 0.992 s_R 0.942; 1.0=조건과 일치) | critic 0.0730 |g| 1.16 | 1.8s/step | max 27.3GB
[step 1420/4000] gen 0.0037 gap 0.0057 |g| 0.23 | anchor 0.1760 λ 1.38e-02 (s_L 0.981 s_R 0.971; 1.0=조건과 일치) | critic 0.0916 |g| 1.28 | 1.8s/step | max 27.3GB
[step 1430/4000] gen 0.0033 gap 0.0050 |g| 0.29 | anchor 0.1485 λ 1.35e-02 (s_L 0.901 s_R 0.868; 1.0=조건과 일치) | critic 0.0686 |g| 1.23 | 1.8s/step | max 27.3GB
[step 1440/4000] gen 0.0044 gap 0.0033 |g| 0.50 | anchor 0.1707 λ 1.84e-02 (s_L 1.050 s_R 0.930; 1.0=조건과 일치) | critic 0.0733 |g| 1.46 | 1.8s/step | max 27.3GB
[step 1450/4000] gen 0.0048 gap 0.0021 |g| 0.28 | anchor 0.1555 λ 1.99e-02 (s_L 0.956 s_R 0.933; 1.0=조건과 일치) | critic 0.0906 |g| 1.35 | 1.8s/step | max 27.3GB
[step 1460/4000] gen 0.0029 gap 0.0053 |g| 0.22 | anchor 0.1395 λ 1.37e-02 (s_L 0.976 s_R 1.025; 1.0=조건과 일치) | critic 0.0949 |g| 1.35 | 1.8s/step | max 27.3GB
[step 1470/4000] gen 0.0038 gap 0.0042 |g| 0.34 | anchor 0.1120 λ 2.00e-02 (s_L 1.093 s_R 1.027; 1.0=조건과 일치) | critic 0.0646 |g| 1.70 | 1.8s/step | max 27.3GB
[step 1480/4000] gen 0.0029 gap 0.0050 |g| 0.21 | anchor 0.1326 λ 1.49e-02 (s_L 1.018 s_R 0.960; 1.0=조건과 일치) | critic 0.0699 |g| 1.31 | 1.8s/step | max 27.3GB
[step 1490/4000] gen 0.0047 gap 0.0054 |g| 0.19 | anchor 0.1324 λ 2.01e-02 (s_L 1.039 s_R 0.970; 1.0=조건과 일치) | critic 0.0735 |g| 1.11 | 1.8s/step | max 27.3GB
[step 1500/4000] gen 0.0038 gap 0.0047 |g| 0.41 | anchor 0.1562 λ 1.56e-02 (s_L 0.968 s_R 0.954; 1.0=조건과 일치) | critic 0.0753 |g| 1.67 | 1.8s/step | max 27.3GB
[DIAG step 1500] full-step MSE(x0,z)=0.6751 | std비 full=0.969 1step=0.830 (1.0=teacher 수준, ↓=안개/평균 붕괴) | 뷰비 r student 1.258 vs teacher 1.518 vs GT 0.919
[step 1510/4000] gen 0.0033 gap 0.0055 |g| 0.27 | anchor 0.1506 λ 1.42e-02 (s_L 0.958 s_R 0.992; 1.0=조건과 일치) | critic 0.0757 |g| 2.03 | 1.8s/step | max 27.3GB
[step 1520/4000] gen 0.0027 gap 0.0047 |g| 0.19 | anchor 0.1125 λ 1.59e-02 (s_L 0.984 s_R 0.985; 1.0=조건과 일치) | critic 0.0502 |g| 0.93 | 1.8s/step | max 27.3GB
[step 1530/4000] gen 0.0034 gap 0.0051 |g| 0.19 | anchor 0.1622 λ 1.40e-02 (s_L 0.977 s_R 0.915; 1.0=조건과 일치) | critic 0.0527 |g| 3.10 | 1.8s/step | max 27.3GB
[step 1540/4000] gen 0.0038 gap 0.0052 |g| 0.22 | anchor 0.1447 λ 1.63e-02 (s_L 0.966 s_R 0.885; 1.0=조건과 일치) | critic 0.0703 |g| 2.23 | 1.8s/step | max 27.3GB
[step 1550/4000] gen 0.0046 gap 0.0051 |g| 0.23 | anchor 0.1435 λ 1.87e-02 (s_L 0.990 s_R 0.967; 1.0=조건과 일치) | critic 0.0694 |g| 1.02 | 1.8s/step | max 27.3GB
[step 1560/4000] gen 0.0050 gap 0.0020 |g| 0.71 | anchor 0.1283 λ 2.45e-02 (s_L 0.963 s_R 0.875; 1.0=조건과 일치) | critic 0.0697 |g| 1.79 | 1.8s/step | max 27.3GB
[step 1570/4000] gen 0.0062 gap 0.0045 |g| 1.16 | anchor 0.1852 λ 1.92e-02 (s_L 0.904 s_R 0.848; 1.0=조건과 일치) | critic 0.0666 |g| 1.27 | 1.8s/step | max 27.3GB
[step 1580/4000] gen 0.0038 gap 0.0031 |g| 0.26 | anchor 0.0935 λ 2.25e-02 (s_L 0.982 s_R 0.980; 1.0=조건과 일치) | critic 0.0482 |g| 0.96 | 1.8s/step | max 27.3GB
[step 1590/4000] gen 0.0053 gap 0.0051 |g| 0.43 | anchor 0.1130 λ 2.28e-02 (s_L 1.003 s_R 0.968; 1.0=조건과 일치) | critic 0.0672 |g| 1.71 | 1.8s/step | max 27.3GB
[step 1600/4000] gen 0.0048 gap 0.0050 |g| 0.22 | anchor 0.1187 λ 2.27e-02 (s_L 0.994 s_R 0.995; 1.0=조건과 일치) | critic 0.0644 |g| 1.38 | 1.8s/step | max 27.3GB
[DIAG step 1600] full-step MSE(x0,z)=0.6863 | std비 full=0.977 1step=0.846 (1.0=teacher 수준, ↓=안개/평균 붕괴) | 뷰비 r student 1.262 vs teacher 1.518 vs GT 0.919
체크포인트 저장: /home/sun4208/Geo4D/dmd_6e/dmd_gen.pt, dmd_fake.pt (step 1600)
[step 1610/4000] gen 0.0049 gap 0.0058 |g| 0.24 | anchor 0.1161 λ 2.13e-02 (s_L 0.965 s_R 0.969; 1.0=조건과 일치) | critic 0.0619 |g| 1.63 | 1.8s/step | max 27.3GB
[step 1620/4000] gen 0.0034 gap 0.0049 |g| 0.25 | anchor 0.1053 λ 1.92e-02 (s_L 1.009 s_R 0.954; 1.0=조건과 일치) | critic 0.0656 |g| 1.10 | 1.8s/step | max 27.3GB
[step 1630/4000] gen 0.0040 gap 0.0035 |g| 0.28 | anchor 0.0771 λ 2.60e-02 (s_L 1.045 s_R 0.991; 1.0=조건과 일치) | critic 0.0992 |g| 1.76 | 1.8s/step | max 27.3GB
[step 1640/4000] gen 0.0042 gap 0.0045 |g| 0.20 | anchor 0.0911 λ 2.52e-02 (s_L 1.019 s_R 1.036; 1.0=조건과 일치) | critic 0.0617 |g| 1.57 | 1.8s/step | max 27.3GB
[step 1650/4000] gen 0.0041 gap 0.0041 |g| 0.24 | anchor 0.1521 λ 1.52e-02 (s_L 0.928 s_R 0.967; 1.0=조건과 일치) | critic 0.0646 |g| 1.21 | 1.8s/step | max 27.3GB
[step 1660/4000] gen 0.0039 gap 0.0048 |g| 0.25 | anchor 0.1233 λ 1.46e-02 (s_L 0.920 s_R 0.945; 1.0=조건과 일치) | critic 0.0790 |g| 1.97 | 1.8s/step | max 27.3GB
[step 1670/4000] gen 0.0029 gap 0.0043 |g| 0.25 | anchor 0.0927 λ 1.58e-02 (s_L 1.017 s_R 1.051; 1.0=조건과 일치) | critic 0.0713 |g| 1.47 | 1.8s/step | max 27.3GB
[step 1680/4000] gen 0.0035 gap 0.0052 |g| 0.17 | anchor 0.0817 λ 2.31e-02 (s_L 1.021 s_R 1.009; 1.0=조건과 일치) | critic 0.0718 |g| 1.59 | 1.8s/step | max 27.3GB
[step 1690/4000] gen 0.0047 gap 0.0048 |g| 0.26 | anchor 0.1439 λ 2.01e-02 (s_L 0.944 s_R 0.934; 1.0=조건과 일치) | critic 0.0800 |g| 1.27 | 1.8s/step | max 27.3GB
[step 1700/4000] gen 0.0042 gap 0.0052 |g| 0.23 | anchor 0.1465 λ 1.76e-02 (s_L 0.995 s_R 0.971; 1.0=조건과 일치) | critic 0.0824 |g| 1.55 | 1.8s/step | max 27.3GB
[DIAG step 1700] full-step MSE(x0,z)=0.6946 | std비 full=0.982 1step=0.852 (1.0=teacher 수준, ↓=안개/평균 붕괴) | 뷰비 r student 1.275 vs teacher 1.518 vs GT 0.919
[step 1710/4000] gen 0.0059 gap 0.0069 |g| 0.32 | anchor 0.1133 λ 2.34e-02 (s_L 1.048 s_R 1.005; 1.0=조건과 일치) | critic 0.0660 |g| 1.14 | 1.8s/step | max 27.3GB
[step 1720/4000] gen 0.0051 gap 0.0039 |g| 0.23 | anchor 0.1404 λ 2.51e-02 (s_L 0.947 s_R 0.911; 1.0=조건과 일치) | critic 0.0567 |g| 1.15 | 1.8s/step | max 27.3GB
[step 1730/4000] gen 0.0037 gap 0.0047 |g| 0.25 | anchor 0.0976 λ 2.09e-02 (s_L 1.048 s_R 0.994; 1.0=조건과 일치) | critic 0.0702 |g| 4.21 | 1.8s/step | max 27.3GB
[step 1740/4000] gen 0.0049 gap 0.0049 |g| 0.17 | anchor 0.1140 λ 2.34e-02 (s_L 0.992 s_R 0.977; 1.0=조건과 일치) | critic 0.0489 |g| 1.20 | 1.8s/step | max 27.3GB
[step 1750/4000] gen 0.0055 gap 0.0053 |g| 0.61 | anchor 0.0830 λ 2.82e-02 (s_L 1.003 s_R 1.028; 1.0=조건과 일치) | critic 0.0470 |g| 1.03 | 1.8s/step | max 27.3GB
[step 1760/4000] gen 0.0040 gap 0.0051 |g| 0.23 | anchor 0.1296 λ 1.94e-02 (s_L 0.972 s_R 0.933; 1.0=조건과 일치) | critic 0.0523 |g| 1.37 | 1.8s/step | max 27.3GB
[step 1770/4000] gen 0.0042 gap 0.0047 |g| 0.19 | anchor 0.1019 λ 2.29e-02 (s_L 0.991 s_R 1.036; 1.0=조건과 일치) | critic 0.0607 |g| 1.27 | 1.8s/step | max 27.3GB
[step 1780/4000] gen 0.0054 gap 0.0055 |g| 0.36 | anchor 0.1389 λ 2.23e-02 (s_L 1.013 s_R 0.942; 1.0=조건과 일치) | critic 0.0781 |g| 1.25 | 1.8s/step | max 27.3GB
[step 1790/4000] gen 0.0054 gap 0.0046 |g| 0.50 | anchor 0.1148 λ 2.35e-02 (s_L 1.018 s_R 0.928; 1.0=조건과 일치) | critic 0.0436 |g| 0.80 | 1.8s/step | max 27.3GB
[step 1800/4000] gen 0.0044 gap 0.0037 |g| 0.28 | anchor 0.1225 λ 2.13e-02 (s_L 0.999 s_R 0.986; 1.0=조건과 일치) | critic 0.0667 |g| 1.27 | 1.8s/step | max 27.3GB
[DIAG step 1800] full-step MSE(x0,z)=0.7052 | std비 full=0.989 1step=0.869 (1.0=teacher 수준, ↓=안개/평균 붕괴) | 뷰비 r student 1.314 vs teacher 1.518 vs GT 0.919
체크포인트 저장: /home/sun4208/Geo4D/dmd_6e/dmd_gen.pt, dmd_fake.pt (step 1800)
[step 1810/4000] gen 0.0050 gap 0.0049 |g| 1.92 | anchor 0.0796 λ 2.73e-02 (s_L 0.996 s_R 0.970; 1.0=조건과 일치) | critic 0.0760 |g| 2.67 | 1.8s/step | max 27.3GB
[step 1820/4000] gen 0.0045 gap 0.0051 |g| 0.38 | anchor 0.0868 λ 2.56e-02 (s_L 1.036 s_R 1.033; 1.0=조건과 일치) | critic 0.0384 |g| 1.43 | 1.8s/step | max 27.3GB
[step 1830/4000] gen 0.0047 gap 0.0053 |g| 0.42 | anchor 0.1355 λ 1.60e-02 (s_L 0.960 s_R 0.962; 1.0=조건과 일치) | critic 0.0658 |g| 1.12 | 1.8s/step | max 27.3GB
[step 1840/4000] gen 0.0045 gap 0.0052 |g| 0.24 | anchor 0.1199 λ 2.22e-02 (s_L 0.993 s_R 0.976; 1.0=조건과 일치) | critic 0.0681 |g| 0.99 | 1.8s/step | max 27.3GB
[step 1850/4000] gen 0.0052 gap 0.0043 |g| 2.13 | anchor 0.0924 λ 2.68e-02 (s_L 1.018 s_R 1.011; 1.0=조건과 일치) | critic 0.0484 |g| 1.16 | 1.8s/step | max 27.3GB
[step 1860/4000] gen 0.0043 gap 0.0052 |g| 0.49 | anchor 0.1142 λ 2.33e-02 (s_L 0.972 s_R 1.016; 1.0=조건과 일치) | critic 0.0552 |g| 1.11 | 1.8s/step | max 27.3GB
[step 1870/4000] gen 0.0044 gap 0.0052 |g| 0.40 | anchor 0.0753 λ 2.59e-02 (s_L 0.991 s_R 0.994; 1.0=조건과 일치) | critic 0.0435 |g| 1.43 | 1.8s/step | max 27.3GB
[step 1880/4000] gen 0.0051 gap 0.0036 |g| 0.75 | anchor 0.1234 λ 2.39e-02 (s_L 1.018 s_R 0.966; 1.0=조건과 일치) | critic 0.0621 |g| 1.03 | 1.8s/step | max 27.3GB
[step 1890/4000] gen 0.0051 gap 0.0051 |g| 0.19 | anchor 0.0819 λ 2.60e-02 (s_L 0.968 s_R 0.993; 1.0=조건과 일치) | critic 0.0685 |g| 0.99 | 1.8s/step | max 27.3GB
[step 1900/4000] gen 0.0047 gap 0.0051 |g| 0.32 | anchor 0.1145 λ 2.03e-02 (s_L 0.944 s_R 0.940; 1.0=조건과 일치) | critic 0.0926 |g| 1.29 | 1.8s/step | max 27.3GB
[DIAG step 1900] full-step MSE(x0,z)=0.7137 | std비 full=0.996 1step=0.877 (1.0=teacher 수준, ↓=안개/평균 붕괴) | 뷰비 r student 1.321 vs teacher 1.518 vs GT 0.919
[step 1910/4000] gen 0.0041 gap 0.0057 |g| 0.25 | anchor 0.1068 λ 2.16e-02 (s_L 0.995 s_R 1.009; 1.0=조건과 일치) | critic 0.0466 |g| 0.95 | 1.8s/step | max 27.3GB
[step 1920/4000] gen 0.0053 gap 0.0049 |g| 0.27 | anchor 0.0554 λ 3.48e-02 (s_L 0.991 s_R 1.011; 1.0=조건과 일치) | critic 0.0378 |g| 1.09 | 1.8s/step | max 27.3GB
[step 1930/4000] gen 0.0041 gap 0.0054 |g| 0.25 | anchor 0.0818 λ 2.10e-02 (s_L 0.987 s_R 0.963; 1.0=조건과 일치) | critic 0.0514 |g| 1.72 | 1.8s/step | max 27.3GB
[step 1940/4000] gen 0.0046 gap 0.0058 |g| 0.36 | anchor 0.0851 λ 2.24e-02 (s_L 1.021 s_R 0.994; 1.0=조건과 일치) | critic 0.0925 |g| 1.32 | 1.8s/step | max 27.3GB
[step 1950/4000] gen 0.0041 gap 0.0052 |g| 0.25 | anchor 0.0812 λ 2.45e-02 (s_L 0.966 s_R 0.994; 1.0=조건과 일치) | critic 0.0387 |g| 0.91 | 1.8s/step | max 27.3GB
[step 1960/4000] gen 0.0048 gap 0.0039 |g| 0.38 | anchor 0.0967 λ 2.49e-02 (s_L 1.022 s_R 1.006; 1.0=조건과 일치) | critic 0.0400 |g| 1.10 | 1.8s/step | max 27.3GB
[step 1970/4000] gen 0.0050 gap 0.0047 |g| 0.25 | anchor 0.1168 λ 2.40e-02 (s_L 0.990 s_R 0.969; 1.0=조건과 일치) | critic 0.0469 |g| 1.50 | 1.8s/step | max 27.3GB
[step 1980/4000] gen 0.0060 gap 0.0050 |g| 0.27 | anchor 0.0791 λ 3.20e-02 (s_L 0.996 s_R 0.969; 1.0=조건과 일치) | critic 0.0370 |g| 1.06 | 1.8s/step | max 27.3GB
[step 1990/4000] gen 0.0048 gap 0.0046 |g| 0.46 | anchor 0.0962 λ 2.48e-02 (s_L 0.970 s_R 0.951; 1.0=조건과 일치) | critic 0.0610 |g| 0.94 | 1.8s/step | max 27.3GB
[step 2000/4000] gen 0.0044 gap 0.0049 |g| 0.59 | anchor 0.1010 λ 1.95e-02 (s_L 0.940 s_R 0.959; 1.0=조건과 일치) | critic 0.0410 |g| 0.91 | 1.8s/step | max 27.3GB
[DIAG step 2000] full-step MSE(x0,z)=0.7228 | std비 full=1.002 1step=0.890 (1.0=teacher 수준, ↓=안개/평균 붕괴) | 뷰비 r student 1.330 vs teacher 1.518 vs GT 0.919
체크포인트 저장: /home/sun4208/Geo4D/dmd_6e/dmd_gen.pt, dmd_fake.pt (step 2000)
[step 2010/4000] gen 0.0040 gap 0.0051 |g| 0.38 | anchor 0.1026 λ 2.13e-02 (s_L 0.965 s_R 0.967; 1.0=조건과 일치) | critic 0.0492 |g| 1.08 | 1.8s/step | max 27.3GB
[step 2020/4000] gen 0.0045 gap 0.0062 |g| 0.31 | anchor 0.0859 λ 2.58e-02 (s_L 1.009 s_R 1.019; 1.0=조건과 일치) | critic 0.0355 |g| 3.36 | 1.8s/step | max 27.3GB
[step 2030/4000] gen 0.0047 gap 0.0048 |g| 0.35 | anchor 0.0679 λ 2.95e-02 (s_L 0.985 s_R 1.017; 1.0=조건과 일치) | critic 0.0683 |g| 1.14 | 1.8s/step | max 27.3GB
[step 2040/4000] gen 0.0047 gap 0.0043 |g| 0.39 | anchor 0.1175 λ 2.00e-02 (s_L 0.988 s_R 0.877; 1.0=조건과 일치) | critic 0.0504 |g| 1.17 | 1.8s/step | max 27.3GB
[step 2050/4000] gen 0.0046 gap 0.0055 |g| 0.35 | anchor 0.0838 λ 2.44e-02 (s_L 1.010 s_R 1.018; 1.0=조건과 일치) | critic 0.0370 |g| 1.00 | 1.8s/step | max 27.3GB
[step 2060/4000] gen 0.0044 gap 0.0054 |g| 0.38 | anchor 0.0687 λ 2.50e-02 (s_L 1.035 s_R 1.022; 1.0=조건과 일치) | critic 0.0410 |g| 0.93 | 1.8s/step | max 27.3GB
[step 2070/4000] gen 0.0047 gap 0.0045 |g| 0.26 | anchor 0.0866 λ 2.39e-02 (s_L 1.004 s_R 0.991; 1.0=조건과 일치) | critic 0.0326 |g| 0.98 | 1.8s/step | max 27.3GB
[step 2080/4000] gen 0.0060 gap 0.0053 |g| 0.95 | anchor 0.0834 λ 3.15e-02 (s_L 1.038 s_R 1.035; 1.0=조건과 일치) | critic 0.0450 |g| 0.95 | 1.8s/step | max 27.3GB
[step 2090/4000] gen 0.0061 gap 0.0059 |g| 0.38 | anchor 0.0531 λ 3.38e-02 (s_L 1.009 s_R 0.999; 1.0=조건과 일치) | critic 0.0317 |g| 1.43 | 1.8s/step | max 27.3GB
[step 2100/4000] gen 0.0047 gap 0.0057 |g| 0.31 | anchor 0.0851 λ 2.37e-02 (s_L 0.978 s_R 1.002; 1.0=조건과 일치) | critic 0.0409 |g| 1.69 | 1.8s/step | max 27.3GB
[DIAG step 2100] full-step MSE(x0,z)=0.7347 | std비 full=1.009 1step=0.900 (1.0=teacher 수준, ↓=안개/평균 붕괴) | 뷰비 r student 1.333 vs teacher 1.518 vs GT 0.919
[step 2110/4000] gen 0.0052 gap 0.0058 |g| 0.31 | anchor 0.0631 λ 3.17e-02 (s_L 0.987 s_R 1.011; 1.0=조건과 일치) | critic 0.0344 |g| 0.81 | 1.8s/step | max 27.3GB
[step 2120/4000] gen 0.0059 gap 0.0053 |g| 0.40 | anchor 0.0965 λ 2.79e-02 (s_L 0.980 s_R 0.967; 1.0=조건과 일치) | critic 0.0328 |g| 0.93 | 1.8s/step | max 27.3GB
[step 2130/4000] gen 0.0062 gap 0.0030 |g| 0.66 | anchor 0.0948 λ 2.81e-02 (s_L 0.965 s_R 0.941; 1.0=조건과 일치) | critic 0.0461 |g| 1.12 | 1.8s/step | max 27.3GB
[step 2140/4000] gen 0.0049 gap 0.0048 |g| 0.37 | anchor 0.0635 λ 3.13e-02 (s_L 1.004 s_R 0.980; 1.0=조건과 일치) | critic 0.0367 |g| 1.07 | 1.8s/step | max 27.3GB
[step 2150/4000] gen 0.0064 gap 0.0053 |g| 0.39 | anchor 0.0804 λ 2.87e-02 (s_L 0.971 s_R 0.938; 1.0=조건과 일치) | critic 0.0321 |g| 0.91 | 1.8s/step | max 27.3GB
[step 2160/4000] gen 0.0038 gap 0.0038 |g| 0.52 | anchor 0.0669 λ 2.67e-02 (s_L 1.069 s_R 1.017; 1.0=조건과 일치) | critic 0.0411 |g| 1.07 | 1.8s/step | max 27.3GB
[step 2170/4000] gen 0.0068 gap 0.0055 |g| 0.50 | anchor 0.0633 λ 3.27e-02 (s_L 1.005 s_R 1.029; 1.0=조건과 일치) | critic 0.0541 |g| 0.80 | 1.8s/step | max 27.3GB
[step 2180/4000] gen 0.0068 gap 0.0050 |g| 0.54 | anchor 0.1128 λ 2.95e-02 (s_L 0.954 s_R 0.999; 1.0=조건과 일치) | critic 0.0621 |g| 1.36 | 1.8s/step | max 27.3GB
[step 2190/4000] gen 0.0053 gap 0.0052 |g| 0.27 | anchor 0.0774 λ 3.00e-02 (s_L 1.005 s_R 1.012; 1.0=조건과 일치) | critic 0.0338 |g| 0.84 | 1.8s/step | max 27.3GB
[step 2200/4000] gen 0.0056 gap 0.0050 |g| 0.33 | anchor 0.0791 λ 2.56e-02 (s_L 0.955 s_R 0.974; 1.0=조건과 일치) | critic 0.0403 |g| 0.88 | 1.8s/step | max 27.3GB
[DIAG step 2200] full-step MSE(x0,z)=0.7450 | std비 full=1.017 1step=0.911 (1.0=teacher 수준, ↓=안개/평균 붕괴) | 뷰비 r student 1.333 vs teacher 1.518 vs GT 0.919
체크포인트 저장: /home/sun4208/Geo4D/dmd_6e/dmd_gen.pt, dmd_fake.pt (step 2200)
[step 2210/4000] gen 0.0052 gap 0.0050 |g| 0.82 | anchor 0.0846 λ 2.58e-02 (s_L 0.965 s_R 0.916; 1.0=조건과 일치) | critic 0.0393 |g| 1.26 | 1.8s/step | max 27.3GB
[step 2220/4000] gen 0.0053 gap 0.0041 |g| 0.28 | anchor 0.0780 λ 2.91e-02 (s_L 1.005 s_R 1.001; 1.0=조건과 일치) | critic 0.0455 |g| 4.80 | 1.8s/step | max 27.3GB
[step 2230/4000] gen 0.0041 gap 0.0035 |g| 0.23 | anchor 0.0752 λ 2.72e-02 (s_L 0.980 s_R 1.001; 1.0=조건과 일치) | critic 0.0484 |g| 1.15 | 1.8s/step | max 27.3GB
[step 2240/4000] gen 0.0059 gap 0.0056 |g| 0.36 | anchor 0.0734 λ 3.26e-02 (s_L 0.997 s_R 1.030; 1.0=조건과 일치) | critic 0.0331 |g| 0.96 | 1.8s/step | max 27.3GB
[step 2250/4000] gen 0.0049 gap 0.0051 |g| 0.29 | anchor 0.0659 λ 3.18e-02 (s_L 1.014 s_R 1.017; 1.0=조건과 일치) | critic 0.0309 |g| 1.27 | 1.8s/step | max 27.3GB
[step 2260/4000] gen 0.0056 gap 0.0043 |g| 0.26 | anchor 0.0824 λ 2.51e-02 (s_L 1.005 s_R 0.994; 1.0=조건과 일치) | critic 0.0304 |g| 1.43 | 1.8s/step | max 27.3GB
[step 2270/4000] gen 0.0051 gap 0.0054 |g| 0.57 | anchor 0.1184 λ 1.92e-02 (s_L 0.898 s_R 0.917; 1.0=조건과 일치) | critic 0.0555 |g| 2.30 | 1.8s/step | max 27.3GB
[step 2280/4000] gen 0.0064 gap 0.0051 |g| 0.43 | anchor 0.0914 λ 2.65e-02 (s_L 0.997 s_R 0.965; 1.0=조건과 일치) | critic 0.0393 |g| 1.69 | 1.8s/step | max 27.3GB
[step 2290/4000] gen 0.0056 gap 0.0043 |g| 1.30 | anchor 0.0836 λ 2.92e-02 (s_L 0.971 s_R 0.957; 1.0=조건과 일치) | critic 0.0412 |g| 1.81 | 1.8s/step | max 27.3GB
[step 2300/4000] gen 0.0060 gap 0.0054 |g| 0.36 | anchor 0.1452 λ 2.19e-02 (s_L 0.972 s_R 0.899; 1.0=조건과 일치) | critic 0.0414 |g| 1.21 | 1.8s/step | max 27.3GB
[DIAG step 2300] full-step MSE(x0,z)=0.7542 | std비 full=1.022 1step=0.922 (1.0=teacher 수준, ↓=안개/평균 붕괴) | 뷰비 r student 1.321 vs teacher 1.518 vs GT 0.919
[step 2310/4000] gen 0.0054 gap 0.0036 |g| 0.27 | anchor 0.1357 λ 1.99e-02 (s_L 0.963 s_R 1.005; 1.0=조건과 일치) | critic 0.0420 |g| 1.05 | 1.8s/step | max 27.3GB
[step 2320/4000] gen 0.0043 gap 0.0039 |g| 0.27 | anchor 0.0721 λ 2.47e-02 (s_L 0.988 s_R 1.039; 1.0=조건과 일치) | critic 0.0498 |g| 0.98 | 1.8s/step | max 27.3GB
[step 2330/4000] gen 0.0048 gap 0.0053 |g| 0.31 | anchor 0.0795 λ 2.80e-02 (s_L 0.972 s_R 1.000; 1.0=조건과 일치) | critic 0.0356 |g| 1.02 | 1.8s/step | max 27.3GB
[step 2340/4000] gen 0.0061 gap 0.0056 |g| 0.40 | anchor 0.1044 λ 2.44e-02 (s_L 0.942 s_R 0.894; 1.0=조건과 일치) | critic 0.0453 |g| 0.86 | 1.8s/step | max 27.3GB
[step 2350/4000] gen 0.0054 gap 0.0056 |g| 0.36 | anchor 0.0787 λ 2.73e-02 (s_L 0.983 s_R 1.004; 1.0=조건과 일치) | critic 0.0396 |g| 1.03 | 1.8s/step | max 27.3GB
[step 2360/4000] gen 0.0058 gap 0.0038 |g| 0.74 | anchor 0.0829 λ 3.02e-02 (s_L 0.981 s_R 0.944; 1.0=조건과 일치) | critic 0.0351 |g| 1.38 | 1.8s/step | max 27.3GB
[step 2370/4000] gen 0.0082 gap 0.0058 |g| 0.39 | anchor 0.1020 λ 2.51e-02 (s_L 0.995 s_R 0.909; 1.0=조건과 일치) | critic 0.0287 |g| 0.83 | 1.8s/step | max 27.3GB
[step 2380/4000] gen 0.0047 gap 0.0057 |g| 0.63 | anchor 0.0799 λ 2.22e-02 (s_L 0.997 s_R 1.013; 1.0=조건과 일치) | critic 0.0332 |g| 1.26 | 1.8s/step | max 27.3GB
[step 2390/4000] gen 0.0057 gap 0.0047 |g| 0.37 | anchor 0.1321 λ 1.90e-02 (s_L 0.973 s_R 0.985; 1.0=조건과 일치) | critic 0.0487 |g| 1.37 | 1.8s/step | max 27.3GB
[step 2400/4000] gen 0.0049 gap 0.0056 |g| 0.24 | anchor 0.0841 λ 1.98e-02 (s_L 0.953 s_R 0.979; 1.0=조건과 일치) | critic 0.0308 |g| 1.50 | 1.8s/step | max 27.3GB
[DIAG step 2400] full-step MSE(x0,z)=0.7631 | std비 full=1.027 1step=0.931 (1.0=teacher 수준, ↓=안개/평균 붕괴) | 뷰비 r student 1.317 vs teacher 1.518 vs GT 0.919
체크포인트 저장: /home/sun4208/Geo4D/dmd_6e/dmd_gen.pt, dmd_fake.pt (step 2400)
[step 2410/4000] gen 0.0053 gap 0.0036 |g| 0.30 | anchor 0.1015 λ 2.45e-02 (s_L 0.999 s_R 1.011; 1.0=조건과 일치) | critic 0.0340 |g| 0.99 | 1.8s/step | max 27.3GB
[step 2420/4000] gen 0.0062 gap 0.0051 |g| 0.48 | anchor 0.0532 λ 3.72e-02 (s_L 0.980 s_R 1.000; 1.0=조건과 일치) | critic 0.0322 |g| 1.21 | 1.8s/step | max 27.3GB
[step 2430/4000] gen 0.0065 gap 0.0056 |g| 1.82 | anchor 0.1033 λ 2.57e-02 (s_L 1.030 s_R 1.019; 1.0=조건과 일치) | critic 0.0275 |g| 0.85 | 1.8s/step | max 27.3GB
[step 2440/4000] gen 0.0062 gap 0.0041 |g| 0.31 | anchor 0.0763 λ 3.21e-02 (s_L 0.960 s_R 0.997; 1.0=조건과 일치) | critic 0.0386 |g| 0.98 | 1.8s/step | max 27.3GB
[step 2450/4000] gen 0.0069 gap 0.0058 |g| 0.66 | anchor 0.1166 λ 2.58e-02 (s_L 1.016 s_R 0.909; 1.0=조건과 일치) | critic 0.0253 |g| 0.89 | 1.8s/step | max 27.3GB
[step 2460/4000] gen 0.0070 gap 0.0058 |g| 0.50 | anchor 0.0723 λ 3.63e-02 (s_L 1.014 s_R 0.993; 1.0=조건과 일치) | critic 0.0350 |g| 1.54 | 1.8s/step | max 27.3GB
[step 2470/4000] gen 0.0067 gap 0.0047 |g| 0.59 | anchor 0.1005 λ 2.75e-02 (s_L 0.916 s_R 0.972; 1.0=조건과 일치) | critic 0.0312 |g| 1.00 | 1.8s/step | max 27.3GB
[step 2480/4000] gen 0.0049 gap 0.0052 |g| 0.51 | anchor 0.0512 λ 3.42e-02 (s_L 1.008 s_R 0.988; 1.0=조건과 일치) | critic 0.0261 |g| 0.76 | 1.8s/step | max 27.3GB
[step 2490/4000] gen 0.0082 gap 0.0055 |g| 0.38 | anchor 0.0719 λ 4.00e-02 (s_L 1.024 s_R 0.982; 1.0=조건과 일치) | critic 0.0427 |g| 0.85 | 1.8s/step | max 27.3GB
[step 2500/4000] gen 0.0050 gap 0.0040 |g| 0.26 | anchor 0.0589 λ 3.34e-02 (s_L 0.967 s_R 0.999; 1.0=조건과 일치) | critic 0.0311 |g| 1.44 | 1.8s/step | max 27.3GB
[DIAG step 2500] full-step MSE(x0,z)=0.7730 | std비 full=1.034 1step=0.942 (1.0=teacher 수준, ↓=안개/평균 붕괴) | 뷰비 r student 1.312 vs teacher 1.518 vs GT 0.919
[step 2510/4000] gen 0.0056 gap 0.0054 |g| 0.45 | anchor 0.0665 λ 3.22e-02 (s_L 1.010 s_R 1.032; 1.0=조건과 일치) | critic 0.0536 |g| 1.09 | 1.8s/step | max 27.3GB
[step 2520/4000] gen 0.0058 gap 0.0055 |g| 0.32 | anchor 0.1114 λ 2.04e-02 (s_L 1.026 s_R 0.997; 1.0=조건과 일치) | critic 0.0543 |g| 0.86 | 1.8s/step | max 27.3GB
[step 2530/4000] gen 0.0047 gap 0.0040 |g| 6.34 | anchor 0.0567 λ 3.18e-02 (s_L 0.972 s_R 1.001; 1.0=조건과 일치) | critic 0.0406 |g| 1.14 | 1.8s/step | max 27.3GB
[step 2540/4000] gen 0.0064 gap 0.0042 |g| 0.40 | anchor 0.1156 λ 2.48e-02 (s_L 0.943 s_R 0.923; 1.0=조건과 일치) | critic 0.0275 |g| 1.00 | 1.8s/step | max 27.3GB
[step 2550/4000] gen 0.0063 gap 0.0043 |g| 0.64 | anchor 0.0825 λ 2.96e-02 (s_L 1.040 s_R 0.978; 1.0=조건과 일치) | critic 0.0459 |g| 1.27 | 1.8s/step | max 27.3GB
[step 2560/4000] gen 0.0065 gap 0.0051 |g| 0.36 | anchor 0.0519 λ 4.18e-02 (s_L 0.995 s_R 1.008; 1.0=조건과 일치) | critic 0.0422 |g| 2.36 | 1.8s/step | max 27.3GB
[step 2570/4000] gen 0.0066 gap 0.0060 |g| 0.46 | anchor 0.1210 λ 2.10e-02 (s_L 0.962 s_R 0.930; 1.0=조건과 일치) | critic 0.0541 |g| 1.25 | 1.8s/step | max 27.3GB
[step 2580/4000] gen 0.0065 gap 0.0050 |g| 0.35 | anchor 0.1026 λ 2.26e-02 (s_L 0.952 s_R 0.986; 1.0=조건과 일치) | critic 0.0380 |g| 0.71 | 1.8s/step | max 27.3GB
[step 2590/4000] gen 0.0044 gap 0.0026 |g| 0.99 | anchor 0.0664 λ 2.82e-02 (s_L 1.021 s_R 1.040; 1.0=조건과 일치) | critic 0.0335 |g| 1.08 | 1.8s/step | max 27.3GB
[step 2600/4000] gen 0.0062 gap 0.0044 |g| 0.38 | anchor 0.0898 λ 2.61e-02 (s_L 0.956 s_R 0.938; 1.0=조건과 일치) | critic 0.0581 |g| 1.14 | 1.8s/step | max 27.3GB
[DIAG step 2600] full-step MSE(x0,z)=0.7844 | std비 full=1.041 1step=0.950 (1.0=teacher 수준, ↓=안개/평균 붕괴) | 뷰비 r student 1.311 vs teacher 1.518 vs GT 0.919
체크포인트 저장: /home/sun4208/Geo4D/dmd_6e/dmd_gen.pt, dmd_fake.pt (step 2600)
[step 2610/4000] gen 0.0078 gap 0.0058 |g| 0.40 | anchor 0.0879 λ 3.10e-02 (s_L 1.004 s_R 0.952; 1.0=조건과 일치) | critic 0.0940 |g| 1.29 | 1.8s/step | max 27.3GB
[step 2620/4000] gen 0.0048 gap 0.0052 |g| 0.57 | anchor 0.0771 λ 2.25e-02 (s_L 0.988 s_R 1.003; 1.0=조건과 일치) | critic 0.0414 |g| 0.75 | 1.8s/step | max 27.3GB
[step 2630/4000] gen 0.0060 gap 0.0055 |g| 0.32 | anchor 0.0491 λ 3.60e-02 (s_L 1.039 s_R 1.006; 1.0=조건과 일치) | critic 0.0215 |g| 0.75 | 1.8s/step | max 27.3GB
[step 2640/4000] gen 0.0060 gap 0.0055 |g| 4.43 | anchor 0.0665 λ 3.04e-02 (s_L 0.983 s_R 1.050; 1.0=조건과 일치) | critic 0.0554 |g| 0.95 | 1.8s/step | max 27.3GB
[step 2650/4000] gen 0.0069 gap 0.0056 |g| 0.35 | anchor 0.0955 λ 2.67e-02 (s_L 0.960 s_R 1.002; 1.0=조건과 일치) | critic 0.0546 |g| 2.56 | 1.8s/step | max 27.3GB
[step 2660/4000] gen 0.0057 gap 0.0057 |g| 0.50 | anchor 0.0892 λ 2.42e-02 (s_L 0.985 s_R 0.993; 1.0=조건과 일치) | critic 0.0260 |g| 0.97 | 1.8s/step | max 27.3GB
[step 2670/4000] gen 0.0081 gap 0.0052 |g| 0.38 | anchor 0.0611 λ 3.88e-02 (s_L 0.995 s_R 1.023; 1.0=조건과 일치) | critic 0.0402 |g| 3.53 | 1.8s/step | max 27.3GB
[step 2680/4000] gen 0.0063 gap 0.0046 |g| 0.49 | anchor 0.1355 λ 2.03e-02 (s_L 0.942 s_R 0.898; 1.0=조건과 일치) | critic 0.0269 |g| 0.88 | 1.8s/step | max 27.3GB
[step 2690/4000] gen 0.0060 gap 0.0056 |g| 0.44 | anchor 0.0419 λ 3.53e-02 (s_L 0.994 s_R 0.992; 1.0=조건과 일치) | critic 0.0750 |g| 1.15 | 1.8s/step | max 27.3GB
[step 2700/4000] gen 0.0068 gap 0.0054 |g| 0.24 | anchor 0.0996 λ 2.80e-02 (s_L 0.944 s_R 0.979; 1.0=조건과 일치) | critic 0.0287 |g| 1.37 | 1.8s/step | max 27.3GB
[DIAG step 2700] full-step MSE(x0,z)=0.7962 | std비 full=1.049 1step=0.964 (1.0=teacher 수준, ↓=안개/평균 붕괴) | 뷰비 r student 1.307 vs teacher 1.518 vs GT 0.919
[step 2710/4000] gen 0.0048 gap 0.0041 |g| 0.30 | anchor 0.0773 λ 2.82e-02 (s_L 0.987 s_R 1.028; 1.0=조건과 일치) | critic 0.0307 |g| 0.84 | 1.8s/step | max 27.3GB
[step 2720/4000] gen 0.0073 gap 0.0056 |g| 0.51 | anchor 0.0714 λ 3.84e-02 (s_L 0.984 s_R 1.004; 1.0=조건과 일치) | critic 0.0408 |g| 2.03 | 1.8s/step | max 27.3GB
[step 2730/4000] gen 0.0068 gap 0.0044 |g| 0.41 | anchor 0.0468 λ 4.17e-02 (s_L 0.999 s_R 1.005; 1.0=조건과 일치) | critic 0.0324 |g| 0.91 | 1.8s/step | max 27.3GB
[step 2740/4000] gen 0.0068 gap 0.0036 |g| 0.67 | anchor 0.0910 λ 3.19e-02 (s_L 0.918 s_R 0.985; 1.0=조건과 일치) | critic 0.0593 |g| 1.01 | 1.8s/step | max 27.3GB
[step 2750/4000] gen 0.0046 gap 0.0048 |g| 0.45 | anchor 0.0880 λ 2.49e-02 (s_L 0.997 s_R 0.967; 1.0=조건과 일치) | critic 0.0289 |g| 1.62 | 1.8s/step | max 27.3GB
[step 2760/4000] gen 0.0063 gap 0.0057 |g| 0.37 | anchor 0.0643 λ 2.83e-02 (s_L 0.992 s_R 0.951; 1.0=조건과 일치) | critic 0.0217 |g| 0.68 | 1.8s/step | max 27.3GB
[step 2770/4000] gen 0.0051 gap 0.0030 |g| 0.36 | anchor 0.0637 λ 3.29e-02 (s_L 0.974 s_R 0.986; 1.0=조건과 일치) | critic 0.0439 |g| 0.86 | 1.8s/step | max 27.3GB
[step 2780/4000] gen 0.0082 gap 0.0058 |g| 0.51 | anchor 0.1227 λ 2.55e-02 (s_L 0.991 s_R 0.932; 1.0=조건과 일치) | critic 0.0388 |g| 0.94 | 1.8s/step | max 27.3GB
[step 2790/4000] gen 0.0053 gap 0.0054 |g| 0.33 | anchor 0.0921 λ 2.69e-02 (s_L 1.020 s_R 1.022; 1.0=조건과 일치) | critic 0.0240 |g| 0.81 | 1.8s/step | max 27.3GB
[step 2800/4000] gen 0.0073 gap 0.0055 |g| 0.43 | anchor 0.0834 λ 3.28e-02 (s_L 0.998 s_R 0.943; 1.0=조건과 일치) | critic 0.0756 |g| 1.00 | 1.8s/step | max 27.3GB
[DIAG step 2800] full-step MSE(x0,z)=0.8083 | std비 full=1.057 1step=0.977 (1.0=teacher 수준, ↓=안개/평균 붕괴) | 뷰비 r student 1.290 vs teacher 1.518 vs GT 0.919
체크포인트 저장: /home/sun4208/Geo4D/dmd_6e/dmd_gen.pt, dmd_fake.pt (step 2800)
[step 2810/4000] gen 0.0068 gap 0.0043 |g| 0.34 | anchor 0.0857 λ 3.62e-02 (s_L 0.998 s_R 1.003; 1.0=조건과 일치) | critic 0.0303 |g| 2.05 | 1.8s/step | max 27.3GB
[step 2820/4000] gen 0.0068 gap 0.0045 |g| 0.33 | anchor 0.0686 λ 3.12e-02 (s_L 0.960 s_R 0.979; 1.0=조건과 일치) | critic 0.0530 |g| 0.97 | 1.8s/step | max 27.3GB
[step 2830/4000] gen 0.0065 gap 0.0050 |g| 0.39 | anchor 0.0693 λ 3.39e-02 (s_L 0.993 s_R 1.031; 1.0=조건과 일치) | critic 0.0623 |g| 1.52 | 1.8s/step | max 27.3GB
[step 2840/4000] gen 0.0064 gap 0.0051 |g| 0.40 | anchor 0.0954 λ 2.69e-02 (s_L 0.960 s_R 0.975; 1.0=조건과 일치) | critic 0.0375 |g| 0.68 | 1.8s/step | max 27.3GB
[step 2850/4000] gen 0.0062 gap 0.0045 |g| 0.43 | anchor 0.1063 λ 2.23e-02 (s_L 0.999 s_R 1.035; 1.0=조건과 일치) | critic 0.0445 |g| 1.68 | 1.8s/step | max 27.3GB
[step 2860/4000] gen 0.0058 gap 0.0051 |g| 0.57 | anchor 0.0696 λ 3.20e-02 (s_L 0.972 s_R 1.030; 1.0=조건과 일치) | critic 0.0526 |g| 0.92 | 1.8s/step | max 27.3GB
[step 2870/4000] gen 0.0062 gap 0.0045 |g| 0.34 | anchor 0.0535 λ 3.10e-02 (s_L 0.996 s_R 1.006; 1.0=조건과 일치) | critic 0.0257 |g| 1.08 | 1.8s/step | max 27.3GB
[step 2880/4000] gen 0.0055 gap 0.0053 |g| 0.48 | anchor 0.0806 λ 2.16e-02 (s_L 0.987 s_R 0.984; 1.0=조건과 일치) | critic 0.0259 |g| 0.74 | 1.8s/step | max 27.3GB
[step 2890/4000] gen 0.0054 gap 0.0050 |g| 0.26 | anchor 0.0530 λ 3.28e-02 (s_L 0.981 s_R 1.014; 1.0=조건과 일치) | critic 0.0339 |g| 2.41 | 1.8s/step | max 27.3GB
[step 2900/4000] gen 0.0043 gap 0.0057 |g| 0.43 | anchor 0.0571 λ 2.64e-02 (s_L 0.987 s_R 0.975; 1.0=조건과 일치) | critic 0.0382 |g| 2.13 | 1.8s/step | max 27.3GB
[DIAG step 2900] full-step MSE(x0,z)=0.8189 | std비 full=1.064 1step=0.990 (1.0=teacher 수준, ↓=안개/평균 붕괴) | 뷰비 r student 1.294 vs teacher 1.518 vs GT 0.919
[step 2910/4000] gen 0.0069 gap 0.0056 |g| 0.55 | anchor 0.0844 λ 3.55e-02 (s_L 0.984 s_R 0.984; 1.0=조건과 일치) | critic 0.0423 |g| 0.73 | 1.8s/step | max 27.3GB
[step 2920/4000] gen 0.0073 gap 0.0052 |g| 0.90 | anchor 0.1000 λ 2.91e-02 (s_L 0.970 s_R 0.989; 1.0=조건과 일치) | critic 0.0310 |g| 0.96 | 1.8s/step | max 27.3GB
[step 2930/4000] gen 0.0072 gap 0.0062 |g| 0.58 | anchor 0.0777 λ 3.01e-02 (s_L 0.948 s_R 0.994; 1.0=조건과 일치) | critic 0.0244 |g| 0.64 | 1.8s/step | max 27.3GB
[step 2940/4000] gen 0.0044 gap 0.0029 |g| 0.36 | anchor 0.0742 λ 2.85e-02 (s_L 0.976 s_R 0.985; 1.0=조건과 일치) | critic 0.0345 |g| 1.55 | 1.8s/step | max 27.3GB
[step 2950/4000] gen 0.0073 gap 0.0057 |g| 0.52 | anchor 0.0851 λ 2.73e-02 (s_L 0.964 s_R 0.978; 1.0=조건과 일치) | critic 0.0311 |g| 0.84 | 1.8s/step | max 27.3GB
[step 2960/4000] gen 0.0057 gap 0.0045 |g| 0.27 | anchor 0.0595 λ 3.04e-02 (s_L 1.006 s_R 0.983; 1.0=조건과 일치) | critic 0.0351 |g| 0.87 | 1.8s/step | max 27.3GB
[step 2970/4000] gen 0.0064 gap 0.0050 |g| 1.12 | anchor 0.0869 λ 2.74e-02 (s_L 0.958 s_R 0.969; 1.0=조건과 일치) | critic 0.0497 |g| 2.14 | 1.8s/step | max 27.3GB
[step 2980/4000] gen 0.0046 gap 0.0041 |g| 0.36 | anchor 0.0754 λ 2.55e-02 (s_L 1.005 s_R 0.943; 1.0=조건과 일치) | critic 0.0485 |g| 3.71 | 1.8s/step | max 27.3GB
[step 2990/4000] gen 0.0064 gap 0.0048 |g| 0.25 | anchor 0.0995 λ 2.48e-02 (s_L 0.956 s_R 1.039; 1.0=조건과 일치) | critic 0.0459 |g| 1.30 | 1.8s/step | max 27.3GB
[step 3000/4000] gen 0.0047 gap 0.0053 |g| 0.45 | anchor 0.0809 λ 2.02e-02 (s_L 0.969 s_R 0.954; 1.0=조건과 일치) | critic 0.0271 |g| 0.67 | 1.8s/step | max 27.3GB
[DIAG step 3000] full-step MSE(x0,z)=0.8288 | std비 full=1.069 1step=1.000 (1.0=teacher 수준, ↓=안개/평균 붕괴) | 뷰비 r student 1.256 vs teacher 1.518 vs GT 0.919
체크포인트 저장: /home/sun4208/Geo4D/dmd_6e/dmd_gen.pt, dmd_fake.pt (step 3000)
[step 3010/4000] gen 0.0080 gap 0.0059 |g| 0.49 | anchor 0.0940 λ 2.99e-02 (s_L 0.976 s_R 1.014; 1.0=조건과 일치) | critic 0.0369 |g| 0.78 | 1.8s/step | max 27.3GB
[step 3020/4000] gen 0.0070 gap 0.0053 |g| 0.53 | anchor 0.1020 λ 2.94e-02 (s_L 0.999 s_R 0.934; 1.0=조건과 일치) | critic 0.0372 |g| 0.84 | 1.8s/step | max 27.3GB
[step 3030/4000] gen 0.0051 gap 0.0055 |g| 0.52 | anchor 0.0677 λ 2.54e-02 (s_L 0.981 s_R 0.960; 1.0=조건과 일치) | critic 0.0257 |g| 0.77 | 1.8s/step | max 27.3GB
[step 3040/4000] gen 0.0041 gap 0.0039 |g| 0.28 | anchor 0.0707 λ 2.39e-02 (s_L 0.982 s_R 1.033; 1.0=조건과 일치) | critic 0.0313 |g| 1.31 | 1.8s/step | max 27.3GB
[step 3050/4000] gen 0.0045 gap 0.0041 |g| 0.54 | anchor 0.0573 λ 2.98e-02 (s_L 0.996 s_R 0.976; 1.0=조건과 일치) | critic 0.0351 |g| 0.79 | 1.8s/step | max 27.3GB
[step 3060/4000] gen 0.0046 gap 0.0051 |g| 0.77 | anchor 0.0829 λ 2.13e-02 (s_L 0.965 s_R 1.021; 1.0=조건과 일치) | critic 0.0341 |g| 1.28 | 1.8s/step | max 27.3GB
[step 3070/4000] gen 0.0060 gap 0.0057 |g| 0.46 | anchor 0.0958 λ 1.95e-02 (s_L 0.953 s_R 0.974; 1.0=조건과 일치) | critic 0.0354 |g| 0.74 | 1.8s/step | max 27.3GB
[step 3080/4000] gen 0.0064 gap 0.0053 |g| 1.03 | anchor 0.0592 λ 3.22e-02 (s_L 0.976 s_R 0.998; 1.0=조건과 일치) | critic 0.0285 |g| 0.61 | 1.8s/step | max 27.3GB
[step 3090/4000] gen 0.0069 gap 0.0055 |g| 0.52 | anchor 0.0583 λ 3.86e-02 (s_L 0.988 s_R 1.020; 1.0=조건과 일치) | critic 0.0279 |g| 1.02 | 1.8s/step | max 27.3GB
[step 3100/4000] gen 0.0040 gap 0.0030 |g| 0.59 | anchor 0.0876 λ 1.95e-02 (s_L 0.964 s_R 1.024; 1.0=조건과 일치) | critic 0.0395 |g| 0.73 | 1.8s/step | max 27.3GB
[DIAG step 3100] full-step MSE(x0,z)=0.8397 | std비 full=1.075 1step=1.011 (1.0=teacher 수준, ↓=안개/평균 붕괴) | 뷰비 r student 1.213 vs teacher 1.518 vs GT 0.919
[step 3110/4000] gen 0.0065 gap 0.0056 |g| 0.97 | anchor 0.0909 λ 3.14e-02 (s_L 0.981 s_R 1.036; 1.0=조건과 일치) | critic 0.0290 |g| 1.04 | 1.8s/step | max 27.3GB
[step 3120/4000] gen 0.0049 gap 0.0041 |g| 0.36 | anchor 0.0490 λ 3.21e-02 (s_L 0.999 s_R 0.992; 1.0=조건과 일치) | critic 0.0293 |g| 0.83 | 1.8s/step | max 27.3GB
[step 3130/4000] gen 0.0065 gap 0.0053 |g| 0.31 | anchor 0.0865 λ 2.79e-02 (s_L 1.000 s_R 0.987; 1.0=조건과 일치) | critic 0.0691 |g| 2.45 | 1.8s/step | max 27.3GB
[step 3140/4000] gen 0.0066 gap 0.0058 |g| 0.97 | anchor 0.1031 λ 2.36e-02 (s_L 0.959 s_R 0.986; 1.0=조건과 일치) | critic 0.0803 |g| 1.07 | 1.8s/step | max 27.3GB
[step 3150/4000] gen 0.0062 gap 0.0056 |g| 0.32 | anchor 0.0717 λ 2.81e-02 (s_L 0.949 s_R 1.049; 1.0=조건과 일치) | critic 0.0372 |g| 0.76 | 1.8s/step | max 27.3GB
[step 3160/4000] gen 0.0041 gap 0.0039 |g| 0.31 | anchor 0.1084 λ 1.81e-02 (s_L 0.989 s_R 0.991; 1.0=조건과 일치) | critic 0.1325 |g| 1.27 | 1.8s/step | max 27.3GB
[step 3170/4000] gen 0.0054 gap 0.0040 |g| 0.51 | anchor 0.1737 λ 1.50e-02 (s_L 0.966 s_R 1.053; 1.0=조건과 일치) | critic 0.0624 |g| 0.94 | 1.8s/step | max 27.3GB
[step 3180/4000] gen 0.0049 gap 0.0055 |g| 0.38 | anchor 0.0703 λ 2.66e-02 (s_L 0.982 s_R 1.016; 1.0=조건과 일치) | critic 0.0315 |g| 1.01 | 1.8s/step | max 27.3GB
[step 3190/4000] gen 0.0058 gap 0.0055 |g| 0.44 | anchor 0.1219 λ 1.81e-02 (s_L 0.941 s_R 0.971; 1.0=조건과 일치) | critic 0.0346 |g| 1.07 | 1.8s/step | max 27.3GB
[step 3200/4000] gen 0.0051 gap 0.0040 |g| 0.31 | anchor 0.0627 λ 3.22e-02 (s_L 0.981 s_R 1.024; 1.0=조건과 일치) | critic 0.0359 |g| 1.16 | 1.8s/step | max 27.3GB
[DIAG step 3200] full-step MSE(x0,z)=0.8506 | std비 full=1.081 1step=1.024 (1.0=teacher 수준, ↓=안개/평균 붕괴) | 뷰비 r student 1.215 vs teacher 1.518 vs GT 0.919
Traceback (most recent call last):
  File "/home/sun4208/4dgen/notebooks/geo4d_dmd_train.py", line 483, in <module>
    save(step)
  File "/home/sun4208/4dgen/notebooks/geo4d_dmd_train.py", line 410, in save
    import shutil; shutil.copy(os.path.join(args.out_dir, "dmd_gen.pt"), os.path.join(args.out_dir, f"dmd_gen_step{step}.pt"))
  File "/home/sun4208/miniconda3/envs/video_policy/lib/python3.10/shutil.py", line 417, in copy
    copyfile(src, dst, follow_symlinks=follow_symlinks)
  File "/home/sun4208/miniconda3/envs/video_policy/lib/python3.10/shutil.py", line 267, in copyfile
    _fastcopy_sendfile(fsrc, fdst)
  File "/home/sun4208/miniconda3/envs/video_policy/lib/python3.10/shutil.py", line 156, in _fastcopy_sendfile
    raise err from None
  File "/home/sun4208/miniconda3/envs/video_policy/lib/python3.10/shutil.py", line 142, in _fastcopy_sendfile
    sent = os.sendfile(outfd, infd, offset, blocksize)
OSError: [Errno 28] No space left on device: '/home/sun4208/Geo4D/dmd_6e/dmd_gen.pt' -> '/home/sun4208/Geo4D/dmd_6e/dmd_gen_step3200.pt'
[1;34mwandb[0m: 
[1;34mwandb[0m: You can sync this run to the cloud by running:
[1;34mwandb[0m: [1mwandb sync /home/sun4208/Geo4D/bench_out/wandb/offline-run-20260824_052628-yassakif[0m
[1;34mwandb[0m: Find logs at: [1;35m../Geo4D/bench_out/wandb/offline-run-20260824_052628-yassakif/logs[0m
TRAIN_6E_DONE
[1/3] 모델·LPIPS 로드
/home/sun4208/miniconda3/envs/video_policy/lib/python3.10/site-packages/lightning_fabric/__init__.py:36: UserWarning: pkg_resources is deprecated as an API. See https://setuptools.pypa.io/en/latest/pkg_resources.html. The pkg_resources package is slated for removal as early as 2025-11-30. Refrain from using this package or pin to Setuptools<81.
  __import__("pkg_resources").declare_namespace(__name__)
/home/sun4208/miniconda3/envs/video_policy/lib/python3.10/site-packages/transformers/utils/generic.py:339: FutureWarning: `torch.utils._pytree._register_pytree_node` is deprecated. Please use `torch.utils._pytree.register_pytree_node` instead.
  _torch_pytree._register_pytree_node(
/home/sun4208/miniconda3/envs/video_policy/lib/python3.10/site-packages/transformers/utils/generic.py:339: FutureWarning: `torch.utils._pytree._register_pytree_node` is deprecated. Please use `torch.utils._pytree.register_pytree_node` instead.
  _torch_pytree._register_pytree_node(
/home/sun4208/miniconda3/envs/video_policy/lib/python3.10/site-packages/transformers/utils/generic.py:339: FutureWarning: `torch.utils._pytree._register_pytree_node` is deprecated. Please use `torch.utils._pytree.register_pytree_node` instead.
  _torch_pytree._register_pytree_node(
no module 'xformers'. Processing without...
--- Logging error ---
no module 'xformers'. Processing without...
--- Logging error ---
/home/sun4208/miniconda3/envs/video_policy/lib/python3.10/site-packages/torchdata/datapipes/__init__.py:18: UserWarning: 
################################################################################
WARNING!
The 'datapipes', 'dataloader2' modules are deprecated and will be removed in a
future torchdata release! Please see https://github.com/pytorch/data/issues/1196
to learn more and leave feedback.
################################################################################

  deprecation_warning()
Global seed set to 42
--- Logging error ---
Traceback (most recent call last):

[1/3] 모델·LPIPS 로드
/home/sun4208/miniconda3/envs/video_policy/lib/python3.10/site-packages/lightning_fabric/__init__.py:36: UserWarning: pkg_resources is deprecated as an API. See https://setuptools.pypa.io/en/latest/pkg_resources.html. The pkg_resources package is slated for removal as early as 2025-11-30. Refrain from using this package or pin to Setuptools<81.
  __import__("pkg_resources").declare_namespace(__name__)
/home/sun4208/miniconda3/envs/video_policy/lib/python3.10/site-packages/transformers/utils/generic.py:339: FutureWarning: `torch.utils._pytree._register_pytree_node` is deprecated. Please use `torch.utils._pytree.register_pytree_node` instead.
  _torch_pytree._register_pytree_node(
/home/sun4208/miniconda3/envs/video_policy/lib/python3.10/site-packages/transformers/utils/generic.py:339: FutureWarning: `torch.utils._pytree._register_pytree_node` is deprecated. Please use `torch.utils._pytree.register_pytree_node` instead.
  _torch_pytree._register_pytree_node(
Error initializing class at workspace.finetune_svd_lightning_workspace.FinetuneSVDLightningWorkspace : Encountered error: `[Errno 28] No space left on device: '/tmp/tmppo1l1bvxwandb-artifacts'` when loading module 'workspace.finetune_svd_lightning_workspace.FinetuneSVDLightningWorkspace'
Traceback (most recent call last):
  File "/home/sun4208/miniconda3/envs/video_policy/lib/python3.10/site-packages/hydra/_internal/utils.py", line 585, in _locate
    import_module(mod)
  File "/home/sun4208/miniconda3/envs/video_policy/lib/python3.10/importlib/__init__.py", line 126, in import_module
    return _bootstrap._gcd_import(name[level:], package, level)
  File "<frozen importlib._bootstrap>", line 1050, in _gcd_import
  File "<frozen importlib._bootstrap>", line 1027, in _find_and_load
  File "<frozen importlib._bootstrap>", line 1006, in _find_and_load_unlocked
  File "<frozen importlib._bootstrap>", line 688, in _load_unlocked
  File "<frozen importlib._bootstrap_external>", line 883, in exec_module
  File "<frozen importlib._bootstrap>", line 241, in _call_with_frames_removed
  File "/home/sun4208/4dgen/workspace/finetune_svd_lightning_workspace.py", line 12, in <module>
    from pytorch_lightning import (
  File "/home/sun4208/miniconda3/envs/video_policy/lib/python3.10/site-packages/pytorch_lightning/__init__.py", line 26, in <module>
    from pytorch_lightning.callbacks import Callback  # noqa: E402
  File "/home/sun4208/miniconda3/envs/video_policy/lib/python3.10/site-packages/pytorch_lightning/callbacks/__init__.py", line 29, in <module>
    from pytorch_lightning.callbacks.pruning import ModelPruning
  File "/home/sun4208/miniconda3/envs/video_policy/lib/python3.10/site-packages/pytorch_lightning/callbacks/pruning.py", line 31, in <module>
    from pytorch_lightning.core.module import LightningModule
  File "/home/sun4208/miniconda3/envs/video_policy/lib/python3.10/site-packages/pytorch_lightning/core/__init__.py", line 16, in <module>
    from pytorch_lightning.core.module import LightningModule
  File "/home/sun4208/miniconda3/envs/video_policy/lib/python3.10/site-packages/pytorch_lightning/core/module.py", line 62, in <module>
    from pytorch_lightning.loggers import Logger
  File "/home/sun4208/miniconda3/envs/video_policy/lib/python3.10/site-packages/pytorch_lightning/loggers/__init__.py", line 22, in <module>


The above exception was the direct cause of the following exception:


ALL_6E_DONE
